AR p24_extender_entity_d881a7e573 structural /scratch/zaki/workspace/pocket_corr/rpoco8_testbench_v11/sysgen/synth_model/rpoco8_testbench_v11.vhd sub02/vhpl295 1324417318
AR xlregister behavior /scratch/zaki/workspace/pocket_corr/rpoco8_testbench_v11/sysgen/synth_model/rpoco8_testbench_v11.vhd sub01/vhpl121 1324417144
EN mlt_11_2_4ed06302eba93f8e NULL /scratch/zaki/workspace/pocket_corr/rpoco8_testbench_v11/sysgen/synth_model/rpoco8_testbench_v11.vhd sub00/vhpl16 1324417039
EN concat_bbc53d9757 NULL /scratch/zaki/workspace/pocket_corr/rpoco8_testbench_v11/sysgen/synth_model/rpoco8_testbench_v11.vhd sub02/vhpl226 1324417249
AR r_edge_detect_entity_d2d38b3264 structural /scratch/zaki/workspace/pocket_corr/rpoco8_testbench_v11/sysgen/synth_model/rpoco8_testbench_v11.vhd sub02/vhpl297 1324417320
EN addsub_542df25df6 NULL /scratch/zaki/workspace/pocket_corr/rpoco8_testbench_v11/sysgen/synth_model/rpoco8_testbench_v11.vhd sub00/vhpl86 1324417109
PB conv_pkg conv_pkg /scratch/zaki/workspace/pocket_corr/rpoco8_testbench_v11/sysgen/synth_model/rpoco8_testbench_v11.vhd sub00/vhpl45 1324417068
EN delay_479574aa10 NULL /scratch/zaki/workspace/pocket_corr/rpoco8_testbench_v11/sysgen/synth_model/rpoco8_testbench_v11.vhd sub02/vhpl232 1324417255
AR delay_c53de546ea behavior /scratch/zaki/workspace/pocket_corr/rpoco8_testbench_v11/sysgen/synth_model/rpoco8_testbench_v11.vhd sub02/vhpl237 1324417260
AR bitbasher_a85d9bdfd2 behavior /scratch/zaki/workspace/pocket_corr/rpoco8_testbench_v11/sysgen/synth_model/rpoco8_testbench_v11.vhd sub01/vhpl157 1324417180
AR mux_9729608ba4 behavior /scratch/zaki/workspace/pocket_corr/rpoco8_testbench_v11/sysgen/synth_model/rpoco8_testbench_v11.vhd sub02/vhpl267 1324417290
EN simple_bram_vacc_entity_4ba107ba2e NULL /scratch/zaki/workspace/pocket_corr/rpoco8_testbench_v11/sysgen/synth_model/rpoco8_testbench_v11.vhd sub03/vhpl322 1324417345
EN sat_entity_8369f531c7 NULL /scratch/zaki/workspace/pocket_corr/rpoco8_testbench_v11/sysgen/synth_model/rpoco8_testbench_v11.vhd sub02/vhpl276 1324417299
EN logical_f1acd27428 NULL /scratch/zaki/workspace/pocket_corr/rpoco8_testbench_v11/sysgen/synth_model/rpoco8_testbench_v11.vhd sub01/vhpl110 1324417133
AR pulse_ext1_entity_adac66eb3d structural /scratch/zaki/workspace/pocket_corr/rpoco8_testbench_v11/sysgen/synth_model/rpoco8_testbench_v11.vhd sub02/vhpl283 1324417306
EN output_entity_3c5ce915bc NULL /scratch/zaki/workspace/pocket_corr/rpoco8_testbench_v11/sysgen/synth_model/rpoco8_testbench_v11.vhd sub02/vhpl288 1324417311
EN mux_286b77e019 NULL /scratch/zaki/workspace/pocket_corr/rpoco8_testbench_v11/sysgen/synth_model/rpoco8_testbench_v11.vhd sub01/vhpl152 1324417175
EN shift_a3d6e8e72f NULL /scratch/zaki/workspace/pocket_corr/rpoco8_testbench_v11/sysgen/synth_model/rpoco8_testbench_v11.vhd sub01/vhpl104 1324417127
EN fft_pol02_imag_entity_ad530b1eb1 NULL /scratch/zaki/workspace/pocket_corr/rpoco8_testbench_v11/sysgen/synth_model/rpoco8_testbench_v11.vhd sub03/vhpl342 1324417365
EN logical_e77c53f8bd NULL /scratch/zaki/workspace/pocket_corr/rpoco8_testbench_v11/sysgen/synth_model/rpoco8_testbench_v11.vhd sub01/vhpl160 1324417183
EN logical_dfe2dded7f NULL /scratch/zaki/workspace/pocket_corr/rpoco8_testbench_v11/sysgen/synth_model/rpoco8_testbench_v11.vhd sub02/vhpl244 1324417267
AR relational_dc801cb463 behavior /scratch/zaki/workspace/pocket_corr/rpoco8_testbench_v11/sysgen/synth_model/rpoco8_testbench_v11.vhd sub01/vhpl177 1324417200
AR cntr_11_0_4bb0cbb813922871 cntr_11_0_4bb0cbb813922871_a /scratch/zaki/workspace/pocket_corr/rpoco8_testbench_v11/sysgen/synth_model/rpoco8_testbench_v11.vhd sub00/vhpl27 1324417050
AR bitbasher_1f3692b5e0 behavior /scratch/zaki/workspace/pocket_corr/rpoco8_testbench_v11/sysgen/synth_model/rpoco8_testbench_v11.vhd sub01/vhpl159 1324417182
EN simple_bram_vacc_entity_a571cb392d NULL /scratch/zaki/workspace/pocket_corr/rpoco8_testbench_v11/sysgen/synth_model/rpoco8_testbench_v11.vhd sub03/vhpl386 1324417409
EN mlt_11_2_22d57f485ffd805c NULL /scratch/zaki/workspace/pocket_corr/rpoco8_testbench_v11/sysgen/synth_model/rpoco8_testbench_v11.vhd sub00/vhpl06 1324417029
AR relational_8759749125 behavior /scratch/zaki/workspace/pocket_corr/rpoco8_testbench_v11/sysgen/synth_model/rpoco8_testbench_v11.vhd sub00/vhpl75 1324417098
EN wgns_entity_1ab29848d8 NULL /scratch/zaki/workspace/pocket_corr/rpoco8_testbench_v11/sysgen/synth_model/rpoco8_testbench_v11.vhd sub03/vhpl310 1324417333
EN constant_c93990e9d7 NULL /scratch/zaki/workspace/pocket_corr/rpoco8_testbench_v11/sysgen/synth_model/rpoco8_testbench_v11.vhd sub02/vhpl204 1324417227
EN xldpram NULL /scratch/zaki/workspace/pocket_corr/rpoco8_testbench_v11/sysgen/synth_model/rpoco8_testbench_v11.vhd sub01/vhpl182 1324417205
AR bitbasher_0b7a692256 behavior /scratch/zaki/workspace/pocket_corr/rpoco8_testbench_v11/sysgen/synth_model/rpoco8_testbench_v11.vhd sub01/vhpl193 1324417216
EN barrel_switcher_entity_8e86ad8b2b NULL /scratch/zaki/workspace/pocket_corr/rpoco8_testbench_v11/sysgen/synth_model/rpoco8_testbench_v11.vhd sub03/vhpl330 1324417353
AR delay_76b1f8d588 behavior /scratch/zaki/workspace/pocket_corr/rpoco8_testbench_v11/sysgen/synth_model/rpoco8_testbench_v11.vhd sub02/vhpl221 1324417244
EN mux_81f00cece7 NULL /scratch/zaki/workspace/pocket_corr/rpoco8_testbench_v11/sysgen/synth_model/rpoco8_testbench_v11.vhd sub01/vhpl190 1324417213
AR xldelay behavior /scratch/zaki/workspace/pocket_corr/rpoco8_testbench_v11/sysgen/synth_model/rpoco8_testbench_v11.vhd sub00/vhpl65 1324417088
EN adc_s_entity_e3597423e7 NULL /scratch/zaki/workspace/pocket_corr/rpoco8_testbench_v11/sysgen/synth_model/rpoco8_testbench_v11.vhd sub02/vhpl278 1324417301
AR adc_s_entity_e3597423e7 structural /scratch/zaki/workspace/pocket_corr/rpoco8_testbench_v11/sysgen/synth_model/rpoco8_testbench_v11.vhd sub02/vhpl279 1324417302
EN xlregister NULL /scratch/zaki/workspace/pocket_corr/rpoco8_testbench_v11/sysgen/synth_model/rpoco8_testbench_v11.vhd sub01/vhpl120 1324417143
AR concat_a1e126f11c behavior /scratch/zaki/workspace/pocket_corr/rpoco8_testbench_v11/sysgen/synth_model/rpoco8_testbench_v11.vhd sub02/vhpl259 1324417282
AR xlconvert behavior /scratch/zaki/workspace/pocket_corr/rpoco8_testbench_v11/sysgen/synth_model/rpoco8_testbench_v11.vhd sub01/vhpl141 1324417164
AR addsub_ae6966ed1c behavior /scratch/zaki/workspace/pocket_corr/rpoco8_testbench_v11/sysgen/synth_model/rpoco8_testbench_v11.vhd sub02/vhpl251 1324417274
EN xldelay NULL /scratch/zaki/workspace/pocket_corr/rpoco8_testbench_v11/sysgen/synth_model/rpoco8_testbench_v11.vhd sub00/vhpl64 1324417087
AR shift_a3d6e8e72f behavior /scratch/zaki/workspace/pocket_corr/rpoco8_testbench_v11/sysgen/synth_model/rpoco8_testbench_v11.vhd sub01/vhpl105 1324417128
AR default_clock_driver structural /scratch/zaki/workspace/pocket_corr/rpoco8_testbench_v11/sysgen/synth_model/rpoco8_testbench_v11_cw.vhd sub04/vhpl401 1324417424
EN xlsprom_dist NULL /scratch/zaki/workspace/pocket_corr/rpoco8_testbench_v11/sysgen/synth_model/rpoco8_testbench_v11.vhd sub02/vhpl224 1324417247
AR mux_bfab03038f behavior /scratch/zaki/workspace/pocket_corr/rpoco8_testbench_v11/sysgen/synth_model/rpoco8_testbench_v11.vhd sub02/vhpl249 1324417272
AR walsh1_entity_32c05d9875 structural /scratch/zaki/workspace/pocket_corr/rpoco8_testbench_v11/sysgen/synth_model/rpoco8_testbench_v11.vhd sub03/vhpl377 1324417400
EN round1_entity_d9ee8b94b2 NULL /scratch/zaki/workspace/pocket_corr/rpoco8_testbench_v11/sysgen/synth_model/rpoco8_testbench_v11.vhd sub03/vhpl336 1324417359
AR constant_fd28b32bf8 behavior /scratch/zaki/workspace/pocket_corr/rpoco8_testbench_v11/sysgen/synth_model/rpoco8_testbench_v11.vhd sub02/vhpl211 1324417234
EN reorder_entity_f8fbd5db9c NULL /scratch/zaki/workspace/pocket_corr/rpoco8_testbench_v11/sysgen/synth_model/rpoco8_testbench_v11.vhd sub03/vhpl362 1324417385
EN input_mux_entity_19565016bf NULL /scratch/zaki/workspace/pocket_corr/rpoco8_testbench_v11/sysgen/synth_model/rpoco8_testbench_v11.vhd sub03/vhpl348 1324417371
EN relational_acb3c05dd0 NULL /scratch/zaki/workspace/pocket_corr/rpoco8_testbench_v11/sysgen/synth_model/rpoco8_testbench_v11.vhd sub01/vhpl148 1324417171
EN tt800_uprng_entity_5ddb2422ae NULL /scratch/zaki/workspace/pocket_corr/rpoco8_testbench_v11/sysgen/synth_model/rpoco8_testbench_v11.vhd sub03/vhpl300 1324417323
AR posedge_entity_7ef8015cc7 structural /scratch/zaki/workspace/pocket_corr/rpoco8_testbench_v11/sysgen/synth_model/rpoco8_testbench_v11.vhd sub02/vhpl281 1324417304
EN mux_2af8d8c05a NULL /scratch/zaki/workspace/pocket_corr/rpoco8_testbench_v11/sysgen/synth_model/rpoco8_testbench_v11.vhd sub02/vhpl200 1324417223
EN sincos_entity_b4f4e7b6b8 NULL /scratch/zaki/workspace/pocket_corr/rpoco8_testbench_v11/sysgen/synth_model/rpoco8_testbench_v11.vhd sub03/vhpl302 1324417325
EN sync_entity_ac6883115c NULL /scratch/zaki/workspace/pocket_corr/rpoco8_testbench_v11/sysgen/synth_model/rpoco8_testbench_v11.vhd sub02/vhpl284 1324417307
EN addsb_11_0_99837fc802519273 NULL /scratch/zaki/workspace/pocket_corr/rpoco8_testbench_v11/sysgen/synth_model/rpoco8_testbench_v11.vhd sub00/vhpl00 1324417023
EN logical_1e8142cab4 NULL /scratch/zaki/workspace/pocket_corr/rpoco8_testbench_v11/sysgen/synth_model/rpoco8_testbench_v11.vhd sub00/vhpl96 1324417119
AR constant_91ef1678ca behavior /scratch/zaki/workspace/pocket_corr/rpoco8_testbench_v11/sysgen/synth_model/rpoco8_testbench_v11.vhd sub01/vhpl189 1324417212
EN sync_delay_en_entity_a5116b47ef NULL /scratch/zaki/workspace/pocket_corr/rpoco8_testbench_v11/sysgen/synth_model/rpoco8_testbench_v11.vhd sub03/vhpl360 1324417383
AR sync_entity_ac6883115c structural /scratch/zaki/workspace/pocket_corr/rpoco8_testbench_v11/sysgen/synth_model/rpoco8_testbench_v11.vhd sub02/vhpl285 1324417308
AR constant_79cd191324 behavior /scratch/zaki/workspace/pocket_corr/rpoco8_testbench_v11/sysgen/synth_model/rpoco8_testbench_v11.vhd sub01/vhpl117 1324417140
EN constant_a803a2dbbb NULL /scratch/zaki/workspace/pocket_corr/rpoco8_testbench_v11/sysgen/synth_model/rpoco8_testbench_v11.vhd sub01/vhpl178 1324417201
EN delay_dc6e12a537 NULL /scratch/zaki/workspace/pocket_corr/rpoco8_testbench_v11/sysgen/synth_model/rpoco8_testbench_v11.vhd sub02/vhpl234 1324417257
AR addsub_41967782b8 behavior /scratch/zaki/workspace/pocket_corr/rpoco8_testbench_v11/sysgen/synth_model/rpoco8_testbench_v11.vhd sub01/vhpl151 1324417174
EN mux_86a34309e7 NULL /scratch/zaki/workspace/pocket_corr/rpoco8_testbench_v11/sysgen/synth_model/rpoco8_testbench_v11.vhd sub01/vhpl114 1324417137
EN shift_9c14cd27bd NULL /scratch/zaki/workspace/pocket_corr/rpoco8_testbench_v11/sysgen/synth_model/rpoco8_testbench_v11.vhd sub01/vhpl106 1324417129
AR xlcounter_limit behavior /scratch/zaki/workspace/pocket_corr/rpoco8_testbench_v11/sysgen/synth_model/rpoco8_testbench_v11.vhd sub01/vhpl143 1324417166
EN logical_80f90b97d0 NULL /scratch/zaki/workspace/pocket_corr/rpoco8_testbench_v11/sysgen/synth_model/rpoco8_testbench_v11.vhd sub00/vhpl68 1324417091
AR led_entity_e51bf9b3ac structural /scratch/zaki/workspace/pocket_corr/rpoco8_testbench_v11/sysgen/synth_model/rpoco8_testbench_v11.vhd sub03/vhpl353 1324417376
AR counter_9b03e3d644 behavior /scratch/zaki/workspace/pocket_corr/rpoco8_testbench_v11/sysgen/synth_model/rpoco8_testbench_v11.vhd sub02/vhpl231 1324417254
EN logical_0fa52c7c40 NULL /scratch/zaki/workspace/pocket_corr/rpoco8_testbench_v11/sysgen/synth_model/rpoco8_testbench_v11.vhd sub00/vhpl98 1324417121
AR aa_entity_1973c2cd86 structural /scratch/zaki/workspace/pocket_corr/rpoco8_testbench_v11/sysgen/synth_model/rpoco8_testbench_v11.vhd sub03/vhpl325 1324417348
EN eq_fft1_entity_2fb49e7f53 NULL /scratch/zaki/workspace/pocket_corr/rpoco8_testbench_v11/sysgen/synth_model/rpoco8_testbench_v11.vhd sub03/vhpl340 1324417363
EN pulse_ext_entity_96c76881de NULL /scratch/zaki/workspace/pocket_corr/rpoco8_testbench_v11/sysgen/synth_model/rpoco8_testbench_v11.vhd sub03/vhpl358 1324417381
AR eq_fft0_entity_a3cb66ad46 structural /scratch/zaki/workspace/pocket_corr/rpoco8_testbench_v11/sysgen/synth_model/rpoco8_testbench_v11.vhd sub03/vhpl339 1324417362
AR mux_acc4af9f66 behavior /scratch/zaki/workspace/pocket_corr/rpoco8_testbench_v11/sysgen/synth_model/rpoco8_testbench_v11.vhd sub01/vhpl171 1324417194
AR shift_9c14cd27bd behavior /scratch/zaki/workspace/pocket_corr/rpoco8_testbench_v11/sysgen/synth_model/rpoco8_testbench_v11.vhd sub01/vhpl107 1324417130
AR delay_bram_entity_8b007fed00 structural /scratch/zaki/workspace/pocket_corr/rpoco8_testbench_v11/sysgen/synth_model/rpoco8_testbench_v11.vhd sub03/vhpl385 1324417408
EN delay_bram_prog_dp1_entity_19442d33d6 NULL /scratch/zaki/workspace/pocket_corr/rpoco8_testbench_v11/sysgen/synth_model/rpoco8_testbench_v11.vhd sub03/vhpl354 1324417377
AR mlt_11_2_0af49143406018f5 mlt_11_2_0af49143406018f5_a /scratch/zaki/workspace/pocket_corr/rpoco8_testbench_v11/sysgen/synth_model/rpoco8_testbench_v11.vhd sub00/vhpl29 1324417052
AR output_entity_3c5ce915bc structural /scratch/zaki/workspace/pocket_corr/rpoco8_testbench_v11/sysgen/synth_model/rpoco8_testbench_v11.vhd sub02/vhpl289 1324417312
AR addsub_8ebe8fc34c behavior /scratch/zaki/workspace/pocket_corr/rpoco8_testbench_v11/sysgen/synth_model/rpoco8_testbench_v11.vhd sub02/vhpl255 1324417278
AR bmg_33_e4cac21e8ed012aa bmg_33_e4cac21e8ed012aa_a /scratch/zaki/workspace/pocket_corr/rpoco8_testbench_v11/sysgen/synth_model/rpoco8_testbench_v11.vhd sub00/vhpl11 1324417034
AR cntr_11_0_f233f255cb1ca263 cntr_11_0_f233f255cb1ca263_a /scratch/zaki/workspace/pocket_corr/rpoco8_testbench_v11/sysgen/synth_model/rpoco8_testbench_v11.vhd sub00/vhpl39 1324417062
EN bmg_33_ea3aeec639126d38 NULL /scratch/zaki/workspace/pocket_corr/rpoco8_testbench_v11/sysgen/synth_model/rpoco8_testbench_v11.vhd sub00/vhpl20 1324417043
AR sat_entity_8369f531c7 structural /scratch/zaki/workspace/pocket_corr/rpoco8_testbench_v11/sysgen/synth_model/rpoco8_testbench_v11.vhd sub02/vhpl277 1324417300
EN xlconvert NULL /scratch/zaki/workspace/pocket_corr/rpoco8_testbench_v11/sysgen/synth_model/rpoco8_testbench_v11.vhd sub01/vhpl140 1324417163
EN real_entity_bff11737b3 NULL /scratch/zaki/workspace/pocket_corr/rpoco8_testbench_v11/sysgen/synth_model/rpoco8_testbench_v11.vhd sub03/vhpl316 1324417339
EN real_entity_1be9511e3a NULL /scratch/zaki/workspace/pocket_corr/rpoco8_testbench_v11/sysgen/synth_model/rpoco8_testbench_v11.vhd sub03/vhpl382 1324417405
AR constant_f8d41441cb behavior /scratch/zaki/workspace/pocket_corr/rpoco8_testbench_v11/sysgen/synth_model/rpoco8_testbench_v11.vhd sub01/vhpl101 1324417124
EN constant_6293007044 NULL /scratch/zaki/workspace/pocket_corr/rpoco8_testbench_v11/sysgen/synth_model/rpoco8_testbench_v11.vhd sub00/vhpl82 1324417105
EN concat_32afb77cd2 NULL /scratch/zaki/workspace/pocket_corr/rpoco8_testbench_v11/sysgen/synth_model/rpoco8_testbench_v11.vhd sub01/vhpl164 1324417187
EN negate_c4f0d4a411 NULL /scratch/zaki/workspace/pocket_corr/rpoco8_testbench_v11/sysgen/synth_model/rpoco8_testbench_v11.vhd sub02/vhpl202 1324417225
AR pulse_ext_entity_6bd1940d33 structural /scratch/zaki/workspace/pocket_corr/rpoco8_testbench_v11/sysgen/synth_model/rpoco8_testbench_v11.vhd sub03/vhpl321 1324417344
EN relational_8759749125 NULL /scratch/zaki/workspace/pocket_corr/rpoco8_testbench_v11/sysgen/synth_model/rpoco8_testbench_v11.vhd sub00/vhpl74 1324417097
EN constant_7a5a41eeb1 NULL /scratch/zaki/workspace/pocket_corr/rpoco8_testbench_v11/sysgen/synth_model/rpoco8_testbench_v11.vhd sub01/vhpl102 1324417125
EN constant_fd28b32bf8 NULL /scratch/zaki/workspace/pocket_corr/rpoco8_testbench_v11/sysgen/synth_model/rpoco8_testbench_v11.vhd sub02/vhpl210 1324417233
AR constant_b895d092a0 behavior /scratch/zaki/workspace/pocket_corr/rpoco8_testbench_v11/sysgen/synth_model/rpoco8_testbench_v11.vhd sub02/vhpl261 1324417284
EN cmult_4bit_em_entity_8559f8a73e NULL /scratch/zaki/workspace/pocket_corr/rpoco8_testbench_v11/sysgen/synth_model/rpoco8_testbench_v11.vhd sub03/vhpl314 1324417337
AR delay_dc6e12a537 behavior /scratch/zaki/workspace/pocket_corr/rpoco8_testbench_v11/sysgen/synth_model/rpoco8_testbench_v11.vhd sub02/vhpl235 1324417258
AR bmg_33_d9b3e13a04ce0977 bmg_33_d9b3e13a04ce0977_a /scratch/zaki/workspace/pocket_corr/rpoco8_testbench_v11/sysgen/synth_model/rpoco8_testbench_v11.vhd sub00/vhpl31 1324417054
EN relational_50d6ab372f NULL /scratch/zaki/workspace/pocket_corr/rpoco8_testbench_v11/sysgen/synth_model/rpoco8_testbench_v11.vhd sub00/vhpl62 1324417085
AR mux_81f00cece7 behavior /scratch/zaki/workspace/pocket_corr/rpoco8_testbench_v11/sysgen/synth_model/rpoco8_testbench_v11.vhd sub01/vhpl191 1324417214
EN fft_1024ch_core NULL /scratch/zaki/workspace/pocket_corr/rpoco8_testbench_v11/sysgen/synth_model/rpoco8_testbench_v11.vhd sub02/vhpl275 1324417298
AR constant_c50603e098 behavior /scratch/zaki/workspace/pocket_corr/rpoco8_testbench_v11/sysgen/synth_model/rpoco8_testbench_v11.vhd sub00/vhpl71 1324417094
AR reinterpret_d109c65ff6 behavior /scratch/zaki/workspace/pocket_corr/rpoco8_testbench_v11/sysgen/synth_model/rpoco8_testbench_v11.vhd sub01/vhpl185 1324417208
AR reinterpret_573890e1c0 behavior /scratch/zaki/workspace/pocket_corr/rpoco8_testbench_v11/sysgen/synth_model/rpoco8_testbench_v11.vhd sub00/vhpl85 1324417108
AR logical_80f90b97d0 behavior /scratch/zaki/workspace/pocket_corr/rpoco8_testbench_v11/sysgen/synth_model/rpoco8_testbench_v11.vhd sub00/vhpl69 1324417092
AR adc0_3_entity_7e8f06c2ce structural /scratch/zaki/workspace/pocket_corr/rpoco8_testbench_v11/sysgen/synth_model/rpoco8_testbench_v11.vhd sub03/vhpl329 1324417352
EN xlspram NULL /scratch/zaki/workspace/pocket_corr/rpoco8_testbench_v11/sysgen/synth_model/rpoco8_testbench_v11.vhd sub01/vhpl144 1324417167
AR delay_479574aa10 behavior /scratch/zaki/workspace/pocket_corr/rpoco8_testbench_v11/sysgen/synth_model/rpoco8_testbench_v11.vhd sub02/vhpl233 1324417256
AR bitbasher_5b1e76c782 behavior /scratch/zaki/workspace/pocket_corr/rpoco8_testbench_v11/sysgen/synth_model/rpoco8_testbench_v11.vhd sub02/vhpl247 1324417270
AR concat_364e99894a behavior /scratch/zaki/workspace/pocket_corr/rpoco8_testbench_v11/sysgen/synth_model/rpoco8_testbench_v11.vhd sub02/vhpl229 1324417252
AR simple_bram_vacc_entity_a571cb392d structural /scratch/zaki/workspace/pocket_corr/rpoco8_testbench_v11/sysgen/synth_model/rpoco8_testbench_v11.vhd sub03/vhpl387 1324417410
AR negate_c4f0d4a411 behavior /scratch/zaki/workspace/pocket_corr/rpoco8_testbench_v11/sysgen/synth_model/rpoco8_testbench_v11.vhd sub02/vhpl203 1324417226
EN reinterpret_d51df7ac30 NULL /scratch/zaki/workspace/pocket_corr/rpoco8_testbench_v11/sysgen/synth_model/rpoco8_testbench_v11.vhd sub02/vhpl242 1324417265
AR delay_bram_entity_e0877c919e structural /scratch/zaki/workspace/pocket_corr/rpoco8_testbench_v11/sysgen/synth_model/rpoco8_testbench_v11.vhd sub03/vhpl319 1324417342
EN mux_9729608ba4 NULL /scratch/zaki/workspace/pocket_corr/rpoco8_testbench_v11/sysgen/synth_model/rpoco8_testbench_v11.vhd sub02/vhpl266 1324417289
AR logical_aacf6e1b0e behavior /scratch/zaki/workspace/pocket_corr/rpoco8_testbench_v11/sysgen/synth_model/rpoco8_testbench_v11.vhd sub02/vhpl213 1324417236
AR expr_52ec6336d5 behavior /scratch/zaki/workspace/pocket_corr/rpoco8_testbench_v11/sysgen/synth_model/rpoco8_testbench_v11.vhd sub01/vhpl125 1324417148
AR xladdsub behavior /scratch/zaki/workspace/pocket_corr/rpoco8_testbench_v11/sysgen/synth_model/rpoco8_testbench_v11.vhd sub02/vhpl257 1324417280
AR logical_1e8142cab4 behavior /scratch/zaki/workspace/pocket_corr/rpoco8_testbench_v11/sysgen/synth_model/rpoco8_testbench_v11.vhd sub00/vhpl97 1324417120
AR muxin0_entity_4d9ac5c75c structural /scratch/zaki/workspace/pocket_corr/rpoco8_testbench_v11/sysgen/synth_model/rpoco8_testbench_v11.vhd sub03/vhpl347 1324417370
AR acc_num_entity_fa3a1745e9 structural /scratch/zaki/workspace/pocket_corr/rpoco8_testbench_v11/sysgen/synth_model/rpoco8_testbench_v11.vhd sub03/vhpl327 1324417350
AR aa_entity_83d96afb65 structural /scratch/zaki/workspace/pocket_corr/rpoco8_testbench_v11/sysgen/synth_model/rpoco8_testbench_v11.vhd sub03/vhpl389 1324417412
AR cntr_11_0_86f7251946088efb cntr_11_0_86f7251946088efb_a /scratch/zaki/workspace/pocket_corr/rpoco8_testbench_v11/sysgen/synth_model/rpoco8_testbench_v11.vhd sub00/vhpl15 1324417038
AR bmg_33_7de9efda5baafcf4 bmg_33_7de9efda5baafcf4_a /scratch/zaki/workspace/pocket_corr/rpoco8_testbench_v11/sysgen/synth_model/rpoco8_testbench_v11.vhd sub00/vhpl41 1324417064
AR addsub_b6f2d3b6eb behavior /scratch/zaki/workspace/pocket_corr/rpoco8_testbench_v11/sysgen/synth_model/rpoco8_testbench_v11.vhd sub02/vhpl253 1324417276
AR relational_97c9d52516 behavior /scratch/zaki/workspace/pocket_corr/rpoco8_testbench_v11/sysgen/synth_model/rpoco8_testbench_v11.vhd sub02/vhpl273 1324417296
EN expr_52ec6336d5 NULL /scratch/zaki/workspace/pocket_corr/rpoco8_testbench_v11/sysgen/synth_model/rpoco8_testbench_v11.vhd sub01/vhpl124 1324417147
AR not_or_not_entity_8c5e725a77 structural /scratch/zaki/workspace/pocket_corr/rpoco8_testbench_v11/sysgen/synth_model/rpoco8_testbench_v11.vhd sub03/vhpl357 1324417380
AR cntr_11_0_29076546cca80226 cntr_11_0_29076546cca80226_a /scratch/zaki/workspace/pocket_corr/rpoco8_testbench_v11/sysgen/synth_model/rpoco8_testbench_v11.vhd sub00/vhpl13 1324417036
AR relational_b293ef57c5 behavior /scratch/zaki/workspace/pocket_corr/rpoco8_testbench_v11/sysgen/synth_model/rpoco8_testbench_v11.vhd sub02/vhpl207 1324417230
EN xlslice NULL /scratch/zaki/workspace/pocket_corr/rpoco8_testbench_v11/sysgen/synth_model/rpoco8_testbench_v11.vhd sub00/vhpl78 1324417101
AR cntr_11_0_05e2750227d8d748 cntr_11_0_05e2750227d8d748_a /scratch/zaki/workspace/pocket_corr/rpoco8_testbench_v11/sysgen/synth_model/rpoco8_testbench_v11.vhd sub00/vhpl09 1324417032
EN constant_e8aae5d3bb NULL /scratch/zaki/workspace/pocket_corr/rpoco8_testbench_v11/sysgen/synth_model/rpoco8_testbench_v11.vhd sub00/vhpl56 1324417079
EN mux_52ae77d946 NULL /scratch/zaki/workspace/pocket_corr/rpoco8_testbench_v11/sysgen/synth_model/rpoco8_testbench_v11.vhd sub01/vhpl112 1324417135
EN mux_1bef4ba0e4 NULL /scratch/zaki/workspace/pocket_corr/rpoco8_testbench_v11/sysgen/synth_model/rpoco8_testbench_v11.vhd sub00/vhpl76 1324417099
AR cmult_4bit_em_entity_a9772c0a44 structural /scratch/zaki/workspace/pocket_corr/rpoco8_testbench_v11/sysgen/synth_model/rpoco8_testbench_v11.vhd sub03/vhpl381 1324417404
AR real_entity_1be9511e3a structural /scratch/zaki/workspace/pocket_corr/rpoco8_testbench_v11/sysgen/synth_model/rpoco8_testbench_v11.vhd sub03/vhpl383 1324417406
EN wgn_entity_61d53da098 NULL /scratch/zaki/workspace/pocket_corr/rpoco8_testbench_v11/sysgen/synth_model/rpoco8_testbench_v11.vhd sub03/vhpl306 1324417329
EN bmg_33_d9b3e13a04ce0977 NULL /scratch/zaki/workspace/pocket_corr/rpoco8_testbench_v11/sysgen/synth_model/rpoco8_testbench_v11.vhd sub00/vhpl30 1324417053
AR addsub_4ded11ba54 behavior /scratch/zaki/workspace/pocket_corr/rpoco8_testbench_v11/sysgen/synth_model/rpoco8_testbench_v11.vhd sub01/vhpl137 1324417160
EN codes_entity_9fb2d05802 NULL /scratch/zaki/workspace/pocket_corr/rpoco8_testbench_v11/sysgen/synth_model/rpoco8_testbench_v11.vhd sub03/vhpl374 1324417397
AR constant_f5d769813d behavior /scratch/zaki/workspace/pocket_corr/rpoco8_testbench_v11/sysgen/synth_model/rpoco8_testbench_v11.vhd sub00/vhpl89 1324417112
AR eq_fft1_entity_2fb49e7f53 structural /scratch/zaki/workspace/pocket_corr/rpoco8_testbench_v11/sysgen/synth_model/rpoco8_testbench_v11.vhd sub03/vhpl341 1324417364
EN bitbasher_0b7a692256 NULL /scratch/zaki/workspace/pocket_corr/rpoco8_testbench_v11/sysgen/synth_model/rpoco8_testbench_v11.vhd sub01/vhpl192 1324417215
AR convert_func_call behavior /scratch/zaki/workspace/pocket_corr/rpoco8_testbench_v11/sysgen/synth_model/rpoco8_testbench_v11.vhd sub01/vhpl139 1324417162
EN xlsprom NULL /scratch/zaki/workspace/pocket_corr/rpoco8_testbench_v11/sysgen/synth_model/rpoco8_testbench_v11.vhd sub01/vhpl128 1324417151
EN constant_ebdfb0074f NULL /scratch/zaki/workspace/pocket_corr/rpoco8_testbench_v11/sysgen/synth_model/rpoco8_testbench_v11.vhd sub02/vhpl262 1324417285
EN u2n_entity_7a3f6ed825 NULL /scratch/zaki/workspace/pocket_corr/rpoco8_testbench_v11/sysgen/synth_model/rpoco8_testbench_v11.vhd sub03/vhpl304 1324417327
AR relational_acb3c05dd0 behavior /scratch/zaki/workspace/pocket_corr/rpoco8_testbench_v11/sysgen/synth_model/rpoco8_testbench_v11.vhd sub01/vhpl149 1324417172
AR logical_dfe2dded7f behavior /scratch/zaki/workspace/pocket_corr/rpoco8_testbench_v11/sysgen/synth_model/rpoco8_testbench_v11.vhd sub02/vhpl245 1324417268
AR reorder_entity_f8fbd5db9c structural /scratch/zaki/workspace/pocket_corr/rpoco8_testbench_v11/sysgen/synth_model/rpoco8_testbench_v11.vhd sub03/vhpl363 1324417386
AR mux_387191112d behavior /scratch/zaki/workspace/pocket_corr/rpoco8_testbench_v11/sysgen/synth_model/rpoco8_testbench_v11.vhd sub00/vhpl61 1324417084
AR shift_82822b2849 behavior /scratch/zaki/workspace/pocket_corr/rpoco8_testbench_v11/sysgen/synth_model/rpoco8_testbench_v11.vhd sub01/vhpl119 1324417142
AR delay_bram_prog_dp1_entity_19442d33d6 structural /scratch/zaki/workspace/pocket_corr/rpoco8_testbench_v11/sysgen/synth_model/rpoco8_testbench_v11.vhd sub03/vhpl355 1324417378
AR insel_entity_817c09d0fc structural /scratch/zaki/workspace/pocket_corr/rpoco8_testbench_v11/sysgen/synth_model/rpoco8_testbench_v11.vhd sub03/vhpl351 1324417374
AR xlsprom behavior /scratch/zaki/workspace/pocket_corr/rpoco8_testbench_v11/sysgen/synth_model/rpoco8_testbench_v11.vhd sub01/vhpl129 1324417152
EN walsh1_entity_32c05d9875 NULL /scratch/zaki/workspace/pocket_corr/rpoco8_testbench_v11/sysgen/synth_model/rpoco8_testbench_v11.vhd sub03/vhpl376 1324417399
AR xlsprom_dist behavior /scratch/zaki/workspace/pocket_corr/rpoco8_testbench_v11/sysgen/synth_model/rpoco8_testbench_v11.vhd sub02/vhpl225 1324417248
EN delay_0341f7be44 NULL /scratch/zaki/workspace/pocket_corr/rpoco8_testbench_v11/sysgen/synth_model/rpoco8_testbench_v11.vhd sub02/vhpl222 1324417245
AR convert_entity_e0e37c2708 structural /scratch/zaki/workspace/pocket_corr/rpoco8_testbench_v11/sysgen/synth_model/rpoco8_testbench_v11.vhd sub02/vhpl287 1324417310
AR bmg_33_4c2b84f72036519d bmg_33_4c2b84f72036519d_a /scratch/zaki/workspace/pocket_corr/rpoco8_testbench_v11/sysgen/synth_model/rpoco8_testbench_v11.vhd sub00/vhpl37 1324417060
AR addsub_5a49cc39ae behavior /scratch/zaki/workspace/pocket_corr/rpoco8_testbench_v11/sysgen/synth_model/rpoco8_testbench_v11.vhd sub01/vhpl197 1324417220
EN constant_f5d769813d NULL /scratch/zaki/workspace/pocket_corr/rpoco8_testbench_v11/sysgen/synth_model/rpoco8_testbench_v11.vhd sub00/vhpl88 1324417111
EN mux_bfab03038f NULL /scratch/zaki/workspace/pocket_corr/rpoco8_testbench_v11/sysgen/synth_model/rpoco8_testbench_v11.vhd sub02/vhpl248 1324417271
EN reinterpret_d109c65ff6 NULL /scratch/zaki/workspace/pocket_corr/rpoco8_testbench_v11/sysgen/synth_model/rpoco8_testbench_v11.vhd sub01/vhpl184 1324417207
EN reinterpret_573890e1c0 NULL /scratch/zaki/workspace/pocket_corr/rpoco8_testbench_v11/sysgen/synth_model/rpoco8_testbench_v11.vhd sub00/vhpl84 1324417107
EN cntr_11_0_f233f255cb1ca263 NULL /scratch/zaki/workspace/pocket_corr/rpoco8_testbench_v11/sysgen/synth_model/rpoco8_testbench_v11.vhd sub00/vhpl38 1324417061
EN concat_b198bd62b0 NULL /scratch/zaki/workspace/pocket_corr/rpoco8_testbench_v11/sysgen/synth_model/rpoco8_testbench_v11.vhd sub01/vhpl162 1324417185
AR ab_entity_0c1a63c33c structural /scratch/zaki/workspace/pocket_corr/rpoco8_testbench_v11/sysgen/synth_model/rpoco8_testbench_v11.vhd sub03/vhpl393 1324417416
AR ri_to_c_entity_2ec260a7f5 structural /scratch/zaki/workspace/pocket_corr/rpoco8_testbench_v11/sysgen/synth_model/rpoco8_testbench_v11.vhd sub03/vhpl367 1324417390
AR wgn_entity_61d53da098 structural /scratch/zaki/workspace/pocket_corr/rpoco8_testbench_v11/sysgen/synth_model/rpoco8_testbench_v11.vhd sub03/vhpl307 1324417330
EN bmg_33_4c2b84f72036519d NULL /scratch/zaki/workspace/pocket_corr/rpoco8_testbench_v11/sysgen/synth_model/rpoco8_testbench_v11.vhd sub00/vhpl36 1324417059
EN synth_reg_w_init NULL /scratch/zaki/workspace/pocket_corr/rpoco8_testbench_v11/sysgen/synth_model/rpoco8_testbench_v11.vhd sub00/vhpl54 1324417077
EN cmult_4bit_em_entity_a9772c0a44 NULL /scratch/zaki/workspace/pocket_corr/rpoco8_testbench_v11/sysgen/synth_model/rpoco8_testbench_v11.vhd sub03/vhpl380 1324417403
EN constant_e3cd42f5d3 NULL /scratch/zaki/workspace/pocket_corr/rpoco8_testbench_v11/sysgen/synth_model/rpoco8_testbench_v11.vhd sub01/vhpl166 1324417189
AR round1_entity_d9ee8b94b2 structural /scratch/zaki/workspace/pocket_corr/rpoco8_testbench_v11/sysgen/synth_model/rpoco8_testbench_v11.vhd sub03/vhpl337 1324417360
AR constant_ebdfb0074f behavior /scratch/zaki/workspace/pocket_corr/rpoco8_testbench_v11/sysgen/synth_model/rpoco8_testbench_v11.vhd sub02/vhpl263 1324417286
AR mux_9447359c10 behavior /scratch/zaki/workspace/pocket_corr/rpoco8_testbench_v11/sysgen/synth_model/rpoco8_testbench_v11.vhd sub02/vhpl217 1324417240
EN edge_detect_entity_6821065629 NULL /scratch/zaki/workspace/pocket_corr/rpoco8_testbench_v11/sysgen/synth_model/rpoco8_testbench_v11.vhd sub03/vhpl368 1324417391
EN freeze_cntr_entity_2f60b4c116 NULL /scratch/zaki/workspace/pocket_corr/rpoco8_testbench_v11/sysgen/synth_model/rpoco8_testbench_v11.vhd sub03/vhpl344 1324417367
AR cntr_11_0_87d335e994d59139 cntr_11_0_87d335e994d59139_a /scratch/zaki/workspace/pocket_corr/rpoco8_testbench_v11/sysgen/synth_model/rpoco8_testbench_v11.vhd sub00/vhpl05 1324417028
EN mux_2aa09bfea3 NULL /scratch/zaki/workspace/pocket_corr/rpoco8_testbench_v11/sysgen/synth_model/rpoco8_testbench_v11.vhd sub01/vhpl154 1324417177
AR constant_963ed6358a behavior /scratch/zaki/workspace/pocket_corr/rpoco8_testbench_v11/sysgen/synth_model/rpoco8_testbench_v11.vhd sub01/vhpl181 1324417204
AR sincos_entity_b4f4e7b6b8 structural /scratch/zaki/workspace/pocket_corr/rpoco8_testbench_v11/sysgen/synth_model/rpoco8_testbench_v11.vhd sub03/vhpl303 1324417326
AR concat_32afb77cd2 behavior /scratch/zaki/workspace/pocket_corr/rpoco8_testbench_v11/sysgen/synth_model/rpoco8_testbench_v11.vhd sub01/vhpl165 1324417188
EN relational_dc801cb463 NULL /scratch/zaki/workspace/pocket_corr/rpoco8_testbench_v11/sysgen/synth_model/rpoco8_testbench_v11.vhd sub01/vhpl176 1324417199
EN logical_aacf6e1b0e NULL /scratch/zaki/workspace/pocket_corr/rpoco8_testbench_v11/sysgen/synth_model/rpoco8_testbench_v11.vhd sub02/vhpl212 1324417235
EN addsub_4ded11ba54 NULL /scratch/zaki/workspace/pocket_corr/rpoco8_testbench_v11/sysgen/synth_model/rpoco8_testbench_v11.vhd sub01/vhpl136 1324417159
AR tt800_engine_entity_8eab8aba54 structural /scratch/zaki/workspace/pocket_corr/rpoco8_testbench_v11/sysgen/synth_model/rpoco8_testbench_v11.vhd sub02/vhpl291 1324417314
EN adc0_3_entity_7e8f06c2ce NULL /scratch/zaki/workspace/pocket_corr/rpoco8_testbench_v11/sysgen/synth_model/rpoco8_testbench_v11.vhd sub03/vhpl328 1324417351
EN r_edge_detect_entity_d2d38b3264 NULL /scratch/zaki/workspace/pocket_corr/rpoco8_testbench_v11/sysgen/synth_model/rpoco8_testbench_v11.vhd sub02/vhpl296 1324417319
AR inverter_e5b38cca3b behavior /scratch/zaki/workspace/pocket_corr/rpoco8_testbench_v11/sysgen/synth_model/rpoco8_testbench_v11.vhd sub00/vhpl67 1324417090
AR constant_a803a2dbbb behavior /scratch/zaki/workspace/pocket_corr/rpoco8_testbench_v11/sysgen/synth_model/rpoco8_testbench_v11.vhd sub01/vhpl179 1324417202
AR xldpram behavior /scratch/zaki/workspace/pocket_corr/rpoco8_testbench_v11/sysgen/synth_model/rpoco8_testbench_v11.vhd sub01/vhpl183 1324417206
EN mlt_11_2_0af49143406018f5 NULL /scratch/zaki/workspace/pocket_corr/rpoco8_testbench_v11/sysgen/synth_model/rpoco8_testbench_v11.vhd sub00/vhpl28 1324417051
EN delay_895cbeca91 NULL /scratch/zaki/workspace/pocket_corr/rpoco8_testbench_v11/sysgen/synth_model/rpoco8_testbench_v11.vhd sub02/vhpl218 1324417241
EN delay_entity_676f70a8c2 NULL /scratch/zaki/workspace/pocket_corr/rpoco8_testbench_v11/sysgen/synth_model/rpoco8_testbench_v11.vhd sub03/vhpl332 1324417355
EN reinterpret_580feec131 NULL /scratch/zaki/workspace/pocket_corr/rpoco8_testbench_v11/sysgen/synth_model/rpoco8_testbench_v11.vhd sub01/vhpl172 1324417195
EN xlclockdriver NULL /scratch/zaki/workspace/pocket_corr/rpoco8_testbench_v11/sysgen/synth_model/rpoco8_testbench_v11_cw.vhd sub03/vhpl398 1324417421
EN ab_entity_0c1a63c33c NULL /scratch/zaki/workspace/pocket_corr/rpoco8_testbench_v11/sysgen/synth_model/rpoco8_testbench_v11.vhd sub03/vhpl392 1324417415
AR addsub_542df25df6 behavior /scratch/zaki/workspace/pocket_corr/rpoco8_testbench_v11/sysgen/synth_model/rpoco8_testbench_v11.vhd sub00/vhpl87 1324417110
AR xlcounter_free behavior /scratch/zaki/workspace/pocket_corr/rpoco8_testbench_v11/sysgen/synth_model/rpoco8_testbench_v11.vhd sub00/vhpl73 1324417096
EN expr_c255d1cf74 NULL /scratch/zaki/workspace/pocket_corr/rpoco8_testbench_v11/sysgen/synth_model/rpoco8_testbench_v11.vhd sub01/vhpl122 1324417145
EN armed_trigger_entity_1fb1ab39b9 NULL /scratch/zaki/workspace/pocket_corr/rpoco8_testbench_v11/sysgen/synth_model/rpoco8_testbench_v11.vhd sub03/vhpl370 1324417393
EN mux_d99e59b6d4 NULL /scratch/zaki/workspace/pocket_corr/rpoco8_testbench_v11/sysgen/synth_model/rpoco8_testbench_v11.vhd sub02/vhpl264 1324417287
EN shift_82822b2849 NULL /scratch/zaki/workspace/pocket_corr/rpoco8_testbench_v11/sysgen/synth_model/rpoco8_testbench_v11.vhd sub01/vhpl118 1324417141
EN edge_entity_c43d5671fa NULL /scratch/zaki/workspace/pocket_corr/rpoco8_testbench_v11/sysgen/synth_model/rpoco8_testbench_v11.vhd sub03/vhpl334 1324417357
AR constant_240f289783 behavior /scratch/zaki/workspace/pocket_corr/rpoco8_testbench_v11/sysgen/synth_model/rpoco8_testbench_v11.vhd sub00/vhpl59 1324417082
AR tt800_uprng_entity_5ddb2422ae structural /scratch/zaki/workspace/pocket_corr/rpoco8_testbench_v11/sysgen/synth_model/rpoco8_testbench_v11.vhd sub03/vhpl301 1324417324
EN addsub_8ebe8fc34c NULL /scratch/zaki/workspace/pocket_corr/rpoco8_testbench_v11/sysgen/synth_model/rpoco8_testbench_v11.vhd sub02/vhpl254 1324417277
EN posedge_entity_7ef8015cc7 NULL /scratch/zaki/workspace/pocket_corr/rpoco8_testbench_v11/sysgen/synth_model/rpoco8_testbench_v11.vhd sub02/vhpl280 1324417303
EN addsub_b6f2d3b6eb NULL /scratch/zaki/workspace/pocket_corr/rpoco8_testbench_v11/sysgen/synth_model/rpoco8_testbench_v11.vhd sub02/vhpl252 1324417275
AR xlmult behavior /scratch/zaki/workspace/pocket_corr/rpoco8_testbench_v11/sysgen/synth_model/rpoco8_testbench_v11.vhd sub01/vhpl131 1324417154
AR delay_0341f7be44 behavior /scratch/zaki/workspace/pocket_corr/rpoco8_testbench_v11/sysgen/synth_model/rpoco8_testbench_v11.vhd sub02/vhpl223 1324417246
EN lfsr_49df07576f NULL /scratch/zaki/workspace/pocket_corr/rpoco8_testbench_v11/sysgen/synth_model/rpoco8_testbench_v11.vhd sub01/vhpl126 1324417149
EN bmg_33_0bdc6c125e0742ca NULL /scratch/zaki/workspace/pocket_corr/rpoco8_testbench_v11/sysgen/synth_model/rpoco8_testbench_v11.vhd sub00/vhpl18 1324417041
EN concat_a1e126f11c NULL /scratch/zaki/workspace/pocket_corr/rpoco8_testbench_v11/sysgen/synth_model/rpoco8_testbench_v11.vhd sub02/vhpl258 1324417281
AR bmg_33_0bdc6c125e0742ca bmg_33_0bdc6c125e0742ca_a /scratch/zaki/workspace/pocket_corr/rpoco8_testbench_v11/sysgen/synth_model/rpoco8_testbench_v11.vhd sub00/vhpl19 1324417042
AR reinterpret_6b1adb5d55 behavior /scratch/zaki/workspace/pocket_corr/rpoco8_testbench_v11/sysgen/synth_model/rpoco8_testbench_v11.vhd sub00/vhpl93 1324417116
EN led_entity_e51bf9b3ac NULL /scratch/zaki/workspace/pocket_corr/rpoco8_testbench_v11/sysgen/synth_model/rpoco8_testbench_v11.vhd sub03/vhpl352 1324417375
AR logical_e77c53f8bd behavior /scratch/zaki/workspace/pocket_corr/rpoco8_testbench_v11/sysgen/synth_model/rpoco8_testbench_v11.vhd sub01/vhpl161 1324417184
EN reinterpret_6b1adb5d55 NULL /scratch/zaki/workspace/pocket_corr/rpoco8_testbench_v11/sysgen/synth_model/rpoco8_testbench_v11.vhd sub00/vhpl92 1324417115
AR mux_1bef4ba0e4 behavior /scratch/zaki/workspace/pocket_corr/rpoco8_testbench_v11/sysgen/synth_model/rpoco8_testbench_v11.vhd sub00/vhpl77 1324417100
AR mux_52ae77d946 behavior /scratch/zaki/workspace/pocket_corr/rpoco8_testbench_v11/sysgen/synth_model/rpoco8_testbench_v11.vhd sub01/vhpl113 1324417136
EN c_to_ri_entity_73baf3c539 NULL /scratch/zaki/workspace/pocket_corr/rpoco8_testbench_v11/sysgen/synth_model/rpoco8_testbench_v11.vhd sub03/vhpl312 1324417335
AR edge_detect_entity_6821065629 structural /scratch/zaki/workspace/pocket_corr/rpoco8_testbench_v11/sysgen/synth_model/rpoco8_testbench_v11.vhd sub03/vhpl369 1324417392
EN convert_entity_e0e37c2708 NULL /scratch/zaki/workspace/pocket_corr/rpoco8_testbench_v11/sysgen/synth_model/rpoco8_testbench_v11.vhd sub02/vhpl286 1324417309
EN concat_8e53793314 NULL /scratch/zaki/workspace/pocket_corr/rpoco8_testbench_v11/sysgen/synth_model/rpoco8_testbench_v11.vhd sub02/vhpl240 1324417263
EN synth_reg_reg NULL /scratch/zaki/workspace/pocket_corr/rpoco8_testbench_v11/sysgen/synth_model/rpoco8_testbench_v11.vhd sub00/vhpl50 1324417073
EN asr_11_0_372caaa934b22d95 NULL /scratch/zaki/workspace/pocket_corr/rpoco8_testbench_v11/sysgen/synth_model/rpoco8_testbench_v11.vhd sub00/vhpl24 1324417047
AR synth_reg_reg behav /scratch/zaki/workspace/pocket_corr/rpoco8_testbench_v11/sysgen/synth_model/rpoco8_testbench_v11.vhd sub00/vhpl51 1324417074
AR codes_entity_9fb2d05802 structural /scratch/zaki/workspace/pocket_corr/rpoco8_testbench_v11/sysgen/synth_model/rpoco8_testbench_v11.vhd sub03/vhpl375 1324417398
EN reordering_entity_6e66868728 NULL /scratch/zaki/workspace/pocket_corr/rpoco8_testbench_v11/sysgen/synth_model/rpoco8_testbench_v11.vhd sub03/vhpl364 1324417387
EN cntr_11_0_86f7251946088efb NULL /scratch/zaki/workspace/pocket_corr/rpoco8_testbench_v11/sysgen/synth_model/rpoco8_testbench_v11.vhd sub00/vhpl14 1324417037
AR cmult_4bit_em_entity_c19d33fb0f structural /scratch/zaki/workspace/pocket_corr/rpoco8_testbench_v11/sysgen/synth_model/rpoco8_testbench_v11.vhd sub03/vhpl391 1324417414
AR barrel_switcher_entity_8e86ad8b2b structural /scratch/zaki/workspace/pocket_corr/rpoco8_testbench_v11/sysgen/synth_model/rpoco8_testbench_v11.vhd sub03/vhpl331 1324417354
AR mlt_11_2_4ed06302eba93f8e mlt_11_2_4ed06302eba93f8e_a /scratch/zaki/workspace/pocket_corr/rpoco8_testbench_v11/sysgen/synth_model/rpoco8_testbench_v11.vhd sub00/vhpl17 1324417040
EN bmg_33_5855b709c81b1172 NULL /scratch/zaki/workspace/pocket_corr/rpoco8_testbench_v11/sysgen/synth_model/rpoco8_testbench_v11.vhd sub00/vhpl02 1324417025
EN p24_extender_entity_d881a7e573 NULL /scratch/zaki/workspace/pocket_corr/rpoco8_testbench_v11/sysgen/synth_model/rpoco8_testbench_v11.vhd sub02/vhpl294 1324417317
EN mux_340b095e64 NULL /scratch/zaki/workspace/pocket_corr/rpoco8_testbench_v11/sysgen/synth_model/rpoco8_testbench_v11.vhd sub02/vhpl238 1324417261
EN relational_d36fe12c1c NULL /scratch/zaki/workspace/pocket_corr/rpoco8_testbench_v11/sysgen/synth_model/rpoco8_testbench_v11.vhd sub02/vhpl214 1324417237
EN default_clock_driver NULL /scratch/zaki/workspace/pocket_corr/rpoco8_testbench_v11/sysgen/synth_model/rpoco8_testbench_v11_cw.vhd sub04/vhpl400 1324417423
AR xlslice behavior /scratch/zaki/workspace/pocket_corr/rpoco8_testbench_v11/sysgen/synth_model/rpoco8_testbench_v11.vhd sub00/vhpl79 1324417102
AR walsh_entity_6332507c5f structural /scratch/zaki/workspace/pocket_corr/rpoco8_testbench_v11/sysgen/synth_model/rpoco8_testbench_v11.vhd sub03/vhpl379 1324417402
AR delay_entity_676f70a8c2 structural /scratch/zaki/workspace/pocket_corr/rpoco8_testbench_v11/sysgen/synth_model/rpoco8_testbench_v11.vhd sub03/vhpl333 1324417356
AR constant_e3cd42f5d3 behavior /scratch/zaki/workspace/pocket_corr/rpoco8_testbench_v11/sysgen/synth_model/rpoco8_testbench_v11.vhd sub01/vhpl167 1324417190
AR simple_bram_vacc_entity_4ba107ba2e structural /scratch/zaki/workspace/pocket_corr/rpoco8_testbench_v11/sysgen/synth_model/rpoco8_testbench_v11.vhd sub03/vhpl323 1324417346
EN constant_f8d41441cb NULL /scratch/zaki/workspace/pocket_corr/rpoco8_testbench_v11/sysgen/synth_model/rpoco8_testbench_v11.vhd sub01/vhpl100 1324417123
AR armed_trigger_entity_1fb1ab39b9 structural /scratch/zaki/workspace/pocket_corr/rpoco8_testbench_v11/sysgen/synth_model/rpoco8_testbench_v11.vhd sub03/vhpl371 1324417394
AR wgns_entity_1ab29848d8 structural /scratch/zaki/workspace/pocket_corr/rpoco8_testbench_v11/sysgen/synth_model/rpoco8_testbench_v11.vhd sub03/vhpl311 1324417334
AR bmg_33_5855b709c81b1172 bmg_33_5855b709c81b1172_a /scratch/zaki/workspace/pocket_corr/rpoco8_testbench_v11/sysgen/synth_model/rpoco8_testbench_v11.vhd sub00/vhpl03 1324417026
EN mlt_11_2_fb712a1e6f4360e8 NULL /scratch/zaki/workspace/pocket_corr/rpoco8_testbench_v11/sysgen/synth_model/rpoco8_testbench_v11.vhd sub00/vhpl42 1324417065
EN synth_reg NULL /scratch/zaki/workspace/pocket_corr/rpoco8_testbench_v11/sysgen/synth_model/rpoco8_testbench_v11.vhd sub00/vhpl48 1324417071
EN seed_entity_e693ee19e1 NULL /scratch/zaki/workspace/pocket_corr/rpoco8_testbench_v11/sysgen/synth_model/rpoco8_testbench_v11.vhd sub03/vhpl372 1324417395
EN constant_91ef1678ca NULL /scratch/zaki/workspace/pocket_corr/rpoco8_testbench_v11/sysgen/synth_model/rpoco8_testbench_v11.vhd sub01/vhpl188 1324417211
AR mux_2aa09bfea3 behavior /scratch/zaki/workspace/pocket_corr/rpoco8_testbench_v11/sysgen/synth_model/rpoco8_testbench_v11.vhd sub01/vhpl155 1324417178
EN aa_entity_1973c2cd86 NULL /scratch/zaki/workspace/pocket_corr/rpoco8_testbench_v11/sysgen/synth_model/rpoco8_testbench_v11.vhd sub03/vhpl324 1324417347
EN srl17e NULL /scratch/zaki/workspace/pocket_corr/rpoco8_testbench_v11/sysgen/synth_model/rpoco8_testbench_v11.vhd sub00/vhpl46 1324417069
AR reinterpret_d9988e3d87 behavior /scratch/zaki/workspace/pocket_corr/rpoco8_testbench_v11/sysgen/synth_model/rpoco8_testbench_v11.vhd sub01/vhpl133 1324417156
EN concat_364e99894a NULL /scratch/zaki/workspace/pocket_corr/rpoco8_testbench_v11/sysgen/synth_model/rpoco8_testbench_v11.vhd sub02/vhpl228 1324417251
AR reinterpret_9a0fa0f632 behavior /scratch/zaki/workspace/pocket_corr/rpoco8_testbench_v11/sysgen/synth_model/rpoco8_testbench_v11.vhd sub00/vhpl91 1324417114
EN walsh_entity_6332507c5f NULL /scratch/zaki/workspace/pocket_corr/rpoco8_testbench_v11/sysgen/synth_model/rpoco8_testbench_v11.vhd sub03/vhpl378 1324417401
EN bitbasher_a85d9bdfd2 NULL /scratch/zaki/workspace/pocket_corr/rpoco8_testbench_v11/sysgen/synth_model/rpoco8_testbench_v11.vhd sub01/vhpl156 1324417179
AR mux_2af8d8c05a behavior /scratch/zaki/workspace/pocket_corr/rpoco8_testbench_v11/sysgen/synth_model/rpoco8_testbench_v11.vhd sub02/vhpl201 1324417224
AR xladdrsr behavior /scratch/zaki/workspace/pocket_corr/rpoco8_testbench_v11/sysgen/synth_model/rpoco8_testbench_v11.vhd sub01/vhpl187 1324417210
EN eq_fft0_entity_a3cb66ad46 NULL /scratch/zaki/workspace/pocket_corr/rpoco8_testbench_v11/sysgen/synth_model/rpoco8_testbench_v11.vhd sub03/vhpl338 1324417361
AR mlt_11_2_fb712a1e6f4360e8 mlt_11_2_fb712a1e6f4360e8_a /scratch/zaki/workspace/pocket_corr/rpoco8_testbench_v11/sysgen/synth_model/rpoco8_testbench_v11.vhd sub00/vhpl43 1324417066
AR reinterpret_d51df7ac30 behavior /scratch/zaki/workspace/pocket_corr/rpoco8_testbench_v11/sysgen/synth_model/rpoco8_testbench_v11.vhd sub02/vhpl243 1324417266
AR constant_37567836aa behavior /scratch/zaki/workspace/pocket_corr/rpoco8_testbench_v11/sysgen/synth_model/rpoco8_testbench_v11.vhd sub01/vhpl109 1324417132
EN cntr_11_0_4bb0cbb813922871 NULL /scratch/zaki/workspace/pocket_corr/rpoco8_testbench_v11/sysgen/synth_model/rpoco8_testbench_v11.vhd sub00/vhpl26 1324417049
EN bmg_33_7de9efda5baafcf4 NULL /scratch/zaki/workspace/pocket_corr/rpoco8_testbench_v11/sysgen/synth_model/rpoco8_testbench_v11.vhd sub00/vhpl40 1324417063
AR input_mux_entity_19565016bf structural /scratch/zaki/workspace/pocket_corr/rpoco8_testbench_v11/sysgen/synth_model/rpoco8_testbench_v11.vhd sub03/vhpl349 1324417372
EN cntr_11_0_14a789a49ff66b1b NULL /scratch/zaki/workspace/pocket_corr/rpoco8_testbench_v11/sysgen/synth_model/rpoco8_testbench_v11.vhd sub00/vhpl32 1324417055
AR c_to_ri_entity_73baf3c539 structural /scratch/zaki/workspace/pocket_corr/rpoco8_testbench_v11/sysgen/synth_model/rpoco8_testbench_v11.vhd sub03/vhpl313 1324417336
AR xlspram behavior /scratch/zaki/workspace/pocket_corr/rpoco8_testbench_v11/sysgen/synth_model/rpoco8_testbench_v11.vhd sub01/vhpl145 1324417168
EN reinterpret_9a0fa0f632 NULL /scratch/zaki/workspace/pocket_corr/rpoco8_testbench_v11/sysgen/synth_model/rpoco8_testbench_v11.vhd sub00/vhpl90 1324417113
EN bitbasher_1f3692b5e0 NULL /scratch/zaki/workspace/pocket_corr/rpoco8_testbench_v11/sysgen/synth_model/rpoco8_testbench_v11.vhd sub01/vhpl158 1324417181
AR bmg_33_ea3aeec639126d38 bmg_33_ea3aeec639126d38_a /scratch/zaki/workspace/pocket_corr/rpoco8_testbench_v11/sysgen/synth_model/rpoco8_testbench_v11.vhd sub00/vhpl21 1324417044
AR relational_50d6ab372f behavior /scratch/zaki/workspace/pocket_corr/rpoco8_testbench_v11/sysgen/synth_model/rpoco8_testbench_v11.vhd sub00/vhpl63 1324417086
EN delay_bram_entity_e0877c919e NULL /scratch/zaki/workspace/pocket_corr/rpoco8_testbench_v11/sysgen/synth_model/rpoco8_testbench_v11.vhd sub03/vhpl318 1324417341
EN mux_9447359c10 NULL /scratch/zaki/workspace/pocket_corr/rpoco8_testbench_v11/sysgen/synth_model/rpoco8_testbench_v11.vhd sub02/vhpl216 1324417239
AR reordering_entity_6e66868728 structural /scratch/zaki/workspace/pocket_corr/rpoco8_testbench_v11/sysgen/synth_model/rpoco8_testbench_v11.vhd sub03/vhpl365 1324417388
AR single_reg_w_init structural /scratch/zaki/workspace/pocket_corr/rpoco8_testbench_v11/sysgen/synth_model/rpoco8_testbench_v11.vhd sub00/vhpl53 1324417076
AR sync_delay_en_entity_a5116b47ef structural /scratch/zaki/workspace/pocket_corr/rpoco8_testbench_v11/sysgen/synth_model/rpoco8_testbench_v11.vhd sub03/vhpl361 1324417384
EN constant_963ed6358a NULL /scratch/zaki/workspace/pocket_corr/rpoco8_testbench_v11/sysgen/synth_model/rpoco8_testbench_v11.vhd sub01/vhpl180 1324417203
EN delay_c53de546ea NULL /scratch/zaki/workspace/pocket_corr/rpoco8_testbench_v11/sysgen/synth_model/rpoco8_testbench_v11.vhd sub02/vhpl236 1324417259
AR bootstrap_entity_ec94e2f673 structural /scratch/zaki/workspace/pocket_corr/rpoco8_testbench_v11/sysgen/synth_model/rpoco8_testbench_v11.vhd sub02/vhpl293 1324417316
EN rpoco8_testbench_v11 NULL /scratch/zaki/workspace/pocket_corr/rpoco8_testbench_v11/sysgen/synth_model/rpoco8_testbench_v11.vhd sub03/vhpl396 1324417419
AR constant_c93990e9d7 behavior /scratch/zaki/workspace/pocket_corr/rpoco8_testbench_v11/sysgen/synth_model/rpoco8_testbench_v11.vhd sub02/vhpl205 1324417228
EN addsub_41967782b8 NULL /scratch/zaki/workspace/pocket_corr/rpoco8_testbench_v11/sysgen/synth_model/rpoco8_testbench_v11.vhd sub01/vhpl150 1324417173
AR xengine8_muxed_entity_cac8d4c9c9 structural /scratch/zaki/workspace/pocket_corr/rpoco8_testbench_v11/sysgen/synth_model/rpoco8_testbench_v11.vhd sub03/vhpl395 1324417418
AR mux_86a34309e7 behavior /scratch/zaki/workspace/pocket_corr/rpoco8_testbench_v11/sysgen/synth_model/rpoco8_testbench_v11.vhd sub01/vhpl115 1324417138
AR cmult_4bit_em_entity_8559f8a73e structural /scratch/zaki/workspace/pocket_corr/rpoco8_testbench_v11/sysgen/synth_model/rpoco8_testbench_v11.vhd sub03/vhpl315 1324417338
AR edge_entity_c43d5671fa structural /scratch/zaki/workspace/pocket_corr/rpoco8_testbench_v11/sysgen/synth_model/rpoco8_testbench_v11.vhd sub03/vhpl335 1324417358
AR mux_d99e59b6d4 behavior /scratch/zaki/workspace/pocket_corr/rpoco8_testbench_v11/sysgen/synth_model/rpoco8_testbench_v11.vhd sub02/vhpl265 1324417288
AR real_entity_bff11737b3 structural /scratch/zaki/workspace/pocket_corr/rpoco8_testbench_v11/sysgen/synth_model/rpoco8_testbench_v11.vhd sub03/vhpl317 1324417340
EN xlcounter_limit NULL /scratch/zaki/workspace/pocket_corr/rpoco8_testbench_v11/sysgen/synth_model/rpoco8_testbench_v11.vhd sub01/vhpl142 1324417165
AR concat_bbc53d9757 behavior /scratch/zaki/workspace/pocket_corr/rpoco8_testbench_v11/sysgen/synth_model/rpoco8_testbench_v11.vhd sub02/vhpl227 1324417250
AR lfsr_49df07576f behavior /scratch/zaki/workspace/pocket_corr/rpoco8_testbench_v11/sysgen/synth_model/rpoco8_testbench_v11.vhd sub01/vhpl127 1324417150
EN cntr_11_0_29076546cca80226 NULL /scratch/zaki/workspace/pocket_corr/rpoco8_testbench_v11/sysgen/synth_model/rpoco8_testbench_v11.vhd sub00/vhpl12 1324417035
EN convert_func_call NULL /scratch/zaki/workspace/pocket_corr/rpoco8_testbench_v11/sysgen/synth_model/rpoco8_testbench_v11.vhd sub01/vhpl138 1324417161
EN constant_7c91b1b314 NULL /scratch/zaki/workspace/pocket_corr/rpoco8_testbench_v11/sysgen/synth_model/rpoco8_testbench_v11.vhd sub02/vhpl208 1324417231
AR noise0_entity_eafca60d7f structural /scratch/zaki/workspace/pocket_corr/rpoco8_testbench_v11/sysgen/synth_model/rpoco8_testbench_v11.vhd sub03/vhpl309 1324417332
EN acc_num_entity_fa3a1745e9 NULL /scratch/zaki/workspace/pocket_corr/rpoco8_testbench_v11/sysgen/synth_model/rpoco8_testbench_v11.vhd sub03/vhpl326 1324417349
EN mux_387191112d NULL /scratch/zaki/workspace/pocket_corr/rpoco8_testbench_v11/sysgen/synth_model/rpoco8_testbench_v11.vhd sub00/vhpl60 1324417083
EN counter_f58b46c4b5 NULL /scratch/zaki/workspace/pocket_corr/rpoco8_testbench_v11/sysgen/synth_model/rpoco8_testbench_v11.vhd sub01/vhpl198 1324417221
EN pulse_ext_entity_6bd1940d33 NULL /scratch/zaki/workspace/pocket_corr/rpoco8_testbench_v11/sysgen/synth_model/rpoco8_testbench_v11.vhd sub03/vhpl320 1324417343
AR srl17e structural /scratch/zaki/workspace/pocket_corr/rpoco8_testbench_v11/sysgen/synth_model/rpoco8_testbench_v11.vhd sub00/vhpl47 1324417070
EN constant_e054d850c5 NULL /scratch/zaki/workspace/pocket_corr/rpoco8_testbench_v11/sysgen/synth_model/rpoco8_testbench_v11.vhd sub01/vhpl146 1324417169
EN constant_c50603e098 NULL /scratch/zaki/workspace/pocket_corr/rpoco8_testbench_v11/sysgen/synth_model/rpoco8_testbench_v11.vhd sub00/vhpl70 1324417093
EN relational_c6e139f236 NULL /scratch/zaki/workspace/pocket_corr/rpoco8_testbench_v11/sysgen/synth_model/rpoco8_testbench_v11.vhd sub01/vhpl174 1324417197
EN xlcounter_free NULL /scratch/zaki/workspace/pocket_corr/rpoco8_testbench_v11/sysgen/synth_model/rpoco8_testbench_v11.vhd sub00/vhpl72 1324417095
AR fft_pol02_imag_entity_ad530b1eb1 structural /scratch/zaki/workspace/pocket_corr/rpoco8_testbench_v11/sysgen/synth_model/rpoco8_testbench_v11.vhd sub03/vhpl343 1324417366
EN cmult_4bit_em_entity_c19d33fb0f NULL /scratch/zaki/workspace/pocket_corr/rpoco8_testbench_v11/sysgen/synth_model/rpoco8_testbench_v11.vhd sub03/vhpl390 1324417413
AR rpoco8_testbench_v11_cw structural /scratch/zaki/workspace/pocket_corr/rpoco8_testbench_v11/sysgen/synth_model/rpoco8_testbench_v11_cw.vhd sub04/vhpl403 1324417426
AR asr_11_0_372caaa934b22d95 asr_11_0_372caaa934b22d95_a /scratch/zaki/workspace/pocket_corr/rpoco8_testbench_v11/sysgen/synth_model/rpoco8_testbench_v11.vhd sub00/vhpl25 1324417048
EN ri_to_c_entity_2ec260a7f5 NULL /scratch/zaki/workspace/pocket_corr/rpoco8_testbench_v11/sysgen/synth_model/rpoco8_testbench_v11.vhd sub03/vhpl366 1324417389
EN constant_79cd191324 NULL /scratch/zaki/workspace/pocket_corr/rpoco8_testbench_v11/sysgen/synth_model/rpoco8_testbench_v11.vhd sub01/vhpl116 1324417139
AR constant_e054d850c5 behavior /scratch/zaki/workspace/pocket_corr/rpoco8_testbench_v11/sysgen/synth_model/rpoco8_testbench_v11.vhd sub01/vhpl147 1324417170
EN xlmult NULL /scratch/zaki/workspace/pocket_corr/rpoco8_testbench_v11/sysgen/synth_model/rpoco8_testbench_v11.vhd sub01/vhpl130 1324417153
AR constant_6293007044 behavior /scratch/zaki/workspace/pocket_corr/rpoco8_testbench_v11/sysgen/synth_model/rpoco8_testbench_v11.vhd sub00/vhpl83 1324417106
EN constant_571125472d NULL /scratch/zaki/workspace/pocket_corr/rpoco8_testbench_v11/sysgen/synth_model/rpoco8_testbench_v11.vhd sub01/vhpl168 1324417191
EN relational_dac42e2d5f NULL /scratch/zaki/workspace/pocket_corr/rpoco8_testbench_v11/sysgen/synth_model/rpoco8_testbench_v11.vhd sub02/vhpl270 1324417293
AR relational_d36fe12c1c behavior /scratch/zaki/workspace/pocket_corr/rpoco8_testbench_v11/sysgen/synth_model/rpoco8_testbench_v11.vhd sub02/vhpl215 1324417238
AR concat_8e53793314 behavior /scratch/zaki/workspace/pocket_corr/rpoco8_testbench_v11/sysgen/synth_model/rpoco8_testbench_v11.vhd sub02/vhpl241 1324417264
AR mux_286b77e019 behavior /scratch/zaki/workspace/pocket_corr/rpoco8_testbench_v11/sysgen/synth_model/rpoco8_testbench_v11.vhd sub01/vhpl153 1324417176
AR tt800_seed_gen_entity_9e38b6b8ee structural /scratch/zaki/workspace/pocket_corr/rpoco8_testbench_v11/sysgen/synth_model/rpoco8_testbench_v11.vhd sub02/vhpl299 1324417322
AR logical_f1acd27428 behavior /scratch/zaki/workspace/pocket_corr/rpoco8_testbench_v11/sysgen/synth_model/rpoco8_testbench_v11.vhd sub01/vhpl111 1324417134
EN cntr_11_0_ae406e50e98e0e45 NULL /scratch/zaki/workspace/pocket_corr/rpoco8_testbench_v11/sysgen/synth_model/rpoco8_testbench_v11.vhd sub00/vhpl34 1324417057
EN mux_acc4af9f66 NULL /scratch/zaki/workspace/pocket_corr/rpoco8_testbench_v11/sysgen/synth_model/rpoco8_testbench_v11.vhd sub01/vhpl170 1324417193
AR constant_7c91b1b314 behavior /scratch/zaki/workspace/pocket_corr/rpoco8_testbench_v11/sysgen/synth_model/rpoco8_testbench_v11.vhd sub02/vhpl209 1324417232
EN xengine8_muxed_entity_cac8d4c9c9 NULL /scratch/zaki/workspace/pocket_corr/rpoco8_testbench_v11/sysgen/synth_model/rpoco8_testbench_v11.vhd sub03/vhpl394 1324417417
EN rpoco8_testbench_v11_cw NULL /scratch/zaki/workspace/pocket_corr/rpoco8_testbench_v11/sysgen/synth_model/rpoco8_testbench_v11_cw.vhd sub04/vhpl402 1324417425
AR mux_340b095e64 behavior /scratch/zaki/workspace/pocket_corr/rpoco8_testbench_v11/sysgen/synth_model/rpoco8_testbench_v11.vhd sub02/vhpl239 1324417262
EN insel_entity_817c09d0fc NULL /scratch/zaki/workspace/pocket_corr/rpoco8_testbench_v11/sysgen/synth_model/rpoco8_testbench_v11.vhd sub03/vhpl350 1324417373
AR concat_b198bd62b0 behavior /scratch/zaki/workspace/pocket_corr/rpoco8_testbench_v11/sysgen/synth_model/rpoco8_testbench_v11.vhd sub01/vhpl163 1324417186
AR relational_dac42e2d5f behavior /scratch/zaki/workspace/pocket_corr/rpoco8_testbench_v11/sysgen/synth_model/rpoco8_testbench_v11.vhd sub02/vhpl271 1324417294
EN dmg_43_02dd3a157d80ae94 NULL /scratch/zaki/workspace/pocket_corr/rpoco8_testbench_v11/sysgen/synth_model/rpoco8_testbench_v11.vhd sub00/vhpl22 1324417045
AR pulse_ext_entity_96c76881de structural /scratch/zaki/workspace/pocket_corr/rpoco8_testbench_v11/sysgen/synth_model/rpoco8_testbench_v11.vhd sub03/vhpl359 1324417382
EN muxin0_entity_4d9ac5c75c NULL /scratch/zaki/workspace/pocket_corr/rpoco8_testbench_v11/sysgen/synth_model/rpoco8_testbench_v11.vhd sub03/vhpl346 1324417369
AR dmg_43_02dd3a157d80ae94 dmg_43_02dd3a157d80ae94_a /scratch/zaki/workspace/pocket_corr/rpoco8_testbench_v11/sysgen/synth_model/rpoco8_testbench_v11.vhd sub00/vhpl23 1324417046
AR reinterpret_580feec131 behavior /scratch/zaki/workspace/pocket_corr/rpoco8_testbench_v11/sysgen/synth_model/rpoco8_testbench_v11.vhd sub01/vhpl173 1324417196
AR bitbasher_980b18e5c5 behavior /scratch/zaki/workspace/pocket_corr/rpoco8_testbench_v11/sysgen/synth_model/rpoco8_testbench_v11.vhd sub01/vhpl195 1324417218
EN addsub_5a49cc39ae NULL /scratch/zaki/workspace/pocket_corr/rpoco8_testbench_v11/sysgen/synth_model/rpoco8_testbench_v11.vhd sub01/vhpl196 1324417219
AR constant_571125472d behavior /scratch/zaki/workspace/pocket_corr/rpoco8_testbench_v11/sysgen/synth_model/rpoco8_testbench_v11.vhd sub01/vhpl169 1324417192
AR cntr_11_0_14a789a49ff66b1b cntr_11_0_14a789a49ff66b1b_a /scratch/zaki/workspace/pocket_corr/rpoco8_testbench_v11/sysgen/synth_model/rpoco8_testbench_v11.vhd sub00/vhpl33 1324417056
AR relational_c6e139f236 behavior /scratch/zaki/workspace/pocket_corr/rpoco8_testbench_v11/sysgen/synth_model/rpoco8_testbench_v11.vhd sub01/vhpl175 1324417198
EN xladdrsr NULL /scratch/zaki/workspace/pocket_corr/rpoco8_testbench_v11/sysgen/synth_model/rpoco8_testbench_v11.vhd sub01/vhpl186 1324417209
EN bootstrap_entity_ec94e2f673 NULL /scratch/zaki/workspace/pocket_corr/rpoco8_testbench_v11/sysgen/synth_model/rpoco8_testbench_v11.vhd sub02/vhpl292 1324417315
AR u2n_entity_7a3f6ed825 structural /scratch/zaki/workspace/pocket_corr/rpoco8_testbench_v11/sysgen/synth_model/rpoco8_testbench_v11.vhd sub03/vhpl305 1324417328
AR freeze_cntr_entity_2f60b4c116 structural /scratch/zaki/workspace/pocket_corr/rpoco8_testbench_v11/sysgen/synth_model/rpoco8_testbench_v11.vhd sub03/vhpl345 1324417368
AR expr_c255d1cf74 behavior /scratch/zaki/workspace/pocket_corr/rpoco8_testbench_v11/sysgen/synth_model/rpoco8_testbench_v11.vhd sub01/vhpl123 1324417146
AR logical_9d76333483 behavior /scratch/zaki/workspace/pocket_corr/rpoco8_testbench_v11/sysgen/synth_model/rpoco8_testbench_v11.vhd sub00/vhpl95 1324417118
PH conv_pkg NULL /scratch/zaki/workspace/pocket_corr/rpoco8_testbench_v11/sysgen/synth_model/rpoco8_testbench_v11.vhd sub00/vhpl44 1324417067
EN inverter_e5b38cca3b NULL /scratch/zaki/workspace/pocket_corr/rpoco8_testbench_v11/sysgen/synth_model/rpoco8_testbench_v11.vhd sub00/vhpl66 1324417089
EN constant_b895d092a0 NULL /scratch/zaki/workspace/pocket_corr/rpoco8_testbench_v11/sysgen/synth_model/rpoco8_testbench_v11.vhd sub02/vhpl260 1324417283
EN cntr_11_0_05e2750227d8d748 NULL /scratch/zaki/workspace/pocket_corr/rpoco8_testbench_v11/sysgen/synth_model/rpoco8_testbench_v11.vhd sub00/vhpl08 1324417031
EN relational_b293ef57c5 NULL /scratch/zaki/workspace/pocket_corr/rpoco8_testbench_v11/sysgen/synth_model/rpoco8_testbench_v11.vhd sub02/vhpl206 1324417229
EN xladdsub NULL /scratch/zaki/workspace/pocket_corr/rpoco8_testbench_v11/sysgen/synth_model/rpoco8_testbench_v11.vhd sub02/vhpl256 1324417279
EN bmg_33_e4cac21e8ed012aa NULL /scratch/zaki/workspace/pocket_corr/rpoco8_testbench_v11/sysgen/synth_model/rpoco8_testbench_v11.vhd sub00/vhpl10 1324417033
AR rpoco8_testbench_v11 structural /scratch/zaki/workspace/pocket_corr/rpoco8_testbench_v11/sysgen/synth_model/rpoco8_testbench_v11.vhd sub03/vhpl397 1324417420
AR logical_0fa52c7c40 behavior /scratch/zaki/workspace/pocket_corr/rpoco8_testbench_v11/sysgen/synth_model/rpoco8_testbench_v11.vhd sub00/vhpl99 1324417122
EN reinterpret_d9988e3d87 NULL /scratch/zaki/workspace/pocket_corr/rpoco8_testbench_v11/sysgen/synth_model/rpoco8_testbench_v11.vhd sub01/vhpl132 1324417155
EN concat_66f3e02bd3 NULL /scratch/zaki/workspace/pocket_corr/rpoco8_testbench_v11/sysgen/synth_model/rpoco8_testbench_v11.vhd sub00/vhpl80 1324417103
EN tt800_seed_gen_entity_9e38b6b8ee NULL /scratch/zaki/workspace/pocket_corr/rpoco8_testbench_v11/sysgen/synth_model/rpoco8_testbench_v11.vhd sub02/vhpl298 1324417321
AR synth_reg_w_init structural /scratch/zaki/workspace/pocket_corr/rpoco8_testbench_v11/sysgen/synth_model/rpoco8_testbench_v11.vhd sub00/vhpl55 1324417078
EN single_reg_w_init NULL /scratch/zaki/workspace/pocket_corr/rpoco8_testbench_v11/sysgen/synth_model/rpoco8_testbench_v11.vhd sub00/vhpl52 1324417075
AR synth_reg structural /scratch/zaki/workspace/pocket_corr/rpoco8_testbench_v11/sysgen/synth_model/rpoco8_testbench_v11.vhd sub00/vhpl49 1324417072
EN aa_entity_83d96afb65 NULL /scratch/zaki/workspace/pocket_corr/rpoco8_testbench_v11/sysgen/synth_model/rpoco8_testbench_v11.vhd sub03/vhpl388 1324417411
EN delay_76b1f8d588 NULL /scratch/zaki/workspace/pocket_corr/rpoco8_testbench_v11/sysgen/synth_model/rpoco8_testbench_v11.vhd sub02/vhpl220 1324417243
AR mux_472286caed behavior /scratch/zaki/workspace/pocket_corr/rpoco8_testbench_v11/sysgen/synth_model/rpoco8_testbench_v11.vhd sub02/vhpl269 1324417292
EN noise0_entity_eafca60d7f NULL /scratch/zaki/workspace/pocket_corr/rpoco8_testbench_v11/sysgen/synth_model/rpoco8_testbench_v11.vhd sub03/vhpl308 1324417331
EN pfb_core NULL /scratch/zaki/workspace/pocket_corr/rpoco8_testbench_v11/sysgen/synth_model/rpoco8_testbench_v11.vhd sub02/vhpl274 1324417297
EN not_or_not_entity_8c5e725a77 NULL /scratch/zaki/workspace/pocket_corr/rpoco8_testbench_v11/sysgen/synth_model/rpoco8_testbench_v11.vhd sub03/vhpl356 1324417379
AR xlclockdriver behavior /scratch/zaki/workspace/pocket_corr/rpoco8_testbench_v11/sysgen/synth_model/rpoco8_testbench_v11_cw.vhd sub03/vhpl399 1324417422
AR constant_e8aae5d3bb behavior /scratch/zaki/workspace/pocket_corr/rpoco8_testbench_v11/sysgen/synth_model/rpoco8_testbench_v11.vhd sub00/vhpl57 1324417080
AR concat_66f3e02bd3 behavior /scratch/zaki/workspace/pocket_corr/rpoco8_testbench_v11/sysgen/synth_model/rpoco8_testbench_v11.vhd sub00/vhpl81 1324417104
AR addsb_11_0_99837fc802519273 addsb_11_0_99837fc802519273_a /scratch/zaki/workspace/pocket_corr/rpoco8_testbench_v11/sysgen/synth_model/rpoco8_testbench_v11.vhd sub00/vhpl01 1324417024
EN constant_240f289783 NULL /scratch/zaki/workspace/pocket_corr/rpoco8_testbench_v11/sysgen/synth_model/rpoco8_testbench_v11.vhd sub00/vhpl58 1324417081
EN bitbasher_5b1e76c782 NULL /scratch/zaki/workspace/pocket_corr/rpoco8_testbench_v11/sysgen/synth_model/rpoco8_testbench_v11.vhd sub02/vhpl246 1324417269
EN addsub_ae6966ed1c NULL /scratch/zaki/workspace/pocket_corr/rpoco8_testbench_v11/sysgen/synth_model/rpoco8_testbench_v11.vhd sub02/vhpl250 1324417273
EN cntr_11_0_87d335e994d59139 NULL /scratch/zaki/workspace/pocket_corr/rpoco8_testbench_v11/sysgen/synth_model/rpoco8_testbench_v11.vhd sub00/vhpl04 1324417027
AR mlt_11_2_22d57f485ffd805c mlt_11_2_22d57f485ffd805c_a /scratch/zaki/workspace/pocket_corr/rpoco8_testbench_v11/sysgen/synth_model/rpoco8_testbench_v11.vhd sub00/vhpl07 1324417030
AR counter_f58b46c4b5 behavior /scratch/zaki/workspace/pocket_corr/rpoco8_testbench_v11/sysgen/synth_model/rpoco8_testbench_v11.vhd sub01/vhpl199 1324417222
EN counter_9b03e3d644 NULL /scratch/zaki/workspace/pocket_corr/rpoco8_testbench_v11/sysgen/synth_model/rpoco8_testbench_v11.vhd sub02/vhpl230 1324417253
EN bitbasher_980b18e5c5 NULL /scratch/zaki/workspace/pocket_corr/rpoco8_testbench_v11/sysgen/synth_model/rpoco8_testbench_v11.vhd sub01/vhpl194 1324417217
EN delay_bram_entity_8b007fed00 NULL /scratch/zaki/workspace/pocket_corr/rpoco8_testbench_v11/sysgen/synth_model/rpoco8_testbench_v11.vhd sub03/vhpl384 1324417407
EN scale_b42effccbc NULL /scratch/zaki/workspace/pocket_corr/rpoco8_testbench_v11/sysgen/synth_model/rpoco8_testbench_v11.vhd sub01/vhpl134 1324417157
EN relational_97c9d52516 NULL /scratch/zaki/workspace/pocket_corr/rpoco8_testbench_v11/sysgen/synth_model/rpoco8_testbench_v11.vhd sub02/vhpl272 1324417295
EN tt800_engine_entity_8eab8aba54 NULL /scratch/zaki/workspace/pocket_corr/rpoco8_testbench_v11/sysgen/synth_model/rpoco8_testbench_v11.vhd sub02/vhpl290 1324417313
AR cntr_11_0_ae406e50e98e0e45 cntr_11_0_ae406e50e98e0e45_a /scratch/zaki/workspace/pocket_corr/rpoco8_testbench_v11/sysgen/synth_model/rpoco8_testbench_v11.vhd sub00/vhpl35 1324417058
EN pulse_ext1_entity_adac66eb3d NULL /scratch/zaki/workspace/pocket_corr/rpoco8_testbench_v11/sysgen/synth_model/rpoco8_testbench_v11.vhd sub02/vhpl282 1324417305
EN mux_472286caed NULL /scratch/zaki/workspace/pocket_corr/rpoco8_testbench_v11/sysgen/synth_model/rpoco8_testbench_v11.vhd sub02/vhpl268 1324417291
EN constant_37567836aa NULL /scratch/zaki/workspace/pocket_corr/rpoco8_testbench_v11/sysgen/synth_model/rpoco8_testbench_v11.vhd sub01/vhpl108 1324417131
EN logical_9d76333483 NULL /scratch/zaki/workspace/pocket_corr/rpoco8_testbench_v11/sysgen/synth_model/rpoco8_testbench_v11.vhd sub00/vhpl94 1324417117
AR seed_entity_e693ee19e1 structural /scratch/zaki/workspace/pocket_corr/rpoco8_testbench_v11/sysgen/synth_model/rpoco8_testbench_v11.vhd sub03/vhpl373 1324417396
AR scale_b42effccbc behavior /scratch/zaki/workspace/pocket_corr/rpoco8_testbench_v11/sysgen/synth_model/rpoco8_testbench_v11.vhd sub01/vhpl135 1324417158
AR constant_7a5a41eeb1 behavior /scratch/zaki/workspace/pocket_corr/rpoco8_testbench_v11/sysgen/synth_model/rpoco8_testbench_v11.vhd sub01/vhpl103 1324417126
AR delay_895cbeca91 behavior /scratch/zaki/workspace/pocket_corr/rpoco8_testbench_v11/sysgen/synth_model/rpoco8_testbench_v11.vhd sub02/vhpl219 1324417242
