PB conv_pkg conv_pkg /scratch/zaki/workspace/pocket_corr/pfb_core/synth_model/pfb_core.vhd sub00/vhpl17 1324360084
EN relational_acb3c05dd0 NULL /scratch/zaki/workspace/pocket_corr/pfb_core/synth_model/pfb_core.vhd sub00/vhpl66 1324360133
AR delay_bram_entity_7c18011f84 structural /scratch/zaki/workspace/pocket_corr/pfb_core/synth_model/pfb_core.vhd sub00/vhpl99 1324360166
AR constant_fd28b32bf8 behavior /scratch/zaki/workspace/pocket_corr/pfb_core/synth_model/pfb_core.vhd sub00/vhpl57 1324360124
AR xlregister behavior /scratch/zaki/workspace/pocket_corr/pfb_core/synth_model/pfb_core.vhd sub00/vhpl47 1324360114
AR mux_1bef4ba0e4 behavior /scratch/zaki/workspace/pocket_corr/pfb_core/synth_model/pfb_core.vhd sub00/vhpl63 1324360130
AR xldelay behavior /scratch/zaki/workspace/pocket_corr/pfb_core/synth_model/pfb_core.vhd sub00/vhpl43 1324360110
EN delay_e18fb31a3d NULL /scratch/zaki/workspace/pocket_corr/pfb_core/synth_model/pfb_core.vhd sub00/vhpl72 1324360139
AR concat_62c4475a80 behavior /scratch/zaki/workspace/pocket_corr/pfb_core/synth_model/pfb_core.vhd sub00/vhpl93 1324360160
EN dmg_43_fc0fede523fbb97e NULL /scratch/zaki/workspace/pocket_corr/pfb_core/synth_model/pfb_core.vhd sub00/vhpl12 1324360079
EN constant_fd28b32bf8 NULL /scratch/zaki/workspace/pocket_corr/pfb_core/synth_model/pfb_core.vhd sub00/vhpl56 1324360123
EN xldelay NULL /scratch/zaki/workspace/pocket_corr/pfb_core/synth_model/pfb_core.vhd sub00/vhpl42 1324360109
AR pol1_in1_last_tap_entity_6e90a55d34 structural /scratch/zaki/workspace/pocket_corr/pfb_core/synth_model/pfb_core.vhd sub01/vhpl117 1324360184
AR reinterpret_7025463ea8 behavior /scratch/zaki/workspace/pocket_corr/pfb_core/synth_model/pfb_core.vhd sub00/vhpl53 1324360120
AR dmg_43_7cde0f653fa26908 dmg_43_7cde0f653fa26908_a /scratch/zaki/workspace/pocket_corr/pfb_core/synth_model/pfb_core.vhd sub00/vhpl11 1324360078
EN cntr_11_0_14a789a49ff66b1b NULL /scratch/zaki/workspace/pocket_corr/pfb_core/synth_model/pfb_core.vhd sub00/vhpl04 1324360071
EN scale_fa7c2ab9f6 NULL /scratch/zaki/workspace/pocket_corr/pfb_core/synth_model/pfb_core.vhd sub00/vhpl88 1324360155
EN dmg_43_7cde0f653fa26908 NULL /scratch/zaki/workspace/pocket_corr/pfb_core/synth_model/pfb_core.vhd sub00/vhpl10 1324360077
EN convert_func_call NULL /scratch/zaki/workspace/pocket_corr/pfb_core/synth_model/pfb_core.vhd sub00/vhpl84 1324360151
EN adder_tree1_entity_b75e5628a6 NULL /scratch/zaki/workspace/pocket_corr/pfb_core/synth_model/pfb_core.vhd sub01/vhpl108 1324360175
AR concat_0e2072f8e1 behavior /scratch/zaki/workspace/pocket_corr/pfb_core/synth_model/pfb_core.vhd sub00/vhpl95 1324360162
AR default_clock_driver structural /scratch/zaki/workspace/pocket_corr/pfb_core/synth_model/pfb_core_cw.vhd sub01/vhpl129 1324360196
AR ri_to_c_entity_c9863a5ffc structural /scratch/zaki/workspace/pocket_corr/pfb_core/synth_model/pfb_core.vhd sub01/vhpl103 1324360170
EN pfb_add_tree_entity_30780f0068 NULL /scratch/zaki/workspace/pocket_corr/pfb_core/synth_model/pfb_core.vhd sub01/vhpl114 1324360181
AR reinterpret_151459306d behavior /scratch/zaki/workspace/pocket_corr/pfb_core/synth_model/pfb_core.vhd sub00/vhpl79 1324360146
EN dmg_43_b7617019d0272360 NULL /scratch/zaki/workspace/pocket_corr/pfb_core/synth_model/pfb_core.vhd sub00/vhpl08 1324360075
EN xlconvert_pipeline NULL /scratch/zaki/workspace/pocket_corr/pfb_core/synth_model/pfb_core.vhd sub00/vhpl82 1324360149
AR pfb_coeff_gen_entity_8bc942b6f1 structural /scratch/zaki/workspace/pocket_corr/pfb_core/synth_model/pfb_core.vhd sub01/vhpl101 1324360168
AR convert_func_call behavior /scratch/zaki/workspace/pocket_corr/pfb_core/synth_model/pfb_core.vhd sub00/vhpl85 1324360152
EN concat_0e2072f8e1 NULL /scratch/zaki/workspace/pocket_corr/pfb_core/synth_model/pfb_core.vhd sub00/vhpl94 1324360161
EN ri_to_c_entity_a8591987ee NULL /scratch/zaki/workspace/pocket_corr/pfb_core/synth_model/pfb_core.vhd sub01/vhpl112 1324360179
EN xladdsub NULL /scratch/zaki/workspace/pocket_corr/pfb_core/synth_model/pfb_core.vhd sub00/vhpl70 1324360137
EN pol1_in1_last_tap_entity_6e90a55d34 NULL /scratch/zaki/workspace/pocket_corr/pfb_core/synth_model/pfb_core.vhd sub01/vhpl116 1324360183
EN addsb_11_0_4a0ca6698df0791b NULL /scratch/zaki/workspace/pocket_corr/pfb_core/synth_model/pfb_core.vhd sub00/vhpl14 1324360081
AR dmg_43_e0957f4fee433e17 dmg_43_e0957f4fee433e17_a /scratch/zaki/workspace/pocket_corr/pfb_core/synth_model/pfb_core.vhd sub00/vhpl01 1324360068
AR scale_fa7c2ab9f6 behavior /scratch/zaki/workspace/pocket_corr/pfb_core/synth_model/pfb_core.vhd sub00/vhpl89 1324360156
EN xlcounter_free NULL /scratch/zaki/workspace/pocket_corr/pfb_core/synth_model/pfb_core.vhd sub00/vhpl40 1324360107
AR constant_6293007044 behavior /scratch/zaki/workspace/pocket_corr/pfb_core/synth_model/pfb_core.vhd sub00/vhpl33 1324360100
AR bmg_33_80d6b14676f218c5 bmg_33_80d6b14676f218c5_a /scratch/zaki/workspace/pocket_corr/pfb_core/synth_model/pfb_core.vhd sub00/vhpl03 1324360070
AR xlconvert_pipeline behavior /scratch/zaki/workspace/pocket_corr/pfb_core/synth_model/pfb_core.vhd sub00/vhpl83 1324360150
EN reinterpret_4389dc89bf NULL /scratch/zaki/workspace/pocket_corr/pfb_core/synth_model/pfb_core.vhd sub00/vhpl28 1324360095
EN xlsprom_dist NULL /scratch/zaki/workspace/pocket_corr/pfb_core/synth_model/pfb_core.vhd sub00/vhpl44 1324360111
AR dmg_43_b7617019d0272360 dmg_43_b7617019d0272360_a /scratch/zaki/workspace/pocket_corr/pfb_core/synth_model/pfb_core.vhd sub00/vhpl09 1324360076
AR addsb_11_0_4a0ca6698df0791b addsb_11_0_4a0ca6698df0791b_a /scratch/zaki/workspace/pocket_corr/pfb_core/synth_model/pfb_core.vhd sub00/vhpl15 1324360082
AR relational_d36fe12c1c behavior /scratch/zaki/workspace/pocket_corr/pfb_core/synth_model/pfb_core.vhd sub00/vhpl65 1324360132
EN single_reg_w_init NULL /scratch/zaki/workspace/pocket_corr/pfb_core/synth_model/pfb_core.vhd sub00/vhpl24 1324360091
AR srl17e structural /scratch/zaki/workspace/pocket_corr/pfb_core/synth_model/pfb_core.vhd sub00/vhpl19 1324360086
PH conv_pkg NULL /scratch/zaki/workspace/pocket_corr/pfb_core/synth_model/pfb_core.vhd sub00/vhpl16 1324360083
AR xlcounter_free behavior /scratch/zaki/workspace/pocket_corr/pfb_core/synth_model/pfb_core.vhd sub00/vhpl41 1324360108
EN pol1_in1_tap3_entity_2ce3003291 NULL /scratch/zaki/workspace/pocket_corr/pfb_core/synth_model/pfb_core.vhd sub01/vhpl120 1324360187
AR constant_e054d850c5 behavior /scratch/zaki/workspace/pocket_corr/pfb_core/synth_model/pfb_core.vhd sub00/vhpl59 1324360126
AR convert_pipeline behavior /scratch/zaki/workspace/pocket_corr/pfb_core/synth_model/pfb_core.vhd sub00/vhpl81 1324360148
AR pfb_fir_entity_a4f09a2d8b structural /scratch/zaki/workspace/pocket_corr/pfb_core/synth_model/pfb_core.vhd sub01/vhpl123 1324360190
EN srl17e NULL /scratch/zaki/workspace/pocket_corr/pfb_core/synth_model/pfb_core.vhd sub00/vhpl18 1324360085
EN ri_to_c_entity_c9863a5ffc NULL /scratch/zaki/workspace/pocket_corr/pfb_core/synth_model/pfb_core.vhd sub01/vhpl102 1324360169
AR single_reg_w_init structural /scratch/zaki/workspace/pocket_corr/pfb_core/synth_model/pfb_core.vhd sub00/vhpl25 1324360092
EN logical_aacf6e1b0e NULL /scratch/zaki/workspace/pocket_corr/pfb_core/synth_model/pfb_core.vhd sub00/vhpl60 1324360127
AR concat_b198bd62b0 behavior /scratch/zaki/workspace/pocket_corr/pfb_core/synth_model/pfb_core.vhd sub00/vhpl75 1324360142
EN convert_pipeline NULL /scratch/zaki/workspace/pocket_corr/pfb_core/synth_model/pfb_core.vhd sub00/vhpl80 1324360147
EN pfb_coeff_gen_entity_8bc942b6f1 NULL /scratch/zaki/workspace/pocket_corr/pfb_core/synth_model/pfb_core.vhd sub01/vhpl100 1324360167
EN constant_6293007044 NULL /scratch/zaki/workspace/pocket_corr/pfb_core/synth_model/pfb_core.vhd sub00/vhpl32 1324360099
EN c_to_ri_entity_e07bd19e63 NULL /scratch/zaki/workspace/pocket_corr/pfb_core/synth_model/pfb_core.vhd sub00/vhpl96 1324360163
EN xlspram NULL /scratch/zaki/workspace/pocket_corr/pfb_core/synth_model/pfb_core.vhd sub00/vhpl36 1324360103
EN concat_b198bd62b0 NULL /scratch/zaki/workspace/pocket_corr/pfb_core/synth_model/pfb_core.vhd sub00/vhpl74 1324360141
AR constant_7c91b1b314 behavior /scratch/zaki/workspace/pocket_corr/pfb_core/synth_model/pfb_core.vhd sub00/vhpl55 1324360122
AR xlspram behavior /scratch/zaki/workspace/pocket_corr/pfb_core/synth_model/pfb_core.vhd sub00/vhpl37 1324360104
AR adder_tree2_entity_cc61584512 structural /scratch/zaki/workspace/pocket_corr/pfb_core/synth_model/pfb_core.vhd sub01/vhpl111 1324360178
EN synth_reg_w_init NULL /scratch/zaki/workspace/pocket_corr/pfb_core/synth_model/pfb_core.vhd sub00/vhpl26 1324360093
AR c_to_ri_entity_e07bd19e63 structural /scratch/zaki/workspace/pocket_corr/pfb_core/synth_model/pfb_core.vhd sub00/vhpl97 1324360164
EN concat_65b7cc6f0e NULL /scratch/zaki/workspace/pocket_corr/pfb_core/synth_model/pfb_core.vhd sub00/vhpl90 1324360157
EN pfb_fir_entity_a4f09a2d8b NULL /scratch/zaki/workspace/pocket_corr/pfb_core/synth_model/pfb_core.vhd sub01/vhpl122 1324360189
AR concat_a1e126f11c behavior /scratch/zaki/workspace/pocket_corr/pfb_core/synth_model/pfb_core.vhd sub00/vhpl39 1324360106
AR synth_reg structural /scratch/zaki/workspace/pocket_corr/pfb_core/synth_model/pfb_core.vhd sub00/vhpl21 1324360088
AR synth_reg_reg behav /scratch/zaki/workspace/pocket_corr/pfb_core/synth_model/pfb_core.vhd sub00/vhpl23 1324360090
EN reinterpret_7025463ea8 NULL /scratch/zaki/workspace/pocket_corr/pfb_core/synth_model/pfb_core.vhd sub00/vhpl52 1324360119
EN constant_7c91b1b314 NULL /scratch/zaki/workspace/pocket_corr/pfb_core/synth_model/pfb_core.vhd sub00/vhpl54 1324360121
AR reinterpret_4389dc89bf behavior /scratch/zaki/workspace/pocket_corr/pfb_core/synth_model/pfb_core.vhd sub00/vhpl29 1324360096
AR pfb_core structural /scratch/zaki/workspace/pocket_corr/pfb_core/synth_model/pfb_core.vhd sub01/vhpl125 1324360192
AR xlclockdriver behavior /scratch/zaki/workspace/pocket_corr/pfb_core/synth_model/pfb_core_cw.vhd sub01/vhpl127 1324360194
EN reinterpret_d51df7ac30 NULL /scratch/zaki/workspace/pocket_corr/pfb_core/synth_model/pfb_core.vhd sub00/vhpl48 1324360115
AR xlconvert behavior /scratch/zaki/workspace/pocket_corr/pfb_core/synth_model/pfb_core.vhd sub00/vhpl87 1324360154
AR xlslice behavior /scratch/zaki/workspace/pocket_corr/pfb_core/synth_model/pfb_core.vhd sub00/vhpl31 1324360098
AR cntr_11_0_14a789a49ff66b1b cntr_11_0_14a789a49ff66b1b_a /scratch/zaki/workspace/pocket_corr/pfb_core/synth_model/pfb_core.vhd sub00/vhpl05 1324360072
EN xlclockdriver NULL /scratch/zaki/workspace/pocket_corr/pfb_core/synth_model/pfb_core_cw.vhd sub01/vhpl126 1324360193
EN constant_e054d850c5 NULL /scratch/zaki/workspace/pocket_corr/pfb_core/synth_model/pfb_core.vhd sub00/vhpl58 1324360125
AR reinterpret_d51df7ac30 behavior /scratch/zaki/workspace/pocket_corr/pfb_core/synth_model/pfb_core.vhd sub00/vhpl49 1324360116
EN synth_reg NULL /scratch/zaki/workspace/pocket_corr/pfb_core/synth_model/pfb_core.vhd sub00/vhpl20 1324360087
EN concat_a1e126f11c NULL /scratch/zaki/workspace/pocket_corr/pfb_core/synth_model/pfb_core.vhd sub00/vhpl38 1324360105
EN pol1_in1_first_tap_entity_95f833393f NULL /scratch/zaki/workspace/pocket_corr/pfb_core/synth_model/pfb_core.vhd sub01/vhpl106 1324360173
EN bmg_33_80d6b14676f218c5 NULL /scratch/zaki/workspace/pocket_corr/pfb_core/synth_model/pfb_core.vhd sub00/vhpl02 1324360069
AR relational_acb3c05dd0 behavior /scratch/zaki/workspace/pocket_corr/pfb_core/synth_model/pfb_core.vhd sub00/vhpl67 1324360134
EN relational_d36fe12c1c NULL /scratch/zaki/workspace/pocket_corr/pfb_core/synth_model/pfb_core.vhd sub00/vhpl64 1324360131
AR pol1_in1_tap2_entity_0a9c2b1a2d structural /scratch/zaki/workspace/pocket_corr/pfb_core/synth_model/pfb_core.vhd sub01/vhpl119 1324360186
AR concat_a369e00c6b behavior /scratch/zaki/workspace/pocket_corr/pfb_core/synth_model/pfb_core.vhd sub00/vhpl51 1324360118
AR pfb_core_cw structural /scratch/zaki/workspace/pocket_corr/pfb_core/synth_model/pfb_core_cw.vhd sub01/vhpl131 1324360198
EN xlconvert NULL /scratch/zaki/workspace/pocket_corr/pfb_core/synth_model/pfb_core.vhd sub00/vhpl86 1324360153
AR dmg_43_fc0fede523fbb97e dmg_43_fc0fede523fbb97e_a /scratch/zaki/workspace/pocket_corr/pfb_core/synth_model/pfb_core.vhd sub00/vhpl13 1324360080
EN concat_62c4475a80 NULL /scratch/zaki/workspace/pocket_corr/pfb_core/synth_model/pfb_core.vhd sub00/vhpl92 1324360159
AR mult_98e3c7048f behavior /scratch/zaki/workspace/pocket_corr/pfb_core/synth_model/pfb_core.vhd sub00/vhpl69 1324360136
AR xlcounter_limit behavior /scratch/zaki/workspace/pocket_corr/pfb_core/synth_model/pfb_core.vhd sub00/vhpl35 1324360102
EN dmg_43_e0957f4fee433e17 NULL /scratch/zaki/workspace/pocket_corr/pfb_core/synth_model/pfb_core.vhd sub00/vhpl00 1324360067
EN xlslice NULL /scratch/zaki/workspace/pocket_corr/pfb_core/synth_model/pfb_core.vhd sub00/vhpl30 1324360097
EN reinterpret_580feec131 NULL /scratch/zaki/workspace/pocket_corr/pfb_core/synth_model/pfb_core.vhd sub00/vhpl76 1324360143
AR xlsprom_dist behavior /scratch/zaki/workspace/pocket_corr/pfb_core/synth_model/pfb_core.vhd sub00/vhpl45 1324360112
AR pfb_add_tree_entity_30780f0068 structural /scratch/zaki/workspace/pocket_corr/pfb_core/synth_model/pfb_core.vhd sub01/vhpl115 1324360182
EN cntr_11_0_ae406e50e98e0e45 NULL /scratch/zaki/workspace/pocket_corr/pfb_core/synth_model/pfb_core.vhd sub00/vhpl06 1324360073
EN adder_tree2_entity_cc61584512 NULL /scratch/zaki/workspace/pocket_corr/pfb_core/synth_model/pfb_core.vhd sub01/vhpl110 1324360177
AR logical_aacf6e1b0e behavior /scratch/zaki/workspace/pocket_corr/pfb_core/synth_model/pfb_core.vhd sub00/vhpl61 1324360128
EN pol1_in1_tap2_entity_0a9c2b1a2d NULL /scratch/zaki/workspace/pocket_corr/pfb_core/synth_model/pfb_core.vhd sub01/vhpl118 1324360185
EN mult_98e3c7048f NULL /scratch/zaki/workspace/pocket_corr/pfb_core/synth_model/pfb_core.vhd sub00/vhpl68 1324360135
AR concat_65b7cc6f0e behavior /scratch/zaki/workspace/pocket_corr/pfb_core/synth_model/pfb_core.vhd sub00/vhpl91 1324360158
AR delay_e18fb31a3d behavior /scratch/zaki/workspace/pocket_corr/pfb_core/synth_model/pfb_core.vhd sub00/vhpl73 1324360140
AR xladdsub behavior /scratch/zaki/workspace/pocket_corr/pfb_core/synth_model/pfb_core.vhd sub00/vhpl71 1324360138
AR ri_to_c_entity_a8591987ee structural /scratch/zaki/workspace/pocket_corr/pfb_core/synth_model/pfb_core.vhd sub01/vhpl113 1324360180
EN default_clock_driver NULL /scratch/zaki/workspace/pocket_corr/pfb_core/synth_model/pfb_core_cw.vhd sub01/vhpl128 1324360195
AR pol1_in1_tap3_entity_2ce3003291 structural /scratch/zaki/workspace/pocket_corr/pfb_core/synth_model/pfb_core.vhd sub01/vhpl121 1324360188
EN reinterpret_151459306d NULL /scratch/zaki/workspace/pocket_corr/pfb_core/synth_model/pfb_core.vhd sub00/vhpl78 1324360145
EN sync_delay_entity_9fa8e29349 NULL /scratch/zaki/workspace/pocket_corr/pfb_core/synth_model/pfb_core.vhd sub01/vhpl104 1324360171
AR cntr_11_0_ae406e50e98e0e45 cntr_11_0_ae406e50e98e0e45_a /scratch/zaki/workspace/pocket_corr/pfb_core/synth_model/pfb_core.vhd sub00/vhpl07 1324360074
AR reinterpret_580feec131 behavior /scratch/zaki/workspace/pocket_corr/pfb_core/synth_model/pfb_core.vhd sub00/vhpl77 1324360144
AR sync_delay_entity_9fa8e29349 structural /scratch/zaki/workspace/pocket_corr/pfb_core/synth_model/pfb_core.vhd sub01/vhpl105 1324360172
EN delay_bram_entity_7c18011f84 NULL /scratch/zaki/workspace/pocket_corr/pfb_core/synth_model/pfb_core.vhd sub00/vhpl98 1324360165
EN synth_reg_reg NULL /scratch/zaki/workspace/pocket_corr/pfb_core/synth_model/pfb_core.vhd sub00/vhpl22 1324360089
EN pfb_core_cw NULL /scratch/zaki/workspace/pocket_corr/pfb_core/synth_model/pfb_core_cw.vhd sub01/vhpl130 1324360197
AR synth_reg_w_init structural /scratch/zaki/workspace/pocket_corr/pfb_core/synth_model/pfb_core.vhd sub00/vhpl27 1324360094
EN pfb_core NULL /scratch/zaki/workspace/pocket_corr/pfb_core/synth_model/pfb_core.vhd sub01/vhpl124 1324360191
EN xlcounter_limit NULL /scratch/zaki/workspace/pocket_corr/pfb_core/synth_model/pfb_core.vhd sub00/vhpl34 1324360101
AR adder_tree1_entity_b75e5628a6 structural /scratch/zaki/workspace/pocket_corr/pfb_core/synth_model/pfb_core.vhd sub01/vhpl109 1324360176
EN concat_a369e00c6b NULL /scratch/zaki/workspace/pocket_corr/pfb_core/synth_model/pfb_core.vhd sub00/vhpl50 1324360117
AR pol1_in1_first_tap_entity_95f833393f structural /scratch/zaki/workspace/pocket_corr/pfb_core/synth_model/pfb_core.vhd sub01/vhpl107 1324360174
EN xlregister NULL /scratch/zaki/workspace/pocket_corr/pfb_core/synth_model/pfb_core.vhd sub00/vhpl46 1324360113
EN mux_1bef4ba0e4 NULL /scratch/zaki/workspace/pocket_corr/pfb_core/synth_model/pfb_core.vhd sub00/vhpl62 1324360129
