V3 204
FL /scratch/zaki/workspace/pocket_corr/pfb_core/synth_model/pfb_core.vhd 2011/12/19.21:47:39 L.33
EN work/dmg_43_e0957f4fee433e17 1324360067 \
      FL /scratch/zaki/workspace/pocket_corr/pfb_core/synth_model/pfb_core.vhd \
      PB ieee/std_logic_1164 1266057277
AR work/dmg_43_e0957f4fee433e17/dmg_43_e0957f4fee433e17_a 1324360068 \
      FL /scratch/zaki/workspace/pocket_corr/pfb_core/synth_model/pfb_core.vhd \
      EN work/dmg_43_e0957f4fee433e17 1324360067
EN work/bmg_33_80d6b14676f218c5 1324360069 \
      FL /scratch/zaki/workspace/pocket_corr/pfb_core/synth_model/pfb_core.vhd \
      PB ieee/std_logic_1164 1266057277
AR work/bmg_33_80d6b14676f218c5/bmg_33_80d6b14676f218c5_a 1324360070 \
      FL /scratch/zaki/workspace/pocket_corr/pfb_core/synth_model/pfb_core.vhd \
      EN work/bmg_33_80d6b14676f218c5 1324360069
EN work/cntr_11_0_14a789a49ff66b1b 1324360071 \
      FL /scratch/zaki/workspace/pocket_corr/pfb_core/synth_model/pfb_core.vhd \
      PB ieee/std_logic_1164 1266057277
AR work/cntr_11_0_14a789a49ff66b1b/cntr_11_0_14a789a49ff66b1b_a 1324360072 \
      FL /scratch/zaki/workspace/pocket_corr/pfb_core/synth_model/pfb_core.vhd \
      EN work/cntr_11_0_14a789a49ff66b1b 1324360071
EN work/cntr_11_0_ae406e50e98e0e45 1324360073 \
      FL /scratch/zaki/workspace/pocket_corr/pfb_core/synth_model/pfb_core.vhd \
      PB ieee/std_logic_1164 1266057277
AR work/cntr_11_0_ae406e50e98e0e45/cntr_11_0_ae406e50e98e0e45_a 1324360074 \
      FL /scratch/zaki/workspace/pocket_corr/pfb_core/synth_model/pfb_core.vhd \
      EN work/cntr_11_0_ae406e50e98e0e45 1324360073
EN work/dmg_43_b7617019d0272360 1324360075 \
      FL /scratch/zaki/workspace/pocket_corr/pfb_core/synth_model/pfb_core.vhd \
      PB ieee/std_logic_1164 1266057277
AR work/dmg_43_b7617019d0272360/dmg_43_b7617019d0272360_a 1324360076 \
      FL /scratch/zaki/workspace/pocket_corr/pfb_core/synth_model/pfb_core.vhd \
      EN work/dmg_43_b7617019d0272360 1324360075
EN work/dmg_43_7cde0f653fa26908 1324360077 \
      FL /scratch/zaki/workspace/pocket_corr/pfb_core/synth_model/pfb_core.vhd \
      PB ieee/std_logic_1164 1266057277
AR work/dmg_43_7cde0f653fa26908/dmg_43_7cde0f653fa26908_a 1324360078 \
      FL /scratch/zaki/workspace/pocket_corr/pfb_core/synth_model/pfb_core.vhd \
      EN work/dmg_43_7cde0f653fa26908 1324360077
EN work/dmg_43_fc0fede523fbb97e 1324360079 \
      FL /scratch/zaki/workspace/pocket_corr/pfb_core/synth_model/pfb_core.vhd \
      PB ieee/std_logic_1164 1266057277
AR work/dmg_43_fc0fede523fbb97e/dmg_43_fc0fede523fbb97e_a 1324360080 \
      FL /scratch/zaki/workspace/pocket_corr/pfb_core/synth_model/pfb_core.vhd \
      EN work/dmg_43_fc0fede523fbb97e 1324360079
EN work/addsb_11_0_4a0ca6698df0791b 1324360081 \
      FL /scratch/zaki/workspace/pocket_corr/pfb_core/synth_model/pfb_core.vhd \
      PB ieee/std_logic_1164 1266057277
AR work/addsb_11_0_4a0ca6698df0791b/addsb_11_0_4a0ca6698df0791b_a 1324360082 \
      FL /scratch/zaki/workspace/pocket_corr/pfb_core/synth_model/pfb_core.vhd \
      EN work/addsb_11_0_4a0ca6698df0791b 1324360081
PH work/conv_pkg 1324360083 \
      FL /scratch/zaki/workspace/pocket_corr/pfb_core/synth_model/pfb_core.vhd \
      PB ieee/std_logic_1164 1266057277 PB ieee/NUMERIC_STD 1266057278
PB work/conv_pkg 1324360084 \
      FL /scratch/zaki/workspace/pocket_corr/pfb_core/synth_model/pfb_core.vhd \
      PH work/conv_pkg 1324360083
EN work/srl17e 1324360085 \
      FL /scratch/zaki/workspace/pocket_corr/pfb_core/synth_model/pfb_core.vhd \
      PB ieee/std_logic_1164 1266057277 PB work/conv_pkg 1324360084
AR work/srl17e/structural 1324360086 \
      FL /scratch/zaki/workspace/pocket_corr/pfb_core/synth_model/pfb_core.vhd \
      EN work/srl17e 1324360085 CP srl16e CP fde
EN work/synth_reg 1324360087 \
      FL /scratch/zaki/workspace/pocket_corr/pfb_core/synth_model/pfb_core.vhd \
      PB ieee/std_logic_1164 1266057277 PB work/conv_pkg 1324360084
AR work/synth_reg/structural 1324360088 \
      FL /scratch/zaki/workspace/pocket_corr/pfb_core/synth_model/pfb_core.vhd \
      EN work/synth_reg 1324360087 CP srl17e
EN work/synth_reg_reg 1324360089 \
      FL /scratch/zaki/workspace/pocket_corr/pfb_core/synth_model/pfb_core.vhd \
      PB ieee/std_logic_1164 1266057277 PB work/conv_pkg 1324360084
AR work/synth_reg_reg/behav 1324360090 \
      FL /scratch/zaki/workspace/pocket_corr/pfb_core/synth_model/pfb_core.vhd \
      EN work/synth_reg_reg 1324360089
EN work/single_reg_w_init 1324360091 \
      FL /scratch/zaki/workspace/pocket_corr/pfb_core/synth_model/pfb_core.vhd \
      PB ieee/std_logic_1164 1266057277 PB work/conv_pkg 1324360084
AR work/single_reg_w_init/structural 1324360092 \
      FL /scratch/zaki/workspace/pocket_corr/pfb_core/synth_model/pfb_core.vhd \
      EN work/single_reg_w_init 1324360091 CP fdre CP fdse
EN work/synth_reg_w_init 1324360093 \
      FL /scratch/zaki/workspace/pocket_corr/pfb_core/synth_model/pfb_core.vhd \
      PB ieee/std_logic_1164 1266057277 PB work/conv_pkg 1324360084
AR work/synth_reg_w_init/structural 1324360094 \
      FL /scratch/zaki/workspace/pocket_corr/pfb_core/synth_model/pfb_core.vhd \
      EN work/synth_reg_w_init 1324360093 CP single_reg_w_init
EN work/reinterpret_4389dc89bf 1324360095 \
      FL /scratch/zaki/workspace/pocket_corr/pfb_core/synth_model/pfb_core.vhd \
      PB ieee/std_logic_1164 1266057277 PB ieee/NUMERIC_STD 1266057278 \
      PB work/conv_pkg 1324360084
AR work/reinterpret_4389dc89bf/behavior 1324360096 \
      FL /scratch/zaki/workspace/pocket_corr/pfb_core/synth_model/pfb_core.vhd \
      EN work/reinterpret_4389dc89bf 1324360095
EN work/xlslice 1324360097 \
      FL /scratch/zaki/workspace/pocket_corr/pfb_core/synth_model/pfb_core.vhd \
      PB ieee/std_logic_1164 1266057277 PB ieee/std_logic_arith 1266057278 \
      PB work/conv_pkg 1324360084
AR work/xlslice/behavior 1324360098 \
      FL /scratch/zaki/workspace/pocket_corr/pfb_core/synth_model/pfb_core.vhd \
      EN work/xlslice 1324360097
EN work/constant_6293007044 1324360099 \
      FL /scratch/zaki/workspace/pocket_corr/pfb_core/synth_model/pfb_core.vhd \
      PB ieee/std_logic_1164 1266057277 PB ieee/NUMERIC_STD 1266057278 \
      PB work/conv_pkg 1324360084
AR work/constant_6293007044/behavior 1324360100 \
      FL /scratch/zaki/workspace/pocket_corr/pfb_core/synth_model/pfb_core.vhd \
      EN work/constant_6293007044 1324360099
EN work/xlcounter_limit 1324360101 \
      FL /scratch/zaki/workspace/pocket_corr/pfb_core/synth_model/pfb_core.vhd \
      PB ieee/std_logic_1164 1266057277 PB ieee/NUMERIC_STD 1266057278 \
      PB work/conv_pkg 1324360084
AR work/xlcounter_limit/behavior 1324360102 \
      FL /scratch/zaki/workspace/pocket_corr/pfb_core/synth_model/pfb_core.vhd \
      EN work/xlcounter_limit 1324360101 CP cntr_11_0_ae406e50e98e0e45
EN work/xlspram 1324360103 \
      FL /scratch/zaki/workspace/pocket_corr/pfb_core/synth_model/pfb_core.vhd \
      PB ieee/std_logic_1164 1266057277 PB work/conv_pkg 1324360084
AR work/xlspram/behavior 1324360104 \
      FL /scratch/zaki/workspace/pocket_corr/pfb_core/synth_model/pfb_core.vhd \
      EN work/xlspram 1324360103 CP bmg_33_80d6b14676f218c5 CP synth_reg
EN work/concat_a1e126f11c 1324360105 \
      FL /scratch/zaki/workspace/pocket_corr/pfb_core/synth_model/pfb_core.vhd \
      PB ieee/std_logic_1164 1266057277 PB ieee/NUMERIC_STD 1266057278 \
      PB work/conv_pkg 1324360084
AR work/concat_a1e126f11c/behavior 1324360106 \
      FL /scratch/zaki/workspace/pocket_corr/pfb_core/synth_model/pfb_core.vhd \
      EN work/concat_a1e126f11c 1324360105
EN work/xlcounter_free 1324360107 \
      FL /scratch/zaki/workspace/pocket_corr/pfb_core/synth_model/pfb_core.vhd \
      PB ieee/std_logic_1164 1266057277 PB work/conv_pkg 1324360084
AR work/xlcounter_free/behavior 1324360108 \
      FL /scratch/zaki/workspace/pocket_corr/pfb_core/synth_model/pfb_core.vhd \
      EN work/xlcounter_free 1324360107 CP cntr_11_0_ae406e50e98e0e45 \
      CP cntr_11_0_14a789a49ff66b1b
EN work/xldelay 1324360109 \
      FL /scratch/zaki/workspace/pocket_corr/pfb_core/synth_model/pfb_core.vhd \
      PB ieee/std_logic_1164 1266057277 PB work/conv_pkg 1324360084
AR work/xldelay/behavior 1324360110 \
      FL /scratch/zaki/workspace/pocket_corr/pfb_core/synth_model/pfb_core.vhd \
      EN work/xldelay 1324360109 CP synth_reg CP synth_reg_reg
EN work/xlsprom_dist 1324360111 \
      FL /scratch/zaki/workspace/pocket_corr/pfb_core/synth_model/pfb_core.vhd \
      PB ieee/std_logic_1164 1266057277 PB ieee/std_logic_arith 1266057278 \
      PB work/conv_pkg 1324360084
AR work/xlsprom_dist/behavior 1324360112 \
      FL /scratch/zaki/workspace/pocket_corr/pfb_core/synth_model/pfb_core.vhd \
      EN work/xlsprom_dist 1324360111 CP dmg_43_e0957f4fee433e17 \
      CP dmg_43_7cde0f653fa26908 CP dmg_43_fc0fede523fbb97e \
      CP dmg_43_b7617019d0272360 CP synth_reg
EN work/xlregister 1324360113 \
      FL /scratch/zaki/workspace/pocket_corr/pfb_core/synth_model/pfb_core.vhd \
      PB ieee/std_logic_1164 1266057277 PB work/conv_pkg 1324360084
AR work/xlregister/behavior 1324360114 \
      FL /scratch/zaki/workspace/pocket_corr/pfb_core/synth_model/pfb_core.vhd \
      EN work/xlregister 1324360113 CP synth_reg_w_init
EN work/reinterpret_d51df7ac30 1324360115 \
      FL /scratch/zaki/workspace/pocket_corr/pfb_core/synth_model/pfb_core.vhd \
      PB ieee/std_logic_1164 1266057277 PB ieee/NUMERIC_STD 1266057278 \
      PB work/conv_pkg 1324360084
AR work/reinterpret_d51df7ac30/behavior 1324360116 \
      FL /scratch/zaki/workspace/pocket_corr/pfb_core/synth_model/pfb_core.vhd \
      EN work/reinterpret_d51df7ac30 1324360115
EN work/concat_a369e00c6b 1324360117 \
      FL /scratch/zaki/workspace/pocket_corr/pfb_core/synth_model/pfb_core.vhd \
      PB ieee/std_logic_1164 1266057277 PB ieee/NUMERIC_STD 1266057278 \
      PB work/conv_pkg 1324360084
AR work/concat_a369e00c6b/behavior 1324360118 \
      FL /scratch/zaki/workspace/pocket_corr/pfb_core/synth_model/pfb_core.vhd \
      EN work/concat_a369e00c6b 1324360117
EN work/reinterpret_7025463ea8 1324360119 \
      FL /scratch/zaki/workspace/pocket_corr/pfb_core/synth_model/pfb_core.vhd \
      PB ieee/std_logic_1164 1266057277 PB ieee/NUMERIC_STD 1266057278 \
      PB work/conv_pkg 1324360084
AR work/reinterpret_7025463ea8/behavior 1324360120 \
      FL /scratch/zaki/workspace/pocket_corr/pfb_core/synth_model/pfb_core.vhd \
      EN work/reinterpret_7025463ea8 1324360119
EN work/constant_7c91b1b314 1324360121 \
      FL /scratch/zaki/workspace/pocket_corr/pfb_core/synth_model/pfb_core.vhd \
      PB ieee/std_logic_1164 1266057277 PB ieee/NUMERIC_STD 1266057278 \
      PB work/conv_pkg 1324360084
AR work/constant_7c91b1b314/behavior 1324360122 \
      FL /scratch/zaki/workspace/pocket_corr/pfb_core/synth_model/pfb_core.vhd \
      EN work/constant_7c91b1b314 1324360121
EN work/constant_fd28b32bf8 1324360123 \
      FL /scratch/zaki/workspace/pocket_corr/pfb_core/synth_model/pfb_core.vhd \
      PB ieee/std_logic_1164 1266057277 PB ieee/NUMERIC_STD 1266057278 \
      PB work/conv_pkg 1324360084
AR work/constant_fd28b32bf8/behavior 1324360124 \
      FL /scratch/zaki/workspace/pocket_corr/pfb_core/synth_model/pfb_core.vhd \
      EN work/constant_fd28b32bf8 1324360123
EN work/constant_e054d850c5 1324360125 \
      FL /scratch/zaki/workspace/pocket_corr/pfb_core/synth_model/pfb_core.vhd \
      PB ieee/std_logic_1164 1266057277 PB ieee/NUMERIC_STD 1266057278 \
      PB work/conv_pkg 1324360084
AR work/constant_e054d850c5/behavior 1324360126 \
      FL /scratch/zaki/workspace/pocket_corr/pfb_core/synth_model/pfb_core.vhd \
      EN work/constant_e054d850c5 1324360125
EN work/logical_aacf6e1b0e 1324360127 \
      FL /scratch/zaki/workspace/pocket_corr/pfb_core/synth_model/pfb_core.vhd \
      PB ieee/std_logic_1164 1266057277 PB ieee/NUMERIC_STD 1266057278 \
      PB work/conv_pkg 1324360084
AR work/logical_aacf6e1b0e/behavior 1324360128 \
      FL /scratch/zaki/workspace/pocket_corr/pfb_core/synth_model/pfb_core.vhd \
      EN work/logical_aacf6e1b0e 1324360127
EN work/mux_1bef4ba0e4 1324360129 \
      FL /scratch/zaki/workspace/pocket_corr/pfb_core/synth_model/pfb_core.vhd \
      PB ieee/std_logic_1164 1266057277 PB ieee/NUMERIC_STD 1266057278 \
      PB work/conv_pkg 1324360084
AR work/mux_1bef4ba0e4/behavior 1324360130 \
      FL /scratch/zaki/workspace/pocket_corr/pfb_core/synth_model/pfb_core.vhd \
      EN work/mux_1bef4ba0e4 1324360129
EN work/relational_d36fe12c1c 1324360131 \
      FL /scratch/zaki/workspace/pocket_corr/pfb_core/synth_model/pfb_core.vhd \
      PB ieee/std_logic_1164 1266057277 PB ieee/NUMERIC_STD 1266057278 \
      PB work/conv_pkg 1324360084
AR work/relational_d36fe12c1c/behavior 1324360132 \
      FL /scratch/zaki/workspace/pocket_corr/pfb_core/synth_model/pfb_core.vhd \
      EN work/relational_d36fe12c1c 1324360131
EN work/relational_acb3c05dd0 1324360133 \
      FL /scratch/zaki/workspace/pocket_corr/pfb_core/synth_model/pfb_core.vhd \
      PB ieee/std_logic_1164 1266057277 PB ieee/NUMERIC_STD 1266057278 \
      PB work/conv_pkg 1324360084
AR work/relational_acb3c05dd0/behavior 1324360134 \
      FL /scratch/zaki/workspace/pocket_corr/pfb_core/synth_model/pfb_core.vhd \
      EN work/relational_acb3c05dd0 1324360133
EN work/mult_98e3c7048f 1324360135 \
      FL /scratch/zaki/workspace/pocket_corr/pfb_core/synth_model/pfb_core.vhd \
      PB ieee/std_logic_1164 1266057277 PB ieee/NUMERIC_STD 1266057278 \
      PB work/conv_pkg 1324360084
AR work/mult_98e3c7048f/behavior 1324360136 \
      FL /scratch/zaki/workspace/pocket_corr/pfb_core/synth_model/pfb_core.vhd \
      EN work/mult_98e3c7048f 1324360135
EN work/xladdsub 1324360137 \
      FL /scratch/zaki/workspace/pocket_corr/pfb_core/synth_model/pfb_core.vhd \
      PB ieee/std_logic_1164 1266057277 PB ieee/std_logic_arith 1266057278 \
      PB work/conv_pkg 1324360084
AR work/xladdsub/behavior 1324360138 \
      FL /scratch/zaki/workspace/pocket_corr/pfb_core/synth_model/pfb_core.vhd \
      EN work/xladdsub 1324360137 CP addsb_11_0_4a0ca6698df0791b CP synth_reg
EN work/delay_e18fb31a3d 1324360139 \
      FL /scratch/zaki/workspace/pocket_corr/pfb_core/synth_model/pfb_core.vhd \
      PB ieee/std_logic_1164 1266057277 PB ieee/NUMERIC_STD 1266057278 \
      PB work/conv_pkg 1324360084
AR work/delay_e18fb31a3d/behavior 1324360140 \
      FL /scratch/zaki/workspace/pocket_corr/pfb_core/synth_model/pfb_core.vhd \
      EN work/delay_e18fb31a3d 1324360139
EN work/concat_b198bd62b0 1324360141 \
      FL /scratch/zaki/workspace/pocket_corr/pfb_core/synth_model/pfb_core.vhd \
      PB ieee/std_logic_1164 1266057277 PB ieee/NUMERIC_STD 1266057278 \
      PB work/conv_pkg 1324360084
AR work/concat_b198bd62b0/behavior 1324360142 \
      FL /scratch/zaki/workspace/pocket_corr/pfb_core/synth_model/pfb_core.vhd \
      EN work/concat_b198bd62b0 1324360141
EN work/reinterpret_580feec131 1324360143 \
      FL /scratch/zaki/workspace/pocket_corr/pfb_core/synth_model/pfb_core.vhd \
      PB ieee/std_logic_1164 1266057277 PB ieee/NUMERIC_STD 1266057278 \
      PB work/conv_pkg 1324360084
AR work/reinterpret_580feec131/behavior 1324360144 \
      FL /scratch/zaki/workspace/pocket_corr/pfb_core/synth_model/pfb_core.vhd \
      EN work/reinterpret_580feec131 1324360143
EN work/reinterpret_151459306d 1324360145 \
      FL /scratch/zaki/workspace/pocket_corr/pfb_core/synth_model/pfb_core.vhd \
      PB ieee/std_logic_1164 1266057277 PB ieee/NUMERIC_STD 1266057278 \
      PB work/conv_pkg 1324360084
AR work/reinterpret_151459306d/behavior 1324360146 \
      FL /scratch/zaki/workspace/pocket_corr/pfb_core/synth_model/pfb_core.vhd \
      EN work/reinterpret_151459306d 1324360145
EN work/convert_pipeline 1324360147 \
      FL /scratch/zaki/workspace/pocket_corr/pfb_core/synth_model/pfb_core.vhd \
      PB ieee/std_logic_1164 1266057277 PB work/conv_pkg 1324360084
AR work/convert_pipeline/behavior 1324360148 \
      FL /scratch/zaki/workspace/pocket_corr/pfb_core/synth_model/pfb_core.vhd \
      EN work/convert_pipeline 1324360147 CP synth_reg
EN work/xlconvert_pipeline 1324360149 \
      FL /scratch/zaki/workspace/pocket_corr/pfb_core/synth_model/pfb_core.vhd \
      PB ieee/std_logic_1164 1266057277 PB work/conv_pkg 1324360084
AR work/xlconvert_pipeline/behavior 1324360150 \
      FL /scratch/zaki/workspace/pocket_corr/pfb_core/synth_model/pfb_core.vhd \
      EN work/xlconvert_pipeline 1324360149 CP convert_pipeline
EN work/convert_func_call 1324360151 \
      FL /scratch/zaki/workspace/pocket_corr/pfb_core/synth_model/pfb_core.vhd \
      PB ieee/std_logic_1164 1266057277 PB work/conv_pkg 1324360084
AR work/convert_func_call/behavior 1324360152 \
      FL /scratch/zaki/workspace/pocket_corr/pfb_core/synth_model/pfb_core.vhd \
      EN work/convert_func_call 1324360151
EN work/xlconvert 1324360153 \
      FL /scratch/zaki/workspace/pocket_corr/pfb_core/synth_model/pfb_core.vhd \
      PB ieee/std_logic_1164 1266057277 PB work/conv_pkg 1324360084
AR work/xlconvert/behavior 1324360154 \
      FL /scratch/zaki/workspace/pocket_corr/pfb_core/synth_model/pfb_core.vhd \
      EN work/xlconvert 1324360153 CP convert_func_call CP synth_reg
EN work/scale_fa7c2ab9f6 1324360155 \
      FL /scratch/zaki/workspace/pocket_corr/pfb_core/synth_model/pfb_core.vhd \
      PB ieee/std_logic_1164 1266057277 PB ieee/NUMERIC_STD 1266057278 \
      PB work/conv_pkg 1324360084
AR work/scale_fa7c2ab9f6/behavior 1324360156 \
      FL /scratch/zaki/workspace/pocket_corr/pfb_core/synth_model/pfb_core.vhd \
      EN work/scale_fa7c2ab9f6 1324360155
EN work/concat_65b7cc6f0e 1324360157 \
      FL /scratch/zaki/workspace/pocket_corr/pfb_core/synth_model/pfb_core.vhd \
      PB ieee/std_logic_1164 1266057277 PB ieee/NUMERIC_STD 1266057278 \
      PB work/conv_pkg 1324360084
AR work/concat_65b7cc6f0e/behavior 1324360158 \
      FL /scratch/zaki/workspace/pocket_corr/pfb_core/synth_model/pfb_core.vhd \
      EN work/concat_65b7cc6f0e 1324360157
EN work/concat_62c4475a80 1324360159 \
      FL /scratch/zaki/workspace/pocket_corr/pfb_core/synth_model/pfb_core.vhd \
      PB ieee/std_logic_1164 1266057277 PB ieee/NUMERIC_STD 1266057278 \
      PB work/conv_pkg 1324360084
AR work/concat_62c4475a80/behavior 1324360160 \
      FL /scratch/zaki/workspace/pocket_corr/pfb_core/synth_model/pfb_core.vhd \
      EN work/concat_62c4475a80 1324360159
EN work/concat_0e2072f8e1 1324360161 \
      FL /scratch/zaki/workspace/pocket_corr/pfb_core/synth_model/pfb_core.vhd \
      PB ieee/std_logic_1164 1266057277 PB ieee/NUMERIC_STD 1266057278 \
      PB work/conv_pkg 1324360084
AR work/concat_0e2072f8e1/behavior 1324360162 \
      FL /scratch/zaki/workspace/pocket_corr/pfb_core/synth_model/pfb_core.vhd \
      EN work/concat_0e2072f8e1 1324360161
EN work/c_to_ri_entity_e07bd19e63 1324360163 \
      FL /scratch/zaki/workspace/pocket_corr/pfb_core/synth_model/pfb_core.vhd \
      PB ieee/std_logic_1164 1266057277 PB work/conv_pkg 1324360084
AR work/c_to_ri_entity_e07bd19e63/structural 1324360164 \
      FL /scratch/zaki/workspace/pocket_corr/pfb_core/synth_model/pfb_core.vhd \
      EN work/c_to_ri_entity_e07bd19e63 1324360163 CP work/reinterpret_4389dc89bf \
      CP work/xlslice
EN work/delay_bram_entity_7c18011f84 1324360165 \
      FL /scratch/zaki/workspace/pocket_corr/pfb_core/synth_model/pfb_core.vhd \
      PB ieee/std_logic_1164 1266057277 PB work/conv_pkg 1324360084
AR work/delay_bram_entity_7c18011f84/structural 1324360166 \
      FL /scratch/zaki/workspace/pocket_corr/pfb_core/synth_model/pfb_core.vhd \
      EN work/delay_bram_entity_7c18011f84 1324360165 CP work/constant_6293007044 \
      CP work/xlcounter_limit CP work/xlspram
EN work/pfb_coeff_gen_entity_8bc942b6f1 1324360167 \
      FL /scratch/zaki/workspace/pocket_corr/pfb_core/synth_model/pfb_core.vhd \
      PB ieee/std_logic_1164 1266057277 PB work/conv_pkg 1324360084
AR work/pfb_coeff_gen_entity_8bc942b6f1/structural 1324360168 \
      FL /scratch/zaki/workspace/pocket_corr/pfb_core/synth_model/pfb_core.vhd \
      EN work/pfb_coeff_gen_entity_8bc942b6f1 1324360167 \
      CP work/concat_a1e126f11c CP work/xlcounter_free CP work/xldelay \
      CP work/xlregister CP work/reinterpret_d51df7ac30 CP work/xlsprom_dist
EN work/ri_to_c_entity_c9863a5ffc 1324360169 \
      FL /scratch/zaki/workspace/pocket_corr/pfb_core/synth_model/pfb_core.vhd \
      PB ieee/std_logic_1164 1266057277 PB work/conv_pkg 1324360084
AR work/ri_to_c_entity_c9863a5ffc/structural 1324360170 \
      FL /scratch/zaki/workspace/pocket_corr/pfb_core/synth_model/pfb_core.vhd \
      EN work/ri_to_c_entity_c9863a5ffc 1324360169 CP work/concat_a369e00c6b \
      CP work/reinterpret_7025463ea8
EN work/sync_delay_entity_9fa8e29349 1324360171 \
      FL /scratch/zaki/workspace/pocket_corr/pfb_core/synth_model/pfb_core.vhd \
      PB ieee/std_logic_1164 1266057277 PB work/conv_pkg 1324360084
AR work/sync_delay_entity_9fa8e29349/structural 1324360172 \
      FL /scratch/zaki/workspace/pocket_corr/pfb_core/synth_model/pfb_core.vhd \
      EN work/sync_delay_entity_9fa8e29349 1324360171 CP work/constant_fd28b32bf8 \
      CP work/constant_e054d850c5 CP work/constant_6293007044 \
      CP work/constant_7c91b1b314 CP work/xlcounter_free \
      CP work/logical_aacf6e1b0e CP work/mux_1bef4ba0e4 \
      CP work/relational_d36fe12c1c CP work/relational_acb3c05dd0
EN work/pol1_in1_first_tap_entity_95f833393f 1324360173 \
      FL /scratch/zaki/workspace/pocket_corr/pfb_core/synth_model/pfb_core.vhd \
      PB ieee/std_logic_1164 1266057277 PB work/conv_pkg 1324360084
AR work/pol1_in1_first_tap_entity_95f833393f/structural 1324360174 \
      FL /scratch/zaki/workspace/pocket_corr/pfb_core/synth_model/pfb_core.vhd \
      EN work/pol1_in1_first_tap_entity_95f833393f 1324360173 \
      CP work/c_to_ri_entity_e07bd19e63 CP work/delay_bram_entity_7c18011f84 \
      CP work/mult_98e3c7048f CP work/pfb_coeff_gen_entity_8bc942b6f1 \
      CP work/reinterpret_4389dc89bf CP work/ri_to_c_entity_c9863a5ffc \
      CP work/xlslice CP work/sync_delay_entity_9fa8e29349
EN work/adder_tree1_entity_b75e5628a6 1324360175 \
      FL /scratch/zaki/workspace/pocket_corr/pfb_core/synth_model/pfb_core.vhd \
      PB ieee/std_logic_1164 1266057277 PB work/conv_pkg 1324360084
AR work/adder_tree1_entity_b75e5628a6/structural 1324360176 \
      FL /scratch/zaki/workspace/pocket_corr/pfb_core/synth_model/pfb_core.vhd \
      EN work/adder_tree1_entity_b75e5628a6 1324360175 CP work/xladdsub \
      CP work/delay_e18fb31a3d
EN work/adder_tree2_entity_cc61584512 1324360177 \
      FL /scratch/zaki/workspace/pocket_corr/pfb_core/synth_model/pfb_core.vhd \
      PB ieee/std_logic_1164 1266057277 PB work/conv_pkg 1324360084
AR work/adder_tree2_entity_cc61584512/structural 1324360178 \
      FL /scratch/zaki/workspace/pocket_corr/pfb_core/synth_model/pfb_core.vhd \
      EN work/adder_tree2_entity_cc61584512 1324360177 CP work/xladdsub
EN work/ri_to_c_entity_a8591987ee 1324360179 \
      FL /scratch/zaki/workspace/pocket_corr/pfb_core/synth_model/pfb_core.vhd \
      PB ieee/std_logic_1164 1266057277 PB work/conv_pkg 1324360084
AR work/ri_to_c_entity_a8591987ee/structural 1324360180 \
      FL /scratch/zaki/workspace/pocket_corr/pfb_core/synth_model/pfb_core.vhd \
      EN work/ri_to_c_entity_a8591987ee 1324360179 CP work/concat_b198bd62b0 \
      CP work/reinterpret_580feec131
EN work/pfb_add_tree_entity_30780f0068 1324360181 \
      FL /scratch/zaki/workspace/pocket_corr/pfb_core/synth_model/pfb_core.vhd \
      PB ieee/std_logic_1164 1266057277 PB work/conv_pkg 1324360084
AR work/pfb_add_tree_entity_30780f0068/structural 1324360182 \
      FL /scratch/zaki/workspace/pocket_corr/pfb_core/synth_model/pfb_core.vhd \
      EN work/pfb_add_tree_entity_30780f0068 1324360181 \
      CP work/adder_tree1_entity_b75e5628a6 CP work/adder_tree2_entity_cc61584512 \
      CP work/xlconvert_pipeline CP work/xlconvert CP work/xldelay \
      CP work/reinterpret_151459306d CP work/ri_to_c_entity_a8591987ee \
      CP work/scale_fa7c2ab9f6 CP work/xlslice
EN work/pol1_in1_last_tap_entity_6e90a55d34 1324360183 \
      FL /scratch/zaki/workspace/pocket_corr/pfb_core/synth_model/pfb_core.vhd \
      PB ieee/std_logic_1164 1266057277 PB work/conv_pkg 1324360084
AR work/pol1_in1_last_tap_entity_6e90a55d34/structural 1324360184 \
      FL /scratch/zaki/workspace/pocket_corr/pfb_core/synth_model/pfb_core.vhd \
      EN work/pol1_in1_last_tap_entity_6e90a55d34 1324360183 \
      CP work/c_to_ri_entity_e07bd19e63 CP work/concat_65b7cc6f0e CP work/xldelay \
      CP work/mult_98e3c7048f CP work/pfb_add_tree_entity_30780f0068 \
      CP work/reinterpret_4389dc89bf CP work/ri_to_c_entity_c9863a5ffc
EN work/pol1_in1_tap2_entity_0a9c2b1a2d 1324360185 \
      FL /scratch/zaki/workspace/pocket_corr/pfb_core/synth_model/pfb_core.vhd \
      PB ieee/std_logic_1164 1266057277 PB work/conv_pkg 1324360084
AR work/pol1_in1_tap2_entity_0a9c2b1a2d/structural 1324360186 \
      FL /scratch/zaki/workspace/pocket_corr/pfb_core/synth_model/pfb_core.vhd \
      EN work/pol1_in1_tap2_entity_0a9c2b1a2d 1324360185 \
      CP work/c_to_ri_entity_e07bd19e63 CP work/concat_62c4475a80 \
      CP work/delay_bram_entity_7c18011f84 CP work/mult_98e3c7048f \
      CP work/reinterpret_4389dc89bf CP work/ri_to_c_entity_c9863a5ffc \
      CP work/xlslice CP work/sync_delay_entity_9fa8e29349
EN work/pol1_in1_tap3_entity_2ce3003291 1324360187 \
      FL /scratch/zaki/workspace/pocket_corr/pfb_core/synth_model/pfb_core.vhd \
      PB ieee/std_logic_1164 1266057277 PB work/conv_pkg 1324360084
AR work/pol1_in1_tap3_entity_2ce3003291/structural 1324360188 \
      FL /scratch/zaki/workspace/pocket_corr/pfb_core/synth_model/pfb_core.vhd \
      EN work/pol1_in1_tap3_entity_2ce3003291 1324360187 \
      CP work/c_to_ri_entity_e07bd19e63 CP work/concat_0e2072f8e1 \
      CP work/delay_bram_entity_7c18011f84 CP work/mult_98e3c7048f \
      CP work/reinterpret_4389dc89bf CP work/ri_to_c_entity_c9863a5ffc \
      CP work/xlslice CP work/sync_delay_entity_9fa8e29349
EN work/pfb_fir_entity_a4f09a2d8b 1324360189 \
      FL /scratch/zaki/workspace/pocket_corr/pfb_core/synth_model/pfb_core.vhd \
      PB ieee/std_logic_1164 1266057277 PB work/conv_pkg 1324360084
AR work/pfb_fir_entity_a4f09a2d8b/structural 1324360190 \
      FL /scratch/zaki/workspace/pocket_corr/pfb_core/synth_model/pfb_core.vhd \
      EN work/pfb_fir_entity_a4f09a2d8b 1324360189 \
      CP work/pol1_in1_first_tap_entity_95f833393f \
      CP work/pol1_in1_last_tap_entity_6e90a55d34 \
      CP work/pol1_in1_tap2_entity_0a9c2b1a2d \
      CP work/pol1_in1_tap3_entity_2ce3003291
EN work/pfb_core 1324360191 \
      FL /scratch/zaki/workspace/pocket_corr/pfb_core/synth_model/pfb_core.vhd \
      PB ieee/std_logic_1164 1266057277 PB work/conv_pkg 1324360084
AR work/pfb_core/structural 1324360192 \
      FL /scratch/zaki/workspace/pocket_corr/pfb_core/synth_model/pfb_core.vhd \
      EN work/pfb_core 1324360191 CP work/pfb_fir_entity_a4f09a2d8b
FL /scratch/zaki/workspace/pocket_corr/pfb_core/synth_model/pfb_core_cw.vhd 2011/12/19.21:47:39 L.33
EN work/xlclockdriver 1324360193 \
      FL /scratch/zaki/workspace/pocket_corr/pfb_core/synth_model/pfb_core_cw.vhd \
      PB ieee/std_logic_1164 1266057277 PB ieee/NUMERIC_STD 1266057278 \
      PB work/conv_pkg 1324360084
AR work/xlclockdriver/behavior 1324360194 \
      FL /scratch/zaki/workspace/pocket_corr/pfb_core/synth_model/pfb_core_cw.vhd \
      EN work/xlclockdriver 1324360193 CP synth_reg_w_init CP bufg
EN work/default_clock_driver 1324360195 \
      FL /scratch/zaki/workspace/pocket_corr/pfb_core/synth_model/pfb_core_cw.vhd \
      PB ieee/std_logic_1164 1266057277 PB work/conv_pkg 1324360084
AR work/default_clock_driver/structural 1324360196 \
      FL /scratch/zaki/workspace/pocket_corr/pfb_core/synth_model/pfb_core_cw.vhd \
      EN work/default_clock_driver 1324360195 CP work/xlclockdriver
EN work/pfb_core_cw 1324360197 \
      FL /scratch/zaki/workspace/pocket_corr/pfb_core/synth_model/pfb_core_cw.vhd \
      PB ieee/std_logic_1164 1266057277 PB work/conv_pkg 1324360084
AR work/pfb_core_cw/structural 1324360198 \
      FL /scratch/zaki/workspace/pocket_corr/pfb_core/synth_model/pfb_core_cw.vhd \
      EN work/pfb_core_cw 1324360197 CP work/default_clock_driver \
      CP xlpersistentdff CP work/pfb_core
