AR constant_ef0e2e5fc6 behavior /scratch/zaki/workspace/pocket_corr/fft_1024ch_core/synth_model/fft_1024ch_core.vhd sub03/vhpl311 1324413734
EN mux_181e58d842 NULL /scratch/zaki/workspace/pocket_corr/fft_1024ch_core/synth_model/fft_1024ch_core.vhd sub02/vhpl254 1324413677
EN delay_b_entity_2c0ffecd3f NULL /scratch/zaki/workspace/pocket_corr/fft_1024ch_core/synth_model/fft_1024ch_core.vhd sub04/vhpl428 1324413851
EN sync_delay_entity_f0dbf3f546 NULL /scratch/zaki/workspace/pocket_corr/fft_1024ch_core/synth_model/fft_1024ch_core.vhd sub04/vhpl404 1324413827
AR constant_180df391de behavior /scratch/zaki/workspace/pocket_corr/fft_1024ch_core/synth_model/fft_1024ch_core.vhd sub02/vhpl287 1324413710
AR cntr_11_0_34d24d689ba4471f cntr_11_0_34d24d689ba4471f_a /scratch/zaki/workspace/pocket_corr/fft_1024ch_core/synth_model/fft_1024ch_core.vhd sub00/vhpl63 1324413486
AR addsub_c7ad41276b behavior /scratch/zaki/workspace/pocket_corr/fft_1024ch_core/synth_model/fft_1024ch_core.vhd sub01/vhpl119 1324413542
EN logical_182ac6c51e NULL /scratch/zaki/workspace/pocket_corr/fft_1024ch_core/synth_model/fft_1024ch_core.vhd sub02/vhpl206 1324413629
PB conv_pkg conv_pkg /scratch/zaki/workspace/pocket_corr/fft_1024ch_core/synth_model/fft_1024ch_core.vhd sub00/vhpl99 1324413522
EN bmg_33_c613268bf4c74fe6 NULL /scratch/zaki/workspace/pocket_corr/fft_1024ch_core/synth_model/fft_1024ch_core.vhd sub00/vhpl78 1324413501
EN concat_c615d93998 NULL /scratch/zaki/workspace/pocket_corr/fft_1024ch_core/synth_model/fft_1024ch_core.vhd sub01/vhpl166 1324413589
AR bi_real_unscr_2x_entity_cf42a9c4ad structural /scratch/zaki/workspace/pocket_corr/fft_1024ch_core/synth_model/fft_1024ch_core.vhd sub03/vhpl351 1324413774
AR reinterpret_299ca43e25 behavior /scratch/zaki/workspace/pocket_corr/fft_1024ch_core/synth_model/fft_1024ch_core.vhd sub02/vhpl205 1324413628
EN delay_ae3f84524a NULL /scratch/zaki/workspace/pocket_corr/fft_1024ch_core/synth_model/fft_1024ch_core.vhd sub02/vhpl242 1324413665
EN mult_f295e5f0f2 NULL /scratch/zaki/workspace/pocket_corr/fft_1024ch_core/synth_model/fft_1024ch_core.vhd sub02/vhpl214 1324413637
EN bmg_33_f64e12192046d142 NULL /scratch/zaki/workspace/pocket_corr/fft_1024ch_core/synth_model/fft_1024ch_core.vhd sub00/vhpl14 1324413437
EN sync_delay_entity_18a8dad1bf NULL /scratch/zaki/workspace/pocket_corr/fft_1024ch_core/synth_model/fft_1024ch_core.vhd sub04/vhpl416 1324413839
EN bmg_33_ba2cbf4ee1b86c81 NULL /scratch/zaki/workspace/pocket_corr/fft_1024ch_core/synth_model/fft_1024ch_core.vhd sub00/vhpl36 1324413459
EN logical_444d3f5046 NULL /scratch/zaki/workspace/pocket_corr/fft_1024ch_core/synth_model/fft_1024ch_core.vhd sub01/vhpl190 1324413613
EN convert_of0_entity_8520f090ce NULL /scratch/zaki/workspace/pocket_corr/fft_1024ch_core/synth_model/fft_1024ch_core.vhd sub03/vhpl354 1324413777
EN addsub_c01f39127c NULL /scratch/zaki/workspace/pocket_corr/fft_1024ch_core/synth_model/fft_1024ch_core.vhd sub02/vhpl220 1324413643
AR relational_f6702ea2f7 behavior /scratch/zaki/workspace/pocket_corr/fft_1024ch_core/synth_model/fft_1024ch_core.vhd sub02/vhpl263 1324413686
EN butterfly_direct_entity_7728dda2c8 NULL /scratch/zaki/workspace/pocket_corr/fft_1024ch_core/synth_model/fft_1024ch_core.vhd sub04/vhpl412 1324413835
EN sync_delay_entity_f73482297e NULL /scratch/zaki/workspace/pocket_corr/fft_1024ch_core/synth_model/fft_1024ch_core.vhd sub04/vhpl490 1324413913
EN cntr_11_0_9a636cbfb020a9d6 NULL /scratch/zaki/workspace/pocket_corr/fft_1024ch_core/synth_model/fft_1024ch_core.vhd sub00/vhpl24 1324413447
AR fft_stage_5_entity_47f5cf444b structural /scratch/zaki/workspace/pocket_corr/fft_1024ch_core/synth_model/fft_1024ch_core.vhd sub04/vhpl445 1324413868
EN bmg_33_b972f6608ff04778 NULL /scratch/zaki/workspace/pocket_corr/fft_1024ch_core/synth_model/fft_1024ch_core.vhd sub00/vhpl94 1324413517
EN butterfly_direct_entity_db55f3a9ea NULL /scratch/zaki/workspace/pocket_corr/fft_1024ch_core/synth_model/fft_1024ch_core.vhd sub04/vhpl426 1324413849
AR constant_4709ea49b5 behavior /scratch/zaki/workspace/pocket_corr/fft_1024ch_core/synth_model/fft_1024ch_core.vhd sub01/vhpl173 1324413596
EN relational_b4b277ae0f NULL /scratch/zaki/workspace/pocket_corr/fft_1024ch_core/synth_model/fft_1024ch_core.vhd sub01/vhpl146 1324413569
AR dmg_43_2ed32a2fd073c158 dmg_43_2ed32a2fd073c158_a /scratch/zaki/workspace/pocket_corr/fft_1024ch_core/synth_model/fft_1024ch_core.vhd sub00/vhpl17 1324413440
AR constant_145086465d behavior /scratch/zaki/workspace/pocket_corr/fft_1024ch_core/synth_model/fft_1024ch_core.vhd sub03/vhpl321 1324413744
AR xldelay behavior /scratch/zaki/workspace/pocket_corr/fft_1024ch_core/synth_model/fft_1024ch_core.vhd sub01/vhpl149 1324413572
AR mux_f1f44b96f0 behavior /scratch/zaki/workspace/pocket_corr/fft_1024ch_core/synth_model/fft_1024ch_core.vhd sub02/vhpl225 1324413648
AR cntr_11_0_acf8df2a66449f86 cntr_11_0_acf8df2a66449f86_a /scratch/zaki/workspace/pocket_corr/fft_1024ch_core/synth_model/fft_1024ch_core.vhd sub00/vhpl59 1324413482
AR xlconvert behavior /scratch/zaki/workspace/pocket_corr/fft_1024ch_core/synth_model/fft_1024ch_core.vhd sub01/vhpl125 1324413548
EN constant_fd85eb7067 NULL /scratch/zaki/workspace/pocket_corr/fft_1024ch_core/synth_model/fft_1024ch_core.vhd sub02/vhpl268 1324413691
EN constant_a7e2bb9e12 NULL /scratch/zaki/workspace/pocket_corr/fft_1024ch_core/synth_model/fft_1024ch_core.vhd sub02/vhpl228 1324413651
AR convert_entity_58e9e8dce9 structural /scratch/zaki/workspace/pocket_corr/fft_1024ch_core/synth_model/fft_1024ch_core.vhd sub03/vhpl367 1324413790
EN delay_b_entity_f5e13c2a4d NULL /scratch/zaki/workspace/pocket_corr/fft_1024ch_core/synth_model/fft_1024ch_core.vhd sub04/vhpl488 1324413911
AR fft_stage_9_entity_30f5b66e54 structural /scratch/zaki/workspace/pocket_corr/fft_1024ch_core/synth_model/fft_1024ch_core.vhd sub04/vhpl493 1324413916
EN constant_a3923dd146 NULL /scratch/zaki/workspace/pocket_corr/fft_1024ch_core/synth_model/fft_1024ch_core.vhd sub01/vhpl130 1324413553
EN mux_f1f44b96f0 NULL /scratch/zaki/workspace/pocket_corr/fft_1024ch_core/synth_model/fft_1024ch_core.vhd sub02/vhpl224 1324413647
EN xldelay NULL /scratch/zaki/workspace/pocket_corr/fft_1024ch_core/synth_model/fft_1024ch_core.vhd sub01/vhpl148 1324413571
AR default_clock_driver structural /scratch/zaki/workspace/pocket_corr/fft_1024ch_core/synth_model/fft_1024ch_core_cw.vhd sub05/vhpl503 1324413926
EN cntr_11_0_acf8df2a66449f86 NULL /scratch/zaki/workspace/pocket_corr/fft_1024ch_core/synth_model/fft_1024ch_core.vhd sub00/vhpl58 1324413481
EN xlsprom_dist NULL /scratch/zaki/workspace/pocket_corr/fft_1024ch_core/synth_model/fft_1024ch_core.vhd sub02/vhpl264 1324413687
EN constant_f1ac4bddff NULL /scratch/zaki/workspace/pocket_corr/fft_1024ch_core/synth_model/fft_1024ch_core.vhd sub02/vhpl258 1324413681
AR coeff_gen_entity_e9d8c088fa structural /scratch/zaki/workspace/pocket_corr/fft_1024ch_core/synth_model/fft_1024ch_core.vhd sub04/vhpl423 1324413846
AR sync_delay_entity_1e7ab04d67 structural /scratch/zaki/workspace/pocket_corr/fft_1024ch_core/synth_model/fft_1024ch_core.vhd sub04/vhpl467 1324413890
EN counter_9037948c69 NULL /scratch/zaki/workspace/pocket_corr/fft_1024ch_core/synth_model/fft_1024ch_core.vhd sub02/vhpl240 1324413663
EN constant_cda50df78a NULL /scratch/zaki/workspace/pocket_corr/fft_1024ch_core/synth_model/fft_1024ch_core.vhd sub02/vhpl230 1324413653
AR delay_b_entity_2c0ffecd3f structural /scratch/zaki/workspace/pocket_corr/fft_1024ch_core/synth_model/fft_1024ch_core.vhd sub04/vhpl429 1324413852
AR reinterpret_4a8cbc85ce behavior /scratch/zaki/workspace/pocket_corr/fft_1024ch_core/synth_model/fft_1024ch_core.vhd sub01/vhpl169 1324413592
EN c_to_ri_entity_f42d569dcd NULL /scratch/zaki/workspace/pocket_corr/fft_1024ch_core/synth_model/fft_1024ch_core.vhd sub03/vhpl338 1324413761
EN delay_2f744cdafb NULL /scratch/zaki/workspace/pocket_corr/fft_1024ch_core/synth_model/fft_1024ch_core.vhd sub02/vhpl246 1324413669
AR coeff_gen_entity_12d397242a structural /scratch/zaki/workspace/pocket_corr/fft_1024ch_core/synth_model/fft_1024ch_core.vhd sub04/vhpl409 1324413832
EN bmg_33_9b710071af525a53 NULL /scratch/zaki/workspace/pocket_corr/fft_1024ch_core/synth_model/fft_1024ch_core.vhd sub00/vhpl22 1324413445
EN dmg_43_53f87b14ea26f2c9 NULL /scratch/zaki/workspace/pocket_corr/fft_1024ch_core/synth_model/fft_1024ch_core.vhd sub00/vhpl86 1324413509
EN delay_cbdfa55dc3 NULL /scratch/zaki/workspace/pocket_corr/fft_1024ch_core/synth_model/fft_1024ch_core.vhd sub02/vhpl248 1324413671
EN bmg_33_6b05b5fcaf93ca60 NULL /scratch/zaki/workspace/pocket_corr/fft_1024ch_core/synth_model/fft_1024ch_core.vhd sub00/vhpl96 1324413519
AR constant_a3923dd146 behavior /scratch/zaki/workspace/pocket_corr/fft_1024ch_core/synth_model/fft_1024ch_core.vhd sub01/vhpl131 1324413554
AR reinterpret_60ea556961 behavior /scratch/zaki/workspace/pocket_corr/fft_1024ch_core/synth_model/fft_1024ch_core.vhd sub02/vhpl203 1324413626
EN ri_to_c_entity_c425c46f59 NULL /scratch/zaki/workspace/pocket_corr/fft_1024ch_core/synth_model/fft_1024ch_core.vhd sub03/vhpl340 1324413763
AR twiddle_general_4mult_entity_5314b8011b structural /scratch/zaki/workspace/pocket_corr/fft_1024ch_core/synth_model/fft_1024ch_core.vhd sub03/vhpl389 1324413812
AR constant_91ef1678ca behavior /scratch/zaki/workspace/pocket_corr/fft_1024ch_core/synth_model/fft_1024ch_core.vhd sub02/vhpl279 1324413702
EN constant_961b61f8a1 NULL /scratch/zaki/workspace/pocket_corr/fft_1024ch_core/synth_model/fft_1024ch_core.vhd sub03/vhpl300 1324413723
AR concat_c615d93998 behavior /scratch/zaki/workspace/pocket_corr/fft_1024ch_core/synth_model/fft_1024ch_core.vhd sub01/vhpl167 1324413590
AR logical_182ac6c51e behavior /scratch/zaki/workspace/pocket_corr/fft_1024ch_core/synth_model/fft_1024ch_core.vhd sub02/vhpl207 1324413630
AR addsub_2969055f39 behavior /scratch/zaki/workspace/pocket_corr/fft_1024ch_core/synth_model/fft_1024ch_core.vhd sub01/vhpl199 1324413622
AR butterfly_direct_entity_3dda9f7958 structural /scratch/zaki/workspace/pocket_corr/fft_1024ch_core/synth_model/fft_1024ch_core.vhd sub03/vhpl379 1324413802
EN bmg_33_86cad15aba8b45bc NULL /scratch/zaki/workspace/pocket_corr/fft_1024ch_core/synth_model/fft_1024ch_core.vhd sub00/vhpl56 1324413479
AR twiddle_general_4mult_entity_b60354a90e structural /scratch/zaki/workspace/pocket_corr/fft_1024ch_core/synth_model/fft_1024ch_core.vhd sub04/vhpl437 1324413860
AR counter_9037948c69 behavior /scratch/zaki/workspace/pocket_corr/fft_1024ch_core/synth_model/fft_1024ch_core.vhd sub02/vhpl241 1324413664
AR sync_delay_entity_18a8dad1bf structural /scratch/zaki/workspace/pocket_corr/fft_1024ch_core/synth_model/fft_1024ch_core.vhd sub04/vhpl417 1324413840
AR bmg_33_f64e12192046d142 bmg_33_f64e12192046d142_a /scratch/zaki/workspace/pocket_corr/fft_1024ch_core/synth_model/fft_1024ch_core.vhd sub00/vhpl15 1324413438
EN logical_938d99ac11 NULL /scratch/zaki/workspace/pocket_corr/fft_1024ch_core/synth_model/fft_1024ch_core.vhd sub01/vhpl178 1324413601
AR fft_1024ch_core_cw structural /scratch/zaki/workspace/pocket_corr/fft_1024ch_core/synth_model/fft_1024ch_core_cw.vhd sub05/vhpl505 1324413928
AR delay_cbdfa55dc3 behavior /scratch/zaki/workspace/pocket_corr/fft_1024ch_core/synth_model/fft_1024ch_core.vhd sub02/vhpl249 1324413672
AR xlcounter_limit behavior /scratch/zaki/workspace/pocket_corr/fft_1024ch_core/synth_model/fft_1024ch_core.vhd sub01/vhpl151 1324413574
EN reinterpret_299ca43e25 NULL /scratch/zaki/workspace/pocket_corr/fft_1024ch_core/synth_model/fft_1024ch_core.vhd sub02/vhpl204 1324413627
EN logical_80f90b97d0 NULL /scratch/zaki/workspace/pocket_corr/fft_1024ch_core/synth_model/fft_1024ch_core.vhd sub01/vhpl140 1324413563
AR counter_9b03e3d644 behavior /scratch/zaki/workspace/pocket_corr/fft_1024ch_core/synth_model/fft_1024ch_core.vhd sub02/vhpl239 1324413662
EN sync_delay_entity_1e7ab04d67 NULL /scratch/zaki/workspace/pocket_corr/fft_1024ch_core/synth_model/fft_1024ch_core.vhd sub04/vhpl466 1324413889
AR coeff_gen_entity_ac97b0964d structural /scratch/zaki/workspace/pocket_corr/fft_1024ch_core/synth_model/fft_1024ch_core.vhd sub03/vhpl375 1324413798
EN delay_38898c80c0 NULL /scratch/zaki/workspace/pocket_corr/fft_1024ch_core/synth_model/fft_1024ch_core.vhd sub02/vhpl212 1324413635
AR concat_f133931c1f behavior /scratch/zaki/workspace/pocket_corr/fft_1024ch_core/synth_model/fft_1024ch_core.vhd sub01/vhpl195 1324413618
EN fft_biplex_real_2x_entity_a05e7a283b NULL /scratch/zaki/workspace/pocket_corr/fft_1024ch_core/synth_model/fft_1024ch_core.vhd sub04/vhpl496 1324413919
EN sync_delay_entity_350fc3568b NULL /scratch/zaki/workspace/pocket_corr/fft_1024ch_core/synth_model/fft_1024ch_core.vhd sub03/vhpl362 1324413785
EN fft_stage_2_entity_c642f0c1ce NULL /scratch/zaki/workspace/pocket_corr/fft_1024ch_core/synth_model/fft_1024ch_core.vhd sub04/vhpl406 1324413829
EN cntr_11_0_717486a23436c11d NULL /scratch/zaki/workspace/pocket_corr/fft_1024ch_core/synth_model/fft_1024ch_core.vhd sub00/vhpl26 1324413449
EN bmg_33_323c47498d5636a9 NULL /scratch/zaki/workspace/pocket_corr/fft_1024ch_core/synth_model/fft_1024ch_core.vhd sub00/vhpl82 1324413505
AR constant_fd85eb7067 behavior /scratch/zaki/workspace/pocket_corr/fft_1024ch_core/synth_model/fft_1024ch_core.vhd sub02/vhpl269 1324413692
EN twiddle_general_4mult_entity_7d233d93d8 NULL /scratch/zaki/workspace/pocket_corr/fft_1024ch_core/synth_model/fft_1024ch_core.vhd sub04/vhpl410 1324413833
EN relational_9ece3c8c4e NULL /scratch/zaki/workspace/pocket_corr/fft_1024ch_core/synth_model/fft_1024ch_core.vhd sub03/vhpl312 1324413735
EN hilbert_entity_3297d2219f NULL /scratch/zaki/workspace/pocket_corr/fft_1024ch_core/synth_model/fft_1024ch_core.vhd sub03/vhpl342 1324413765
EN coeff_gen_entity_b389a0c542 NULL /scratch/zaki/workspace/pocket_corr/fft_1024ch_core/synth_model/fft_1024ch_core.vhd sub04/vhpl434 1324413857
EN xlconvert NULL /scratch/zaki/workspace/pocket_corr/fft_1024ch_core/synth_model/fft_1024ch_core.vhd sub01/vhpl124 1324413547
EN bmg_33_74de024f0c1ac463 NULL /scratch/zaki/workspace/pocket_corr/fft_1024ch_core/synth_model/fft_1024ch_core.vhd sub00/vhpl66 1324413489
EN constant_6293007044 NULL /scratch/zaki/workspace/pocket_corr/fft_1024ch_core/synth_model/fft_1024ch_core.vhd sub01/vhpl134 1324413557
AR bmg_33_ecb3139f941cb62b bmg_33_ecb3139f941cb62b_a /scratch/zaki/workspace/pocket_corr/fft_1024ch_core/synth_model/fft_1024ch_core.vhd sub00/vhpl45 1324413468
EN coeff_gen_entity_12d397242a NULL /scratch/zaki/workspace/pocket_corr/fft_1024ch_core/synth_model/fft_1024ch_core.vhd sub04/vhpl408 1324413831
AR constant_7244cd602b behavior /scratch/zaki/workspace/pocket_corr/fft_1024ch_core/synth_model/fft_1024ch_core.vhd sub02/vhpl289 1324413712
AR cntr_11_0_8ce1eef9b3b41e0a cntr_11_0_8ce1eef9b3b41e0a_a /scratch/zaki/workspace/pocket_corr/fft_1024ch_core/synth_model/fft_1024ch_core.vhd sub00/vhpl07 1324413430
AR twiddle_general_4mult_entity_57ed09d25a structural /scratch/zaki/workspace/pocket_corr/fft_1024ch_core/synth_model/fft_1024ch_core.vhd sub04/vhpl425 1324413848
AR constant_cda50df78a behavior /scratch/zaki/workspace/pocket_corr/fft_1024ch_core/synth_model/fft_1024ch_core.vhd sub02/vhpl231 1324413654
AR mult_f295e5f0f2 behavior /scratch/zaki/workspace/pocket_corr/fft_1024ch_core/synth_model/fft_1024ch_core.vhd sub02/vhpl215 1324413638
EN delay_b_entity_8f7d5701ce NULL /scratch/zaki/workspace/pocket_corr/fft_1024ch_core/synth_model/fft_1024ch_core.vhd sub04/vhpl476 1324413899
EN bmg_33_e414e83e3003ff05 NULL /scratch/zaki/workspace/pocket_corr/fft_1024ch_core/synth_model/fft_1024ch_core.vhd sub00/vhpl00 1324413423
EN sync_delay_en_entity_71c59eb398 NULL /scratch/zaki/workspace/pocket_corr/fft_1024ch_core/synth_model/fft_1024ch_core.vhd sub03/vhpl344 1324413767
EN relational_0ffd72e037 NULL /scratch/zaki/workspace/pocket_corr/fft_1024ch_core/synth_model/fft_1024ch_core.vhd sub01/vhpl164 1324413587
EN delay_b_entity_caa586227f NULL /scratch/zaki/workspace/pocket_corr/fft_1024ch_core/synth_model/fft_1024ch_core.vhd sub04/vhpl402 1324413825
AR relational_dc5bc996c9 behavior /scratch/zaki/workspace/pocket_corr/fft_1024ch_core/synth_model/fft_1024ch_core.vhd sub03/vhpl315 1324413738
AR constant_fe72737ca0 behavior /scratch/zaki/workspace/pocket_corr/fft_1024ch_core/synth_model/fft_1024ch_core.vhd sub03/vhpl309 1324413732
EN convert_of0_entity_1384f2b443 NULL /scratch/zaki/workspace/pocket_corr/fft_1024ch_core/synth_model/fft_1024ch_core.vhd sub03/vhpl368 1324413791
EN twiddle_general_4mult_entity_b20a5f234c NULL /scratch/zaki/workspace/pocket_corr/fft_1024ch_core/synth_model/fft_1024ch_core.vhd sub04/vhpl484 1324413907
EN delay_b_entity_480abaa61d NULL /scratch/zaki/workspace/pocket_corr/fft_1024ch_core/synth_model/fft_1024ch_core.vhd sub03/vhpl360 1324413783
EN cntr_11_0_4766397a2cb82e6c NULL /scratch/zaki/workspace/pocket_corr/fft_1024ch_core/synth_model/fft_1024ch_core.vhd sub00/vhpl92 1324413515
EN constant_822933f89b NULL /scratch/zaki/workspace/pocket_corr/fft_1024ch_core/synth_model/fft_1024ch_core.vhd sub03/vhpl328 1324413751
AR bmg_33_0bf307740f4c2249 bmg_33_0bf307740f4c2249_a /scratch/zaki/workspace/pocket_corr/fft_1024ch_core/synth_model/fft_1024ch_core.vhd sub00/vhpl75 1324413498
AR relational_78eac2928d behavior /scratch/zaki/workspace/pocket_corr/fft_1024ch_core/synth_model/fft_1024ch_core.vhd sub02/vhpl275 1324413698
EN sync_delay_entity_fb0847d8bf NULL /scratch/zaki/workspace/pocket_corr/fft_1024ch_core/synth_model/fft_1024ch_core.vhd sub04/vhpl478 1324413901
AR butterfly_direct_entity_6d0f3e0aba structural /scratch/zaki/workspace/pocket_corr/fft_1024ch_core/synth_model/fft_1024ch_core.vhd sub04/vhpl451 1324413874
EN constant_fbc2f0cce1 NULL /scratch/zaki/workspace/pocket_corr/fft_1024ch_core/synth_model/fft_1024ch_core.vhd sub02/vhpl260 1324413683
AR fft_stage_11_entity_26ba983bc7 structural /scratch/zaki/workspace/pocket_corr/fft_1024ch_core/synth_model/fft_1024ch_core.vhd sub03/vhpl397 1324413820
AR delay_b_entity_480abaa61d structural /scratch/zaki/workspace/pocket_corr/fft_1024ch_core/synth_model/fft_1024ch_core.vhd sub03/vhpl361 1324413784
EN twiddle_general_4mult_entity_22ac7211f0 NULL /scratch/zaki/workspace/pocket_corr/fft_1024ch_core/synth_model/fft_1024ch_core.vhd sub04/vhpl472 1324413895
EN fft_1024ch_core NULL /scratch/zaki/workspace/pocket_corr/fft_1024ch_core/synth_model/fft_1024ch_core.vhd sub04/vhpl498 1324413921
AR mux_181e58d842 behavior /scratch/zaki/workspace/pocket_corr/fft_1024ch_core/synth_model/fft_1024ch_core.vhd sub02/vhpl255 1324413678
AR fft_1024ch_core structural /scratch/zaki/workspace/pocket_corr/fft_1024ch_core/synth_model/fft_1024ch_core.vhd sub04/vhpl499 1324413922
AR relational_23065a6aa3 behavior /scratch/zaki/workspace/pocket_corr/fft_1024ch_core/synth_model/fft_1024ch_core.vhd sub02/vhpl295 1324413718
AR sync_delay_entity_d54408a058 structural /scratch/zaki/workspace/pocket_corr/fft_1024ch_core/synth_model/fft_1024ch_core.vhd sub04/vhpl455 1324413878
EN delay_848c26f47b NULL /scratch/zaki/workspace/pocket_corr/fft_1024ch_core/synth_model/fft_1024ch_core.vhd sub02/vhpl244 1324413667
EN bmg_33_64caaaf33657fbc8 NULL /scratch/zaki/workspace/pocket_corr/fft_1024ch_core/synth_model/fft_1024ch_core.vhd sub00/vhpl46 1324413469
EN constant_4709ea49b5 NULL /scratch/zaki/workspace/pocket_corr/fft_1024ch_core/synth_model/fft_1024ch_core.vhd sub01/vhpl172 1324413595
AR logical_80f90b97d0 behavior /scratch/zaki/workspace/pocket_corr/fft_1024ch_core/synth_model/fft_1024ch_core.vhd sub01/vhpl141 1324413564
EN scale_9f61027ba4 NULL /scratch/zaki/workspace/pocket_corr/fft_1024ch_core/synth_model/fft_1024ch_core.vhd sub01/vhpl126 1324413549
EN xlspram NULL /scratch/zaki/workspace/pocket_corr/fft_1024ch_core/synth_model/fft_1024ch_core.vhd sub01/vhpl154 1324413577
AR constant_f1ac4bddff behavior /scratch/zaki/workspace/pocket_corr/fft_1024ch_core/synth_model/fft_1024ch_core.vhd sub02/vhpl259 1324413682
EN constant_a267c870be NULL /scratch/zaki/workspace/pocket_corr/fft_1024ch_core/synth_model/fft_1024ch_core.vhd sub02/vhpl296 1324413719
EN fft_stage_4_entity_171e508cf3 NULL /scratch/zaki/workspace/pocket_corr/fft_1024ch_core/synth_model/fft_1024ch_core.vhd sub04/vhpl432 1324413855
EN fft_stage_8_entity_2810ce8864 NULL /scratch/zaki/workspace/pocket_corr/fft_1024ch_core/synth_model/fft_1024ch_core.vhd sub04/vhpl480 1324413903
EN fft_stage_1_entity_d61c5478a5 NULL /scratch/zaki/workspace/pocket_corr/fft_1024ch_core/synth_model/fft_1024ch_core.vhd sub03/vhpl364 1324413787
EN bmg_33_cde5f3f9996c5a95 NULL /scratch/zaki/workspace/pocket_corr/fft_1024ch_core/synth_model/fft_1024ch_core.vhd sub00/vhpl28 1324413451
EN fft_stage_7_entity_5a026dd4c1 NULL /scratch/zaki/workspace/pocket_corr/fft_1024ch_core/synth_model/fft_1024ch_core.vhd sub04/vhpl468 1324413891
EN relational_fe487ce1c7 NULL /scratch/zaki/workspace/pocket_corr/fft_1024ch_core/synth_model/fft_1024ch_core.vhd sub03/vhpl304 1324413727
AR constant_e8ddc079e9 behavior /scratch/zaki/workspace/pocket_corr/fft_1024ch_core/synth_model/fft_1024ch_core.vhd sub02/vhpl233 1324413656
EN reorder_odd_entity_702b0c4cee NULL /scratch/zaki/workspace/pocket_corr/fft_1024ch_core/synth_model/fft_1024ch_core.vhd sub03/vhpl348 1324413771
AR relational_f9928864ea behavior /scratch/zaki/workspace/pocket_corr/fft_1024ch_core/synth_model/fft_1024ch_core.vhd sub02/vhpl237 1324413660
AR bmg_33_de81730d86f2dd7a bmg_33_de81730d86f2dd7a_a /scratch/zaki/workspace/pocket_corr/fft_1024ch_core/synth_model/fft_1024ch_core.vhd sub00/vhpl65 1324413488
AR logical_aacf6e1b0e behavior /scratch/zaki/workspace/pocket_corr/fft_1024ch_core/synth_model/fft_1024ch_core.vhd sub01/vhpl139 1324413562
AR bmg_33_ba2cbf4ee1b86c81 bmg_33_ba2cbf4ee1b86c81_a /scratch/zaki/workspace/pocket_corr/fft_1024ch_core/synth_model/fft_1024ch_core.vhd sub00/vhpl37 1324413460
AR constant_582a3706dd behavior /scratch/zaki/workspace/pocket_corr/fft_1024ch_core/synth_model/fft_1024ch_core.vhd sub03/vhpl307 1324413730
AR fft_biplex_real_2x_entity_a05e7a283b structural /scratch/zaki/workspace/pocket_corr/fft_1024ch_core/synth_model/fft_1024ch_core.vhd sub04/vhpl497 1324413920
AR twiddle_general_4mult_entity_b20a5f234c structural /scratch/zaki/workspace/pocket_corr/fft_1024ch_core/synth_model/fft_1024ch_core.vhd sub04/vhpl485 1324413908
EN relational_23065a6aa3 NULL /scratch/zaki/workspace/pocket_corr/fft_1024ch_core/synth_model/fft_1024ch_core.vhd sub02/vhpl294 1324413717
EN butterfly_direct_entity_e7c2f36804 NULL /scratch/zaki/workspace/pocket_corr/fft_1024ch_core/synth_model/fft_1024ch_core.vhd sub04/vhpl474 1324413897
EN bmg_33_b5a854daeb8f7460 NULL /scratch/zaki/workspace/pocket_corr/fft_1024ch_core/synth_model/fft_1024ch_core.vhd sub00/vhpl20 1324413443
AR relational_0ffd72e037 behavior /scratch/zaki/workspace/pocket_corr/fft_1024ch_core/synth_model/fft_1024ch_core.vhd sub01/vhpl165 1324413588
EN fft_stage_11_entity_26ba983bc7 NULL /scratch/zaki/workspace/pocket_corr/fft_1024ch_core/synth_model/fft_1024ch_core.vhd sub03/vhpl396 1324413819
EN constant_fe72737ca0 NULL /scratch/zaki/workspace/pocket_corr/fft_1024ch_core/synth_model/fft_1024ch_core.vhd sub03/vhpl308 1324413731
EN cntr_11_0_9b3867ea8e1e20fc NULL /scratch/zaki/workspace/pocket_corr/fft_1024ch_core/synth_model/fft_1024ch_core.vhd sub00/vhpl90 1324413513
AR cntr_11_0_9b3867ea8e1e20fc cntr_11_0_9b3867ea8e1e20fc_a /scratch/zaki/workspace/pocket_corr/fft_1024ch_core/synth_model/fft_1024ch_core.vhd sub00/vhpl91 1324413514
EN cntr_11_0_fb8caae5ebc5d253 NULL /scratch/zaki/workspace/pocket_corr/fft_1024ch_core/synth_model/fft_1024ch_core.vhd sub00/vhpl40 1324413463
AR delay_b_entity_41e5e338ab structural /scratch/zaki/workspace/pocket_corr/fft_1024ch_core/synth_model/fft_1024ch_core.vhd sub04/vhpl453 1324413876
EN xlslice NULL /scratch/zaki/workspace/pocket_corr/fft_1024ch_core/synth_model/fft_1024ch_core.vhd sub01/vhpl112 1324413535
AR convert_pipeline behavior /scratch/zaki/workspace/pocket_corr/fft_1024ch_core/synth_model/fft_1024ch_core.vhd sub02/vhpl217 1324413640
EN negate_e1a9d1ade1 NULL /scratch/zaki/workspace/pocket_corr/fft_1024ch_core/synth_model/fft_1024ch_core.vhd sub02/vhpl256 1324413679
EN reinterpret_60ea556961 NULL /scratch/zaki/workspace/pocket_corr/fft_1024ch_core/synth_model/fft_1024ch_core.vhd sub02/vhpl202 1324413625
EN twiddle_general_4mult_entity_c73fb03ecd NULL /scratch/zaki/workspace/pocket_corr/fft_1024ch_core/synth_model/fft_1024ch_core.vhd sub04/vhpl460 1324413883
EN constant_e8aae5d3bb NULL /scratch/zaki/workspace/pocket_corr/fft_1024ch_core/synth_model/fft_1024ch_core.vhd sub02/vhpl280 1324413703
AR ri_to_c_entity_c425c46f59 structural /scratch/zaki/workspace/pocket_corr/fft_1024ch_core/synth_model/fft_1024ch_core.vhd sub03/vhpl341 1324413764
EN mux_1bef4ba0e4 NULL /scratch/zaki/workspace/pocket_corr/fft_1024ch_core/synth_model/fft_1024ch_core.vhd sub01/vhpl142 1324413565
AR fft_stage_6_entity_3379c864c6 structural /scratch/zaki/workspace/pocket_corr/fft_1024ch_core/synth_model/fft_1024ch_core.vhd sub04/vhpl457 1324413880
EN bmg_33_c9356bca87716aa3 NULL /scratch/zaki/workspace/pocket_corr/fft_1024ch_core/synth_model/fft_1024ch_core.vhd sub00/vhpl54 1324413477
EN bmg_33_975b23006c9a4cfc NULL /scratch/zaki/workspace/pocket_corr/fft_1024ch_core/synth_model/fft_1024ch_core.vhd sub00/vhpl48 1324413471
EN relational_6c3ee657fa NULL /scratch/zaki/workspace/pocket_corr/fft_1024ch_core/synth_model/fft_1024ch_core.vhd sub02/vhpl272 1324413695
AR logical_e9e6541380 behavior /scratch/zaki/workspace/pocket_corr/fft_1024ch_core/synth_model/fft_1024ch_core.vhd sub01/vhpl181 1324413604
AR sync_delay_entity_a5f0fe964f structural /scratch/zaki/workspace/pocket_corr/fft_1024ch_core/synth_model/fft_1024ch_core.vhd sub03/vhpl383 1324413806
EN scale_e5d0b4a1ec NULL /scratch/zaki/workspace/pocket_corr/fft_1024ch_core/synth_model/fft_1024ch_core.vhd sub02/vhpl226 1324413649
AR convert_func_call behavior /scratch/zaki/workspace/pocket_corr/fft_1024ch_core/synth_model/fft_1024ch_core.vhd sub01/vhpl123 1324413546
EN xlsprom NULL /scratch/zaki/workspace/pocket_corr/fft_1024ch_core/synth_model/fft_1024ch_core.vhd sub01/vhpl156 1324413579
AR addsub_eb2273ac28 behavior /scratch/zaki/workspace/pocket_corr/fft_1024ch_core/synth_model/fft_1024ch_core.vhd sub02/vhpl211 1324413634
EN relational_dc5bc996c9 NULL /scratch/zaki/workspace/pocket_corr/fft_1024ch_core/synth_model/fft_1024ch_core.vhd sub03/vhpl314 1324413737
AR constant_fbc2f0cce1 behavior /scratch/zaki/workspace/pocket_corr/fft_1024ch_core/synth_model/fft_1024ch_core.vhd sub02/vhpl261 1324413684
AR bmg_33_c613268bf4c74fe6 bmg_33_c613268bf4c74fe6_a /scratch/zaki/workspace/pocket_corr/fft_1024ch_core/synth_model/fft_1024ch_core.vhd sub00/vhpl79 1324413502
EN convert_pipeline NULL /scratch/zaki/workspace/pocket_corr/fft_1024ch_core/synth_model/fft_1024ch_core.vhd sub02/vhpl216 1324413639
EN bmg_33_293c2a5436112186 NULL /scratch/zaki/workspace/pocket_corr/fft_1024ch_core/synth_model/fft_1024ch_core.vhd sub00/vhpl34 1324413457
EN cntr_11_0_8ce1eef9b3b41e0a NULL /scratch/zaki/workspace/pocket_corr/fft_1024ch_core/synth_model/fft_1024ch_core.vhd sub00/vhpl06 1324413429
AR constant_4c449dd556 behavior /scratch/zaki/workspace/pocket_corr/fft_1024ch_core/synth_model/fft_1024ch_core.vhd sub03/vhpl319 1324413742
AR mux_bdc1db9d7e behavior /scratch/zaki/workspace/pocket_corr/fft_1024ch_core/synth_model/fft_1024ch_core.vhd sub01/vhpl153 1324413576
EN cntr_11_0_ff97ccbfc301b4b4 NULL /scratch/zaki/workspace/pocket_corr/fft_1024ch_core/synth_model/fft_1024ch_core.vhd sub00/vhpl70 1324413493
AR xlsprom behavior /scratch/zaki/workspace/pocket_corr/fft_1024ch_core/synth_model/fft_1024ch_core.vhd sub01/vhpl157 1324413580
AR bmg_33_9b710071af525a53 bmg_33_9b710071af525a53_a /scratch/zaki/workspace/pocket_corr/fft_1024ch_core/synth_model/fft_1024ch_core.vhd sub00/vhpl23 1324413446
EN constant_67ad97ca70 NULL /scratch/zaki/workspace/pocket_corr/fft_1024ch_core/synth_model/fft_1024ch_core.vhd sub03/vhpl316 1324413739
EN constant_0604807f72 NULL /scratch/zaki/workspace/pocket_corr/fft_1024ch_core/synth_model/fft_1024ch_core.vhd sub01/vhpl132 1324413555
AR delay_b_entity_eb383ccef8 structural /scratch/zaki/workspace/pocket_corr/fft_1024ch_core/synth_model/fft_1024ch_core.vhd sub03/vhpl381 1324413804
AR xlsprom_dist behavior /scratch/zaki/workspace/pocket_corr/fft_1024ch_core/synth_model/fft_1024ch_core.vhd sub02/vhpl265 1324413688
AR butterfly_direct_entity_fd702b3dc4 structural /scratch/zaki/workspace/pocket_corr/fft_1024ch_core/synth_model/fft_1024ch_core.vhd sub04/vhpl439 1324413862
EN sync_delay_entity_a5f0fe964f NULL /scratch/zaki/workspace/pocket_corr/fft_1024ch_core/synth_model/fft_1024ch_core.vhd sub03/vhpl382 1324413805
AR butterfly_direct_entity_db55f3a9ea structural /scratch/zaki/workspace/pocket_corr/fft_1024ch_core/synth_model/fft_1024ch_core.vhd sub04/vhpl427 1324413850
AR twiddle_general_4mult_entity_51343022cf structural /scratch/zaki/workspace/pocket_corr/fft_1024ch_core/synth_model/fft_1024ch_core.vhd sub03/vhpl377 1324413800
EN addsub_00fea99594 NULL /scratch/zaki/workspace/pocket_corr/fft_1024ch_core/synth_model/fft_1024ch_core.vhd sub02/vhpl222 1324413645
AR fft_stage_3_entity_273a1cd05b structural /scratch/zaki/workspace/pocket_corr/fft_1024ch_core/synth_model/fft_1024ch_core.vhd sub04/vhpl419 1324413842
AR bmg_33_fa92018bda6c6fc3 bmg_33_fa92018bda6c6fc3_a /scratch/zaki/workspace/pocket_corr/fft_1024ch_core/synth_model/fft_1024ch_core.vhd sub00/vhpl43 1324413466
AR fft_stage_7_entity_5a026dd4c1 structural /scratch/zaki/workspace/pocket_corr/fft_1024ch_core/synth_model/fft_1024ch_core.vhd sub04/vhpl469 1324413892
AR delay_0f6b6badfe behavior /scratch/zaki/workspace/pocket_corr/fft_1024ch_core/synth_model/fft_1024ch_core.vhd sub01/vhpl159 1324413582
EN reinterpret_d357e69fa3 NULL /scratch/zaki/workspace/pocket_corr/fft_1024ch_core/synth_model/fft_1024ch_core.vhd sub01/vhpl174 1324413597
AR relational_4d3cfceaf4 behavior /scratch/zaki/workspace/pocket_corr/fft_1024ch_core/synth_model/fft_1024ch_core.vhd sub03/vhpl323 1324413746
AR dmg_43_53f87b14ea26f2c9 dmg_43_53f87b14ea26f2c9_a /scratch/zaki/workspace/pocket_corr/fft_1024ch_core/synth_model/fft_1024ch_core.vhd sub00/vhpl87 1324413510
AR relational_8fc7f5539b behavior /scratch/zaki/workspace/pocket_corr/fft_1024ch_core/synth_model/fft_1024ch_core.vhd sub03/vhpl333 1324413756
AR biplex_core_entity_28c4ebd84d structural /scratch/zaki/workspace/pocket_corr/fft_1024ch_core/synth_model/fft_1024ch_core.vhd sub04/vhpl495 1324413918
AR cntr_11_0_2373afd2271385cb cntr_11_0_2373afd2271385cb_a /scratch/zaki/workspace/pocket_corr/fft_1024ch_core/synth_model/fft_1024ch_core.vhd sub00/vhpl61 1324413484
EN coeff_gen_entity_b4d8270762 NULL /scratch/zaki/workspace/pocket_corr/fft_1024ch_core/synth_model/fft_1024ch_core.vhd sub04/vhpl470 1324413893
EN bmg_33_872c9d4cc9c41649 NULL /scratch/zaki/workspace/pocket_corr/fft_1024ch_core/synth_model/fft_1024ch_core.vhd sub00/vhpl04 1324413427
EN concat_b198bd62b0 NULL /scratch/zaki/workspace/pocket_corr/fft_1024ch_core/synth_model/fft_1024ch_core.vhd sub01/vhpl114 1324413537
EN twiddle_general_4mult_entity_5314b8011b NULL /scratch/zaki/workspace/pocket_corr/fft_1024ch_core/synth_model/fft_1024ch_core.vhd sub03/vhpl388 1324413811
AR bmg_33_362cc0a7dbb242d8 bmg_33_362cc0a7dbb242d8_a /scratch/zaki/workspace/pocket_corr/fft_1024ch_core/synth_model/fft_1024ch_core.vhd sub00/vhpl89 1324413512
EN synth_reg_w_init NULL /scratch/zaki/workspace/pocket_corr/fft_1024ch_core/synth_model/fft_1024ch_core.vhd sub01/vhpl108 1324413531
AR cntr_11_0_e465b512e9edc7d5 cntr_11_0_e465b512e9edc7d5_a /scratch/zaki/workspace/pocket_corr/fft_1024ch_core/synth_model/fft_1024ch_core.vhd sub00/vhpl09 1324413432
EN bi_real_unscr_2x_entity_cf42a9c4ad NULL /scratch/zaki/workspace/pocket_corr/fft_1024ch_core/synth_model/fft_1024ch_core.vhd sub03/vhpl350 1324413773
AR fft_stage_8_entity_2810ce8864 structural /scratch/zaki/workspace/pocket_corr/fft_1024ch_core/synth_model/fft_1024ch_core.vhd sub04/vhpl481 1324413904
AR cntr_11_0_25889389a19635b3 cntr_11_0_25889389a19635b3_a /scratch/zaki/workspace/pocket_corr/fft_1024ch_core/synth_model/fft_1024ch_core.vhd sub00/vhpl51 1324413474
EN butterfly_direct_entity_6d0f3e0aba NULL /scratch/zaki/workspace/pocket_corr/fft_1024ch_core/synth_model/fft_1024ch_core.vhd sub04/vhpl450 1324413873
AR reinterpret_d357e69fa3 behavior /scratch/zaki/workspace/pocket_corr/fft_1024ch_core/synth_model/fft_1024ch_core.vhd sub01/vhpl175 1324413598
AR relational_d930162434 behavior /scratch/zaki/workspace/pocket_corr/fft_1024ch_core/synth_model/fft_1024ch_core.vhd sub03/vhpl325 1324413748
AR constant_963ed6358a behavior /scratch/zaki/workspace/pocket_corr/fft_1024ch_core/synth_model/fft_1024ch_core.vhd sub03/vhpl337 1324413760
AR delay_b_entity_1c18062005 structural /scratch/zaki/workspace/pocket_corr/fft_1024ch_core/synth_model/fft_1024ch_core.vhd sub04/vhpl415 1324413838
AR twiddle_pass_through_entity_63f368faa2 structural /scratch/zaki/workspace/pocket_corr/fft_1024ch_core/synth_model/fft_1024ch_core.vhd sub03/vhpl357 1324413780
AR reinterpret_3fb4604c01 behavior /scratch/zaki/workspace/pocket_corr/fft_1024ch_core/synth_model/fft_1024ch_core.vhd sub01/vhpl197 1324413620
AR constant_7ea0f2fff7 behavior /scratch/zaki/workspace/pocket_corr/fft_1024ch_core/synth_model/fft_1024ch_core.vhd sub02/vhpl299 1324413722
AR addsub_27fae134d1 behavior /scratch/zaki/workspace/pocket_corr/fft_1024ch_core/synth_model/fft_1024ch_core.vhd sub01/vhpl171 1324413594
AR cntr_11_0_2c42bf3f38e8cf3d cntr_11_0_2c42bf3f38e8cf3d_a /scratch/zaki/workspace/pocket_corr/fft_1024ch_core/synth_model/fft_1024ch_core.vhd sub00/vhpl13 1324413436
EN logical_aacf6e1b0e NULL /scratch/zaki/workspace/pocket_corr/fft_1024ch_core/synth_model/fft_1024ch_core.vhd sub01/vhpl138 1324413561
EN constant_a1c496ea88 NULL /scratch/zaki/workspace/pocket_corr/fft_1024ch_core/synth_model/fft_1024ch_core.vhd sub03/vhpl326 1324413749
AR coeff_gen_entity_b389a0c542 structural /scratch/zaki/workspace/pocket_corr/fft_1024ch_core/synth_model/fft_1024ch_core.vhd sub04/vhpl435 1324413858
AR logical_444d3f5046 behavior /scratch/zaki/workspace/pocket_corr/fft_1024ch_core/synth_model/fft_1024ch_core.vhd sub01/vhpl191 1324413614
AR bmg_33_86cad15aba8b45bc bmg_33_86cad15aba8b45bc_a /scratch/zaki/workspace/pocket_corr/fft_1024ch_core/synth_model/fft_1024ch_core.vhd sub00/vhpl57 1324413480
AR inverter_e5b38cca3b behavior /scratch/zaki/workspace/pocket_corr/fft_1024ch_core/synth_model/fft_1024ch_core.vhd sub01/vhpl183 1324413606
AR butterfly_direct_entity_7c1bf05bb7 structural /scratch/zaki/workspace/pocket_corr/fft_1024ch_core/synth_model/fft_1024ch_core.vhd sub03/vhpl359 1324413782
AR cntr_11_0_ff97ccbfc301b4b4 cntr_11_0_ff97ccbfc301b4b4_a /scratch/zaki/workspace/pocket_corr/fft_1024ch_core/synth_model/fft_1024ch_core.vhd sub00/vhpl71 1324413494
EN delay_0f6b6badfe NULL /scratch/zaki/workspace/pocket_corr/fft_1024ch_core/synth_model/fft_1024ch_core.vhd sub01/vhpl158 1324413581
AR sync_delay_en_entity_71c59eb398 structural /scratch/zaki/workspace/pocket_corr/fft_1024ch_core/synth_model/fft_1024ch_core.vhd sub03/vhpl345 1324413768
AR negate_e1a9d1ade1 behavior /scratch/zaki/workspace/pocket_corr/fft_1024ch_core/synth_model/fft_1024ch_core.vhd sub02/vhpl257 1324413680
AR bmg_33_b972f6608ff04778 bmg_33_b972f6608ff04778_a /scratch/zaki/workspace/pocket_corr/fft_1024ch_core/synth_model/fft_1024ch_core.vhd sub00/vhpl95 1324413518
AR butterfly_direct_entity_42e2cc91bd structural /scratch/zaki/workspace/pocket_corr/fft_1024ch_core/synth_model/fft_1024ch_core.vhd sub04/vhpl487 1324413910
EN bmg_33_973a453bd51a1032 NULL /scratch/zaki/workspace/pocket_corr/fft_1024ch_core/synth_model/fft_1024ch_core.vhd sub00/vhpl02 1324413425
EN convert_entity_58e9e8dce9 NULL /scratch/zaki/workspace/pocket_corr/fft_1024ch_core/synth_model/fft_1024ch_core.vhd sub03/vhpl366 1324413789
EN cntr_11_0_34d24d689ba4471f NULL /scratch/zaki/workspace/pocket_corr/fft_1024ch_core/synth_model/fft_1024ch_core.vhd sub00/vhpl62 1324413485
EN constant_7b07120b87 NULL /scratch/zaki/workspace/pocket_corr/fft_1024ch_core/synth_model/fft_1024ch_core.vhd sub02/vhpl290 1324413713
AR bmg_33_cd39c143a25729dd bmg_33_cd39c143a25729dd_a /scratch/zaki/workspace/pocket_corr/fft_1024ch_core/synth_model/fft_1024ch_core.vhd sub00/vhpl33 1324413456
EN reinterpret_580feec131 NULL /scratch/zaki/workspace/pocket_corr/fft_1024ch_core/synth_model/fft_1024ch_core.vhd sub01/vhpl116 1324413539
AR logical_a6d07705dd behavior /scratch/zaki/workspace/pocket_corr/fft_1024ch_core/synth_model/fft_1024ch_core.vhd sub01/vhpl185 1324413608
EN xlclockdriver NULL /scratch/zaki/workspace/pocket_corr/fft_1024ch_core/synth_model/fft_1024ch_core_cw.vhd sub05/vhpl500 1324413923
AR coeff_gen_entity_1db13b6ef2 structural /scratch/zaki/workspace/pocket_corr/fft_1024ch_core/synth_model/fft_1024ch_core.vhd sub04/vhpl483 1324413906
AR butterfly_direct_entity_7728dda2c8 structural /scratch/zaki/workspace/pocket_corr/fft_1024ch_core/synth_model/fft_1024ch_core.vhd sub04/vhpl413 1324413836
AR xlcounter_free behavior /scratch/zaki/workspace/pocket_corr/fft_1024ch_core/synth_model/fft_1024ch_core.vhd sub01/vhpl137 1324413560
EN addsub_c7ad41276b NULL /scratch/zaki/workspace/pocket_corr/fft_1024ch_core/synth_model/fft_1024ch_core.vhd sub01/vhpl118 1324413541
AR twiddle_stage_2_entity_950cc35a79 structural /scratch/zaki/workspace/pocket_corr/fft_1024ch_core/synth_model/fft_1024ch_core.vhd sub03/vhpl399 1324413822
EN constant_4c449dd556 NULL /scratch/zaki/workspace/pocket_corr/fft_1024ch_core/synth_model/fft_1024ch_core.vhd sub03/vhpl318 1324413741
AR constant_a1c496ea88 behavior /scratch/zaki/workspace/pocket_corr/fft_1024ch_core/synth_model/fft_1024ch_core.vhd sub03/vhpl327 1324413750
AR mux_28159dbdb9 behavior /scratch/zaki/workspace/pocket_corr/fft_1024ch_core/synth_model/fft_1024ch_core.vhd sub01/vhpl187 1324413610
EN relational_f9928864ea NULL /scratch/zaki/workspace/pocket_corr/fft_1024ch_core/synth_model/fft_1024ch_core.vhd sub02/vhpl236 1324413659
AR bmg_33_7af907baa421acc1 bmg_33_7af907baa421acc1_a /scratch/zaki/workspace/pocket_corr/fft_1024ch_core/synth_model/fft_1024ch_core.vhd sub00/vhpl53 1324413476
AR constant_9a2c97cce5 behavior /scratch/zaki/workspace/pocket_corr/fft_1024ch_core/synth_model/fft_1024ch_core.vhd sub02/vhpl201 1324413624
AR delay_b_entity_8f7d5701ce structural /scratch/zaki/workspace/pocket_corr/fft_1024ch_core/synth_model/fft_1024ch_core.vhd sub04/vhpl477 1324413900
EN relational_8fc7f5539b NULL /scratch/zaki/workspace/pocket_corr/fft_1024ch_core/synth_model/fft_1024ch_core.vhd sub03/vhpl332 1324413755
AR reorder_even_entity_46cdc9fc47 structural /scratch/zaki/workspace/pocket_corr/fft_1024ch_core/synth_model/fft_1024ch_core.vhd sub03/vhpl347 1324413770
AR cntr_11_0_f0184178d34429e1 cntr_11_0_f0184178d34429e1_a /scratch/zaki/workspace/pocket_corr/fft_1024ch_core/synth_model/fft_1024ch_core.vhd sub00/vhpl77 1324413500
EN mux_b75bc1e5be NULL /scratch/zaki/workspace/pocket_corr/fft_1024ch_core/synth_model/fft_1024ch_core.vhd sub01/vhpl162 1324413585
AR constant_7b07120b87 behavior /scratch/zaki/workspace/pocket_corr/fft_1024ch_core/synth_model/fft_1024ch_core.vhd sub02/vhpl291 1324413714
AR sync_delay_entity_8ff8cf1723 structural /scratch/zaki/workspace/pocket_corr/fft_1024ch_core/synth_model/fft_1024ch_core.vhd sub04/vhpl443 1324413866
EN ri_to_c_entity_6ca6cf7bb1 NULL /scratch/zaki/workspace/pocket_corr/fft_1024ch_core/synth_model/fft_1024ch_core.vhd sub03/vhpl372 1324413795
AR cntr_11_0_fb8caae5ebc5d253 cntr_11_0_fb8caae5ebc5d253_a /scratch/zaki/workspace/pocket_corr/fft_1024ch_core/synth_model/fft_1024ch_core.vhd sub00/vhpl41 1324413464
EN xlconvert_pipeline NULL /scratch/zaki/workspace/pocket_corr/fft_1024ch_core/synth_model/fft_1024ch_core.vhd sub02/vhpl218 1324413641
AR mux_1bef4ba0e4 behavior /scratch/zaki/workspace/pocket_corr/fft_1024ch_core/synth_model/fft_1024ch_core.vhd sub01/vhpl143 1324413566
EN addsub_27fae134d1 NULL /scratch/zaki/workspace/pocket_corr/fft_1024ch_core/synth_model/fft_1024ch_core.vhd sub01/vhpl170 1324413593
EN bmg_33_7af907baa421acc1 NULL /scratch/zaki/workspace/pocket_corr/fft_1024ch_core/synth_model/fft_1024ch_core.vhd sub00/vhpl52 1324413475
EN twiddle_general_4mult_entity_57ed09d25a NULL /scratch/zaki/workspace/pocket_corr/fft_1024ch_core/synth_model/fft_1024ch_core.vhd sub04/vhpl424 1324413847
AR bmg_33_323c47498d5636a9 bmg_33_323c47498d5636a9_a /scratch/zaki/workspace/pocket_corr/fft_1024ch_core/synth_model/fft_1024ch_core.vhd sub00/vhpl83 1324413506
AR constant_a267c870be behavior /scratch/zaki/workspace/pocket_corr/fft_1024ch_core/synth_model/fft_1024ch_core.vhd sub02/vhpl297 1324413720
EN relational_16235eb2bf NULL /scratch/zaki/workspace/pocket_corr/fft_1024ch_core/synth_model/fft_1024ch_core.vhd sub02/vhpl284 1324413707
EN synth_reg_reg NULL /scratch/zaki/workspace/pocket_corr/fft_1024ch_core/synth_model/fft_1024ch_core.vhd sub01/vhpl104 1324413527
EN coeff_gen_entity_36efec2b27 NULL /scratch/zaki/workspace/pocket_corr/fft_1024ch_core/synth_model/fft_1024ch_core.vhd sub03/vhpl386 1324413809
EN fft_stage_6_entity_3379c864c6 NULL /scratch/zaki/workspace/pocket_corr/fft_1024ch_core/synth_model/fft_1024ch_core.vhd sub04/vhpl456 1324413879
EN constant_9a2c97cce5 NULL /scratch/zaki/workspace/pocket_corr/fft_1024ch_core/synth_model/fft_1024ch_core.vhd sub02/vhpl200 1324413623
AR synth_reg_reg behav /scratch/zaki/workspace/pocket_corr/fft_1024ch_core/synth_model/fft_1024ch_core.vhd sub01/vhpl105 1324413528
AR delay_ae3f84524a behavior /scratch/zaki/workspace/pocket_corr/fft_1024ch_core/synth_model/fft_1024ch_core.vhd sub02/vhpl243 1324413666
AR convert_entity_cb90012123 structural /scratch/zaki/workspace/pocket_corr/fft_1024ch_core/synth_model/fft_1024ch_core.vhd sub03/vhpl353 1324413776
AR bmg_33_973a453bd51a1032 bmg_33_973a453bd51a1032_a /scratch/zaki/workspace/pocket_corr/fft_1024ch_core/synth_model/fft_1024ch_core.vhd sub00/vhpl03 1324413426
AR butterfly_direct_entity_e7c2f36804 structural /scratch/zaki/workspace/pocket_corr/fft_1024ch_core/synth_model/fft_1024ch_core.vhd sub04/vhpl475 1324413898
EN relational_d930162434 NULL /scratch/zaki/workspace/pocket_corr/fft_1024ch_core/synth_model/fft_1024ch_core.vhd sub03/vhpl324 1324413747
EN bmg_33_de81730d86f2dd7a NULL /scratch/zaki/workspace/pocket_corr/fft_1024ch_core/synth_model/fft_1024ch_core.vhd sub00/vhpl64 1324413487
EN butterfly_direct_entity_7c1bf05bb7 NULL /scratch/zaki/workspace/pocket_corr/fft_1024ch_core/synth_model/fft_1024ch_core.vhd sub03/vhpl358 1324413781
AR delay_2f744cdafb behavior /scratch/zaki/workspace/pocket_corr/fft_1024ch_core/synth_model/fft_1024ch_core.vhd sub02/vhpl247 1324413670
EN addsub_be8c56327e NULL /scratch/zaki/workspace/pocket_corr/fft_1024ch_core/synth_model/fft_1024ch_core.vhd sub02/vhpl208 1324413631
AR constant_822933f89b behavior /scratch/zaki/workspace/pocket_corr/fft_1024ch_core/synth_model/fft_1024ch_core.vhd sub03/vhpl329 1324413752
AR relational_fe487ce1c7 behavior /scratch/zaki/workspace/pocket_corr/fft_1024ch_core/synth_model/fft_1024ch_core.vhd sub03/vhpl305 1324413728
EN reinterpret_d2180c9169 NULL /scratch/zaki/workspace/pocket_corr/fft_1024ch_core/synth_model/fft_1024ch_core.vhd sub01/vhpl176 1324413599
AR cntr_11_0_4766397a2cb82e6c cntr_11_0_4766397a2cb82e6c_a /scratch/zaki/workspace/pocket_corr/fft_1024ch_core/synth_model/fft_1024ch_core.vhd sub00/vhpl93 1324413516
EN delay_b_entity_41e5e338ab NULL /scratch/zaki/workspace/pocket_corr/fft_1024ch_core/synth_model/fft_1024ch_core.vhd sub04/vhpl452 1324413875
AR delay_a14e3dd1bd behavior /scratch/zaki/workspace/pocket_corr/fft_1024ch_core/synth_model/fft_1024ch_core.vhd sub01/vhpl189 1324413612
EN default_clock_driver NULL /scratch/zaki/workspace/pocket_corr/fft_1024ch_core/synth_model/fft_1024ch_core_cw.vhd sub05/vhpl502 1324413925
AR xlslice behavior /scratch/zaki/workspace/pocket_corr/fft_1024ch_core/synth_model/fft_1024ch_core.vhd sub01/vhpl113 1324413536
AR cntr_11_0_50b12e24f99f1fa1 cntr_11_0_50b12e24f99f1fa1_a /scratch/zaki/workspace/pocket_corr/fft_1024ch_core/synth_model/fft_1024ch_core.vhd sub00/vhpl31 1324413454
AR bmg_33_293c2a5436112186 bmg_33_293c2a5436112186_a /scratch/zaki/workspace/pocket_corr/fft_1024ch_core/synth_model/fft_1024ch_core.vhd sub00/vhpl35 1324413458
EN relational_9a3978c602 NULL /scratch/zaki/workspace/pocket_corr/fft_1024ch_core/synth_model/fft_1024ch_core.vhd sub02/vhpl292 1324413715
EN mux_bdc1db9d7e NULL /scratch/zaki/workspace/pocket_corr/fft_1024ch_core/synth_model/fft_1024ch_core.vhd sub01/vhpl152 1324413575
EN relational_47b317dab6 NULL /scratch/zaki/workspace/pocket_corr/fft_1024ch_core/synth_model/fft_1024ch_core.vhd sub03/vhpl334 1324413757
AR bmg_33_6b05b5fcaf93ca60 bmg_33_6b05b5fcaf93ca60_a /scratch/zaki/workspace/pocket_corr/fft_1024ch_core/synth_model/fft_1024ch_core.vhd sub00/vhpl97 1324413520
EN delay_b_entity_c5c8113636 NULL /scratch/zaki/workspace/pocket_corr/fft_1024ch_core/synth_model/fft_1024ch_core.vhd sub04/vhpl440 1324413863
AR sync_delay_entity_f73482297e structural /scratch/zaki/workspace/pocket_corr/fft_1024ch_core/synth_model/fft_1024ch_core.vhd sub04/vhpl491 1324413914
EN twiddle_general_4mult_entity_b60354a90e NULL /scratch/zaki/workspace/pocket_corr/fft_1024ch_core/synth_model/fft_1024ch_core.vhd sub04/vhpl436 1324413859
EN twiddle_general_4mult_entity_bbcb5a43d0 NULL /scratch/zaki/workspace/pocket_corr/fft_1024ch_core/synth_model/fft_1024ch_core.vhd sub04/vhpl448 1324413871
EN synth_reg NULL /scratch/zaki/workspace/pocket_corr/fft_1024ch_core/synth_model/fft_1024ch_core.vhd sub01/vhpl102 1324413525
EN constant_91ef1678ca NULL /scratch/zaki/workspace/pocket_corr/fft_1024ch_core/synth_model/fft_1024ch_core.vhd sub02/vhpl278 1324413701
EN constant_498bc68c14 NULL /scratch/zaki/workspace/pocket_corr/fft_1024ch_core/synth_model/fft_1024ch_core.vhd sub01/vhpl160 1324413583
EN srl17e NULL /scratch/zaki/workspace/pocket_corr/fft_1024ch_core/synth_model/fft_1024ch_core.vhd sub01/vhpl100 1324413523
AR reinterpret_9a0fa0f632 behavior /scratch/zaki/workspace/pocket_corr/fft_1024ch_core/synth_model/fft_1024ch_core.vhd sub01/vhpl111 1324413534
EN logical_e9e6541380 NULL /scratch/zaki/workspace/pocket_corr/fft_1024ch_core/synth_model/fft_1024ch_core.vhd sub01/vhpl180 1324413603
AR cntr_11_0_9a636cbfb020a9d6 cntr_11_0_9a636cbfb020a9d6_a /scratch/zaki/workspace/pocket_corr/fft_1024ch_core/synth_model/fft_1024ch_core.vhd sub00/vhpl25 1324413448
AR twiddle_general_4mult_entity_22ac7211f0 structural /scratch/zaki/workspace/pocket_corr/fft_1024ch_core/synth_model/fft_1024ch_core.vhd sub04/vhpl473 1324413896
EN constant_b437b02512 NULL /scratch/zaki/workspace/pocket_corr/fft_1024ch_core/synth_model/fft_1024ch_core.vhd sub02/vhpl276 1324413699
AR constant_b4ec9de7d1 behavior /scratch/zaki/workspace/pocket_corr/fft_1024ch_core/synth_model/fft_1024ch_core.vhd sub02/vhpl267 1324413690
EN cntr_11_0_2373afd2271385cb NULL /scratch/zaki/workspace/pocket_corr/fft_1024ch_core/synth_model/fft_1024ch_core.vhd sub00/vhpl60 1324413483
AR addsub_00fea99594 behavior /scratch/zaki/workspace/pocket_corr/fft_1024ch_core/synth_model/fft_1024ch_core.vhd sub02/vhpl223 1324413646
EN delay_b_entity_eb383ccef8 NULL /scratch/zaki/workspace/pocket_corr/fft_1024ch_core/synth_model/fft_1024ch_core.vhd sub03/vhpl380 1324413803
EN constant_b4ec9de7d1 NULL /scratch/zaki/workspace/pocket_corr/fft_1024ch_core/synth_model/fft_1024ch_core.vhd sub02/vhpl266 1324413689
AR bmg_33_c9356bca87716aa3 bmg_33_c9356bca87716aa3_a /scratch/zaki/workspace/pocket_corr/fft_1024ch_core/synth_model/fft_1024ch_core.vhd sub00/vhpl55 1324413478
EN bmg_33_cd39c143a25729dd NULL /scratch/zaki/workspace/pocket_corr/fft_1024ch_core/synth_model/fft_1024ch_core.vhd sub00/vhpl32 1324413455
AR sync_delay_entity_b7f63eaf1b structural /scratch/zaki/workspace/pocket_corr/fft_1024ch_core/synth_model/fft_1024ch_core.vhd sub03/vhpl395 1324413818
EN convert_of0_entity_b12ba84ad3 NULL /scratch/zaki/workspace/pocket_corr/fft_1024ch_core/synth_model/fft_1024ch_core.vhd sub04/vhpl420 1324413843
EN addsub_eb2273ac28 NULL /scratch/zaki/workspace/pocket_corr/fft_1024ch_core/synth_model/fft_1024ch_core.vhd sub02/vhpl210 1324413633
AR convert_of0_entity_1384f2b443 structural /scratch/zaki/workspace/pocket_corr/fft_1024ch_core/synth_model/fft_1024ch_core.vhd sub03/vhpl369 1324413792
EN concat_f133931c1f NULL /scratch/zaki/workspace/pocket_corr/fft_1024ch_core/synth_model/fft_1024ch_core.vhd sub01/vhpl194 1324413617
EN constant_ef0e2e5fc6 NULL /scratch/zaki/workspace/pocket_corr/fft_1024ch_core/synth_model/fft_1024ch_core.vhd sub03/vhpl310 1324413733
EN bmg_33_362cc0a7dbb242d8 NULL /scratch/zaki/workspace/pocket_corr/fft_1024ch_core/synth_model/fft_1024ch_core.vhd sub00/vhpl88 1324413511
AR scale_9f61027ba4 behavior /scratch/zaki/workspace/pocket_corr/fft_1024ch_core/synth_model/fft_1024ch_core.vhd sub01/vhpl127 1324413550
AR xlspram behavior /scratch/zaki/workspace/pocket_corr/fft_1024ch_core/synth_model/fft_1024ch_core.vhd sub01/vhpl155 1324413578
AR hilbert_entity_3297d2219f structural /scratch/zaki/workspace/pocket_corr/fft_1024ch_core/synth_model/fft_1024ch_core.vhd sub03/vhpl343 1324413766
AR constant_a7e2bb9e12 behavior /scratch/zaki/workspace/pocket_corr/fft_1024ch_core/synth_model/fft_1024ch_core.vhd sub02/vhpl229 1324413652
EN reinterpret_9a0fa0f632 NULL /scratch/zaki/workspace/pocket_corr/fft_1024ch_core/synth_model/fft_1024ch_core.vhd sub01/vhpl110 1324413533
AR sync_delay_entity_fb0847d8bf structural /scratch/zaki/workspace/pocket_corr/fft_1024ch_core/synth_model/fft_1024ch_core.vhd sub04/vhpl479 1324413902
AR fft_stage_4_entity_171e508cf3 structural /scratch/zaki/workspace/pocket_corr/fft_1024ch_core/synth_model/fft_1024ch_core.vhd sub04/vhpl433 1324413856
AR coeff_gen_entity_a0a7c9af6e structural /scratch/zaki/workspace/pocket_corr/fft_1024ch_core/synth_model/fft_1024ch_core.vhd sub04/vhpl447 1324413870
EN butterfly_direct_entity_589b1ae42b NULL /scratch/zaki/workspace/pocket_corr/fft_1024ch_core/synth_model/fft_1024ch_core.vhd sub03/vhpl390 1324413813
AR convert_of0_entity_b12ba84ad3 structural /scratch/zaki/workspace/pocket_corr/fft_1024ch_core/synth_model/fft_1024ch_core.vhd sub04/vhpl421 1324413844
AR reinterpret_d2180c9169 behavior /scratch/zaki/workspace/pocket_corr/fft_1024ch_core/synth_model/fft_1024ch_core.vhd sub01/vhpl177 1324413600
AR ri_to_c_entity_6ca6cf7bb1 structural /scratch/zaki/workspace/pocket_corr/fft_1024ch_core/synth_model/fft_1024ch_core.vhd sub03/vhpl373 1324413796
AR fft_stage_10_entity_608db23e86 structural /scratch/zaki/workspace/pocket_corr/fft_1024ch_core/synth_model/fft_1024ch_core.vhd sub03/vhpl385 1324413808
EN sync_delay_entity_8ff8cf1723 NULL /scratch/zaki/workspace/pocket_corr/fft_1024ch_core/synth_model/fft_1024ch_core.vhd sub04/vhpl442 1324413865
AR single_reg_w_init structural /scratch/zaki/workspace/pocket_corr/fft_1024ch_core/synth_model/fft_1024ch_core.vhd sub01/vhpl107 1324413530
EN constant_963ed6358a NULL /scratch/zaki/workspace/pocket_corr/fft_1024ch_core/synth_model/fft_1024ch_core.vhd sub03/vhpl336 1324413759
EN cntr_11_0_f0184178d34429e1 NULL /scratch/zaki/workspace/pocket_corr/fft_1024ch_core/synth_model/fft_1024ch_core.vhd sub00/vhpl76 1324413499
EN relational_5f1eb17108 NULL /scratch/zaki/workspace/pocket_corr/fft_1024ch_core/synth_model/fft_1024ch_core.vhd sub02/vhpl234 1324413657
EN mux_4bb6f691f7 NULL /scratch/zaki/workspace/pocket_corr/fft_1024ch_core/synth_model/fft_1024ch_core.vhd sub01/vhpl192 1324413615
EN reorder_even_entity_46cdc9fc47 NULL /scratch/zaki/workspace/pocket_corr/fft_1024ch_core/synth_model/fft_1024ch_core.vhd sub03/vhpl346 1324413769
AR convert_of0_entity_8520f090ce structural /scratch/zaki/workspace/pocket_corr/fft_1024ch_core/synth_model/fft_1024ch_core.vhd sub03/vhpl355 1324413778
AR addsub_3b890bd063 behavior /scratch/zaki/workspace/pocket_corr/fft_1024ch_core/synth_model/fft_1024ch_core.vhd sub01/vhpl121 1324413544
EN coeff_gen_entity_1db13b6ef2 NULL /scratch/zaki/workspace/pocket_corr/fft_1024ch_core/synth_model/fft_1024ch_core.vhd sub04/vhpl482 1324413905
AR sync_delay_entity_f0dbf3f546 structural /scratch/zaki/workspace/pocket_corr/fft_1024ch_core/synth_model/fft_1024ch_core.vhd sub04/vhpl405 1324413828
EN reinterpret_4a8cbc85ce NULL /scratch/zaki/workspace/pocket_corr/fft_1024ch_core/synth_model/fft_1024ch_core.vhd sub01/vhpl168 1324413591
EN constant_e8ddc079e9 NULL /scratch/zaki/workspace/pocket_corr/fft_1024ch_core/synth_model/fft_1024ch_core.vhd sub02/vhpl232 1324413655
EN bmg_33_017aed32e197c46e NULL /scratch/zaki/workspace/pocket_corr/fft_1024ch_core/synth_model/fft_1024ch_core.vhd sub00/vhpl10 1324413433
AR delay_848c26f47b behavior /scratch/zaki/workspace/pocket_corr/fft_1024ch_core/synth_model/fft_1024ch_core.vhd sub02/vhpl245 1324413668
AR relational_16235eb2bf behavior /scratch/zaki/workspace/pocket_corr/fft_1024ch_core/synth_model/fft_1024ch_core.vhd sub02/vhpl285 1324413708
EN fft_stage_10_entity_608db23e86 NULL /scratch/zaki/workspace/pocket_corr/fft_1024ch_core/synth_model/fft_1024ch_core.vhd sub03/vhpl384 1324413807
EN sync_delay_entity_d54408a058 NULL /scratch/zaki/workspace/pocket_corr/fft_1024ch_core/synth_model/fft_1024ch_core.vhd sub04/vhpl454 1324413877
EN xlcounter_limit NULL /scratch/zaki/workspace/pocket_corr/fft_1024ch_core/synth_model/fft_1024ch_core.vhd sub01/vhpl150 1324413573
AR delay_38898c80c0 behavior /scratch/zaki/workspace/pocket_corr/fft_1024ch_core/synth_model/fft_1024ch_core.vhd sub02/vhpl213 1324413636
AR bmg_33_017aed32e197c46e bmg_33_017aed32e197c46e_a /scratch/zaki/workspace/pocket_corr/fft_1024ch_core/synth_model/fft_1024ch_core.vhd sub00/vhpl11 1324413434
EN convert_func_call NULL /scratch/zaki/workspace/pocket_corr/fft_1024ch_core/synth_model/fft_1024ch_core.vhd sub01/vhpl122 1324413545
EN fft_stage_3_entity_273a1cd05b NULL /scratch/zaki/workspace/pocket_corr/fft_1024ch_core/synth_model/fft_1024ch_core.vhd sub04/vhpl418 1324413841
EN butterfly_direct_entity_42e2cc91bd NULL /scratch/zaki/workspace/pocket_corr/fft_1024ch_core/synth_model/fft_1024ch_core.vhd sub04/vhpl486 1324413909
EN sync_delay_entity_538cd35793 NULL /scratch/zaki/workspace/pocket_corr/fft_1024ch_core/synth_model/fft_1024ch_core.vhd sub04/vhpl430 1324413853
EN delay_a14e3dd1bd NULL /scratch/zaki/workspace/pocket_corr/fft_1024ch_core/synth_model/fft_1024ch_core.vhd sub01/vhpl188 1324413611
AR delay_b_entity_f5e13c2a4d structural /scratch/zaki/workspace/pocket_corr/fft_1024ch_core/synth_model/fft_1024ch_core.vhd sub04/vhpl489 1324413912
AR bmg_33_64caaaf33657fbc8 bmg_33_64caaaf33657fbc8_a /scratch/zaki/workspace/pocket_corr/fft_1024ch_core/synth_model/fft_1024ch_core.vhd sub00/vhpl47 1324413470
EN delay_b_entity_1c18062005 NULL /scratch/zaki/workspace/pocket_corr/fft_1024ch_core/synth_model/fft_1024ch_core.vhd sub04/vhpl414 1324413837
EN logical_a6d07705dd NULL /scratch/zaki/workspace/pocket_corr/fft_1024ch_core/synth_model/fft_1024ch_core.vhd sub01/vhpl184 1324413607
AR constant_469094441c behavior /scratch/zaki/workspace/pocket_corr/fft_1024ch_core/synth_model/fft_1024ch_core.vhd sub03/vhpl331 1324413754
EN mux_69e3090cc7 NULL /scratch/zaki/workspace/pocket_corr/fft_1024ch_core/synth_model/fft_1024ch_core.vhd sub02/vhpl252 1324413675
AR relational_9a3978c602 behavior /scratch/zaki/workspace/pocket_corr/fft_1024ch_core/synth_model/fft_1024ch_core.vhd sub02/vhpl293 1324413716
EN twiddle_stage_2_entity_950cc35a79 NULL /scratch/zaki/workspace/pocket_corr/fft_1024ch_core/synth_model/fft_1024ch_core.vhd sub03/vhpl398 1324413821
AR bmg_33_e414e83e3003ff05 bmg_33_e414e83e3003ff05_a /scratch/zaki/workspace/pocket_corr/fft_1024ch_core/synth_model/fft_1024ch_core.vhd sub00/vhpl01 1324413424
AR butterfly_direct_entity_589b1ae42b structural /scratch/zaki/workspace/pocket_corr/fft_1024ch_core/synth_model/fft_1024ch_core.vhd sub03/vhpl391 1324413814
AR relational_2147430058 behavior /scratch/zaki/workspace/pocket_corr/fft_1024ch_core/synth_model/fft_1024ch_core.vhd sub01/vhpl145 1324413568
AR coeff_gen_entity_b4d8270762 structural /scratch/zaki/workspace/pocket_corr/fft_1024ch_core/synth_model/fft_1024ch_core.vhd sub04/vhpl471 1324413894
AR sync_delay_entity_538cd35793 structural /scratch/zaki/workspace/pocket_corr/fft_1024ch_core/synth_model/fft_1024ch_core.vhd sub04/vhpl431 1324413854
AR c_to_ri_entity_f42d569dcd structural /scratch/zaki/workspace/pocket_corr/fft_1024ch_core/synth_model/fft_1024ch_core.vhd sub03/vhpl339 1324413762
EN constant_180df391de NULL /scratch/zaki/workspace/pocket_corr/fft_1024ch_core/synth_model/fft_1024ch_core.vhd sub02/vhpl286 1324413709
AR constant_118598964d behavior /scratch/zaki/workspace/pocket_corr/fft_1024ch_core/synth_model/fft_1024ch_core.vhd sub01/vhpl129 1324413552
AR srl17e structural /scratch/zaki/workspace/pocket_corr/fft_1024ch_core/synth_model/fft_1024ch_core.vhd sub01/vhpl101 1324413524
EN relational_2147430058 NULL /scratch/zaki/workspace/pocket_corr/fft_1024ch_core/synth_model/fft_1024ch_core.vhd sub01/vhpl144 1324413567
EN relational_4d3cfceaf4 NULL /scratch/zaki/workspace/pocket_corr/fft_1024ch_core/synth_model/fft_1024ch_core.vhd sub03/vhpl322 1324413745
EN coeff_gen_entity_2727609715 NULL /scratch/zaki/workspace/pocket_corr/fft_1024ch_core/synth_model/fft_1024ch_core.vhd sub04/vhpl458 1324413881
AR constant_4a391b9a0e behavior /scratch/zaki/workspace/pocket_corr/fft_1024ch_core/synth_model/fft_1024ch_core.vhd sub02/vhpl271 1324413694
AR relational_54048c8b02 behavior /scratch/zaki/workspace/pocket_corr/fft_1024ch_core/synth_model/fft_1024ch_core.vhd sub02/vhpl283 1324413706
EN cntr_11_0_4096c59227d752a2 NULL /scratch/zaki/workspace/pocket_corr/fft_1024ch_core/synth_model/fft_1024ch_core.vhd sub00/vhpl68 1324413491
EN butterfly_direct_entity_1478a1d18a NULL /scratch/zaki/workspace/pocket_corr/fft_1024ch_core/synth_model/fft_1024ch_core.vhd sub04/vhpl462 1324413885
EN cntr_11_0_8b305ccf84a90afe NULL /scratch/zaki/workspace/pocket_corr/fft_1024ch_core/synth_model/fft_1024ch_core.vhd sub00/vhpl18 1324413441
EN xlcounter_free NULL /scratch/zaki/workspace/pocket_corr/fft_1024ch_core/synth_model/fft_1024ch_core.vhd sub01/vhpl136 1324413559
EN constant_7244cd602b NULL /scratch/zaki/workspace/pocket_corr/fft_1024ch_core/synth_model/fft_1024ch_core.vhd sub02/vhpl288 1324413711
AR fft_stage_2_entity_c642f0c1ce structural /scratch/zaki/workspace/pocket_corr/fft_1024ch_core/synth_model/fft_1024ch_core.vhd sub04/vhpl407 1324413830
EN addsub_2969055f39 NULL /scratch/zaki/workspace/pocket_corr/fft_1024ch_core/synth_model/fft_1024ch_core.vhd sub01/vhpl198 1324413621
EN cntr_11_0_8869969bd2303665 NULL /scratch/zaki/workspace/pocket_corr/fft_1024ch_core/synth_model/fft_1024ch_core.vhd sub00/vhpl72 1324413495
AR bmg_33_74de024f0c1ac463 bmg_33_74de024f0c1ac463_a /scratch/zaki/workspace/pocket_corr/fft_1024ch_core/synth_model/fft_1024ch_core.vhd sub00/vhpl67 1324413490
EN constant_7ea0f2fff7 NULL /scratch/zaki/workspace/pocket_corr/fft_1024ch_core/synth_model/fft_1024ch_core.vhd sub02/vhpl298 1324413721
AR reorder_odd_entity_702b0c4cee structural /scratch/zaki/workspace/pocket_corr/fft_1024ch_core/synth_model/fft_1024ch_core.vhd sub03/vhpl349 1324413772
EN cntr_11_0_2c42bf3f38e8cf3d NULL /scratch/zaki/workspace/pocket_corr/fft_1024ch_core/synth_model/fft_1024ch_core.vhd sub00/vhpl12 1324413435
AR twiddle_general_4mult_entity_7d233d93d8 structural /scratch/zaki/workspace/pocket_corr/fft_1024ch_core/synth_model/fft_1024ch_core.vhd sub04/vhpl411 1324413834
AR constant_6293007044 behavior /scratch/zaki/workspace/pocket_corr/fft_1024ch_core/synth_model/fft_1024ch_core.vhd sub01/vhpl135 1324413558
AR delay_b_entity_caa586227f structural /scratch/zaki/workspace/pocket_corr/fft_1024ch_core/synth_model/fft_1024ch_core.vhd sub04/vhpl403 1324413826
EN bmg_33_fa92018bda6c6fc3 NULL /scratch/zaki/workspace/pocket_corr/fft_1024ch_core/synth_model/fft_1024ch_core.vhd sub00/vhpl42 1324413465
AR relational_6c3ee657fa behavior /scratch/zaki/workspace/pocket_corr/fft_1024ch_core/synth_model/fft_1024ch_core.vhd sub02/vhpl273 1324413696
EN biplex_core_entity_28c4ebd84d NULL /scratch/zaki/workspace/pocket_corr/fft_1024ch_core/synth_model/fft_1024ch_core.vhd sub04/vhpl494 1324413917
AR fft_stage_1_entity_d61c5478a5 structural /scratch/zaki/workspace/pocket_corr/fft_1024ch_core/synth_model/fft_1024ch_core.vhd sub03/vhpl365 1324413788
AR xlconvert_pipeline behavior /scratch/zaki/workspace/pocket_corr/fft_1024ch_core/synth_model/fft_1024ch_core.vhd sub02/vhpl219 1324413642
AR butterfly_direct_entity_1478a1d18a structural /scratch/zaki/workspace/pocket_corr/fft_1024ch_core/synth_model/fft_1024ch_core.vhd sub04/vhpl463 1324413886
AR cntr_11_0_4096c59227d752a2 cntr_11_0_4096c59227d752a2_a /scratch/zaki/workspace/pocket_corr/fft_1024ch_core/synth_model/fft_1024ch_core.vhd sub00/vhpl69 1324413492
EN convert_entity_cb90012123 NULL /scratch/zaki/workspace/pocket_corr/fft_1024ch_core/synth_model/fft_1024ch_core.vhd sub03/vhpl352 1324413775
EN cntr_11_0_ae406e50e98e0e45 NULL /scratch/zaki/workspace/pocket_corr/fft_1024ch_core/synth_model/fft_1024ch_core.vhd sub00/vhpl84 1324413507
EN cntr_11_0_25889389a19635b3 NULL /scratch/zaki/workspace/pocket_corr/fft_1024ch_core/synth_model/fft_1024ch_core.vhd sub00/vhpl50 1324413473
EN constant_118598964d NULL /scratch/zaki/workspace/pocket_corr/fft_1024ch_core/synth_model/fft_1024ch_core.vhd sub01/vhpl128 1324413551
AR relational_9ece3c8c4e behavior /scratch/zaki/workspace/pocket_corr/fft_1024ch_core/synth_model/fft_1024ch_core.vhd sub03/vhpl313 1324413736
EN addsub_3b890bd063 NULL /scratch/zaki/workspace/pocket_corr/fft_1024ch_core/synth_model/fft_1024ch_core.vhd sub01/vhpl120 1324413543
EN c_to_ri2_entity_f8c56280c8 NULL /scratch/zaki/workspace/pocket_corr/fft_1024ch_core/synth_model/fft_1024ch_core.vhd sub03/vhpl370 1324413793
AR mux_69e3090cc7 behavior /scratch/zaki/workspace/pocket_corr/fft_1024ch_core/synth_model/fft_1024ch_core.vhd sub02/vhpl253 1324413676
AR sync_delay_entity_350fc3568b structural /scratch/zaki/workspace/pocket_corr/fft_1024ch_core/synth_model/fft_1024ch_core.vhd sub03/vhpl363 1324413786
AR concat_b198bd62b0 behavior /scratch/zaki/workspace/pocket_corr/fft_1024ch_core/synth_model/fft_1024ch_core.vhd sub01/vhpl115 1324413538
EN reinterpret_3fb4604c01 NULL /scratch/zaki/workspace/pocket_corr/fft_1024ch_core/synth_model/fft_1024ch_core.vhd sub01/vhpl196 1324413619
EN sync_delay_entity_b7f63eaf1b NULL /scratch/zaki/workspace/pocket_corr/fft_1024ch_core/synth_model/fft_1024ch_core.vhd sub03/vhpl394 1324413817
AR bmg_33_975b23006c9a4cfc bmg_33_975b23006c9a4cfc_a /scratch/zaki/workspace/pocket_corr/fft_1024ch_core/synth_model/fft_1024ch_core.vhd sub00/vhpl49 1324413472
EN constant_145086465d NULL /scratch/zaki/workspace/pocket_corr/fft_1024ch_core/synth_model/fft_1024ch_core.vhd sub03/vhpl320 1324413743
AR reinterpret_580feec131 behavior /scratch/zaki/workspace/pocket_corr/fft_1024ch_core/synth_model/fft_1024ch_core.vhd sub01/vhpl117 1324413540
EN bmg_33_ecb3139f941cb62b NULL /scratch/zaki/workspace/pocket_corr/fft_1024ch_core/synth_model/fft_1024ch_core.vhd sub00/vhpl44 1324413467
AR mux_b75bc1e5be behavior /scratch/zaki/workspace/pocket_corr/fft_1024ch_core/synth_model/fft_1024ch_core.vhd sub01/vhpl163 1324413586
EN coeff_gen_entity_e9d8c088fa NULL /scratch/zaki/workspace/pocket_corr/fft_1024ch_core/synth_model/fft_1024ch_core.vhd sub04/vhpl422 1324413845
AR mux_4bb6f691f7 behavior /scratch/zaki/workspace/pocket_corr/fft_1024ch_core/synth_model/fft_1024ch_core.vhd sub01/vhpl193 1324413616
EN delay_e18fb31a3d NULL /scratch/zaki/workspace/pocket_corr/fft_1024ch_core/synth_model/fft_1024ch_core.vhd sub02/vhpl250 1324413673
EN relational_78eac2928d NULL /scratch/zaki/workspace/pocket_corr/fft_1024ch_core/synth_model/fft_1024ch_core.vhd sub02/vhpl274 1324413697
EN bmg_33_663a71b1b4ae4b64 NULL /scratch/zaki/workspace/pocket_corr/fft_1024ch_core/synth_model/fft_1024ch_core.vhd sub00/vhpl80 1324413503
EN relational_f6702ea2f7 NULL /scratch/zaki/workspace/pocket_corr/fft_1024ch_core/synth_model/fft_1024ch_core.vhd sub02/vhpl262 1324413685
EN twiddle_general_4mult_entity_51343022cf NULL /scratch/zaki/workspace/pocket_corr/fft_1024ch_core/synth_model/fft_1024ch_core.vhd sub03/vhpl376 1324413799
AR relational_47b317dab6 behavior /scratch/zaki/workspace/pocket_corr/fft_1024ch_core/synth_model/fft_1024ch_core.vhd sub03/vhpl335 1324413758
AR cntr_11_0_8b305ccf84a90afe cntr_11_0_8b305ccf84a90afe_a /scratch/zaki/workspace/pocket_corr/fft_1024ch_core/synth_model/fft_1024ch_core.vhd sub00/vhpl19 1324413442
AR bmg_33_cde5f3f9996c5a95 bmg_33_cde5f3f9996c5a95_a /scratch/zaki/workspace/pocket_corr/fft_1024ch_core/synth_model/fft_1024ch_core.vhd sub00/vhpl29 1324413452
AR delay_b_entity_c5c8113636 structural /scratch/zaki/workspace/pocket_corr/fft_1024ch_core/synth_model/fft_1024ch_core.vhd sub04/vhpl441 1324413864
AR cntr_11_0_8869969bd2303665 cntr_11_0_8869969bd2303665_a /scratch/zaki/workspace/pocket_corr/fft_1024ch_core/synth_model/fft_1024ch_core.vhd sub00/vhpl73 1324413496
AR relational_5f1eb17108 behavior /scratch/zaki/workspace/pocket_corr/fft_1024ch_core/synth_model/fft_1024ch_core.vhd sub02/vhpl235 1324413658
EN butterfly_direct_entity_3dda9f7958 NULL /scratch/zaki/workspace/pocket_corr/fft_1024ch_core/synth_model/fft_1024ch_core.vhd sub03/vhpl378 1324413801
AR bmg_33_872c9d4cc9c41649 bmg_33_872c9d4cc9c41649_a /scratch/zaki/workspace/pocket_corr/fft_1024ch_core/synth_model/fft_1024ch_core.vhd sub00/vhpl05 1324413428
AR addsub_be8c56327e behavior /scratch/zaki/workspace/pocket_corr/fft_1024ch_core/synth_model/fft_1024ch_core.vhd sub02/vhpl209 1324413632
PH conv_pkg NULL /scratch/zaki/workspace/pocket_corr/fft_1024ch_core/synth_model/fft_1024ch_core.vhd sub00/vhpl98 1324413521
EN inverter_e5b38cca3b NULL /scratch/zaki/workspace/pocket_corr/fft_1024ch_core/synth_model/fft_1024ch_core.vhd sub01/vhpl182 1324413605
AR delay_b_entity_2eb241a2dc structural /scratch/zaki/workspace/pocket_corr/fft_1024ch_core/synth_model/fft_1024ch_core.vhd sub04/vhpl465 1324413888
AR bmg_33_663a71b1b4ae4b64 bmg_33_663a71b1b4ae4b64_a /scratch/zaki/workspace/pocket_corr/fft_1024ch_core/synth_model/fft_1024ch_core.vhd sub00/vhpl81 1324413504
AR scale_e5d0b4a1ec behavior /scratch/zaki/workspace/pocket_corr/fft_1024ch_core/synth_model/fft_1024ch_core.vhd sub02/vhpl227 1324413650
EN butterfly_direct_entity_cdabae6b59 NULL /scratch/zaki/workspace/pocket_corr/fft_1024ch_core/synth_model/fft_1024ch_core.vhd sub04/vhpl400 1324413823
AR delay_e18fb31a3d behavior /scratch/zaki/workspace/pocket_corr/fft_1024ch_core/synth_model/fft_1024ch_core.vhd sub02/vhpl251 1324413674
EN constant_4a391b9a0e NULL /scratch/zaki/workspace/pocket_corr/fft_1024ch_core/synth_model/fft_1024ch_core.vhd sub02/vhpl270 1324413693
EN delay_b_entity_997f5eab8a NULL /scratch/zaki/workspace/pocket_corr/fft_1024ch_core/synth_model/fft_1024ch_core.vhd sub03/vhpl392 1324413815
AR twiddle_general_4mult_entity_c73fb03ecd structural /scratch/zaki/workspace/pocket_corr/fft_1024ch_core/synth_model/fft_1024ch_core.vhd sub04/vhpl461 1324413884
EN bmg_33_0bf307740f4c2249 NULL /scratch/zaki/workspace/pocket_corr/fft_1024ch_core/synth_model/fft_1024ch_core.vhd sub00/vhpl74 1324413497
AR synth_reg_w_init structural /scratch/zaki/workspace/pocket_corr/fft_1024ch_core/synth_model/fft_1024ch_core.vhd sub01/vhpl109 1324413532
AR c_to_ri2_entity_f8c56280c8 structural /scratch/zaki/workspace/pocket_corr/fft_1024ch_core/synth_model/fft_1024ch_core.vhd sub03/vhpl371 1324413794
AR constant_0604807f72 behavior /scratch/zaki/workspace/pocket_corr/fft_1024ch_core/synth_model/fft_1024ch_core.vhd sub01/vhpl133 1324413556
AR constant_67ad97ca70 behavior /scratch/zaki/workspace/pocket_corr/fft_1024ch_core/synth_model/fft_1024ch_core.vhd sub03/vhpl317 1324413740
EN single_reg_w_init NULL /scratch/zaki/workspace/pocket_corr/fft_1024ch_core/synth_model/fft_1024ch_core.vhd sub01/vhpl106 1324413529
AR cntr_11_0_78ff46b917fcba28 cntr_11_0_78ff46b917fcba28_a /scratch/zaki/workspace/pocket_corr/fft_1024ch_core/synth_model/fft_1024ch_core.vhd sub00/vhpl39 1324413462
AR cntr_11_0_717486a23436c11d cntr_11_0_717486a23436c11d_a /scratch/zaki/workspace/pocket_corr/fft_1024ch_core/synth_model/fft_1024ch_core.vhd sub00/vhpl27 1324413450
AR synth_reg structural /scratch/zaki/workspace/pocket_corr/fft_1024ch_core/synth_model/fft_1024ch_core.vhd sub01/vhpl103 1324413526
AR relational_931d61fb72 behavior /scratch/zaki/workspace/pocket_corr/fft_1024ch_core/synth_model/fft_1024ch_core.vhd sub03/vhpl303 1324413726
AR butterfly_direct_entity_cdabae6b59 structural /scratch/zaki/workspace/pocket_corr/fft_1024ch_core/synth_model/fft_1024ch_core.vhd sub04/vhpl401 1324413824
EN cntr_11_0_e465b512e9edc7d5 NULL /scratch/zaki/workspace/pocket_corr/fft_1024ch_core/synth_model/fft_1024ch_core.vhd sub00/vhpl08 1324413431
EN fft_1024ch_core_cw NULL /scratch/zaki/workspace/pocket_corr/fft_1024ch_core/synth_model/fft_1024ch_core_cw.vhd sub05/vhpl504 1324413927
EN delay_b_entity_2eb241a2dc NULL /scratch/zaki/workspace/pocket_corr/fft_1024ch_core/synth_model/fft_1024ch_core.vhd sub04/vhpl464 1324413887
EN relational_931d61fb72 NULL /scratch/zaki/workspace/pocket_corr/fft_1024ch_core/synth_model/fft_1024ch_core.vhd sub03/vhpl302 1324413725
EN coeff_gen_entity_a0a7c9af6e NULL /scratch/zaki/workspace/pocket_corr/fft_1024ch_core/synth_model/fft_1024ch_core.vhd sub04/vhpl446 1324413869
AR xlclockdriver behavior /scratch/zaki/workspace/pocket_corr/fft_1024ch_core/synth_model/fft_1024ch_core_cw.vhd sub05/vhpl501 1324413924
AR constant_e8aae5d3bb behavior /scratch/zaki/workspace/pocket_corr/fft_1024ch_core/synth_model/fft_1024ch_core.vhd sub02/vhpl281 1324413704
AR bmg_33_b5a854daeb8f7460 bmg_33_b5a854daeb8f7460_a /scratch/zaki/workspace/pocket_corr/fft_1024ch_core/synth_model/fft_1024ch_core.vhd sub00/vhpl21 1324413444
AR delay_b_entity_997f5eab8a structural /scratch/zaki/workspace/pocket_corr/fft_1024ch_core/synth_model/fft_1024ch_core.vhd sub03/vhpl393 1324413816
EN fft_stage_5_entity_47f5cf444b NULL /scratch/zaki/workspace/pocket_corr/fft_1024ch_core/synth_model/fft_1024ch_core.vhd sub04/vhpl444 1324413867
EN twiddle_pass_through_entity_63f368faa2 NULL /scratch/zaki/workspace/pocket_corr/fft_1024ch_core/synth_model/fft_1024ch_core.vhd sub03/vhpl356 1324413779
EN relational_54048c8b02 NULL /scratch/zaki/workspace/pocket_corr/fft_1024ch_core/synth_model/fft_1024ch_core.vhd sub02/vhpl282 1324413705
EN fft_stage_9_entity_30f5b66e54 NULL /scratch/zaki/workspace/pocket_corr/fft_1024ch_core/synth_model/fft_1024ch_core.vhd sub04/vhpl492 1324413915
AR logical_938d99ac11 behavior /scratch/zaki/workspace/pocket_corr/fft_1024ch_core/synth_model/fft_1024ch_core.vhd sub01/vhpl179 1324413602
EN counter_9b03e3d644 NULL /scratch/zaki/workspace/pocket_corr/fft_1024ch_core/synth_model/fft_1024ch_core.vhd sub02/vhpl238 1324413661
EN constant_469094441c NULL /scratch/zaki/workspace/pocket_corr/fft_1024ch_core/synth_model/fft_1024ch_core.vhd sub03/vhpl330 1324413753
EN mux_28159dbdb9 NULL /scratch/zaki/workspace/pocket_corr/fft_1024ch_core/synth_model/fft_1024ch_core.vhd sub01/vhpl186 1324413609
EN dmg_43_2ed32a2fd073c158 NULL /scratch/zaki/workspace/pocket_corr/fft_1024ch_core/synth_model/fft_1024ch_core.vhd sub00/vhpl16 1324413439
AR relational_b4b277ae0f behavior /scratch/zaki/workspace/pocket_corr/fft_1024ch_core/synth_model/fft_1024ch_core.vhd sub01/vhpl147 1324413570
AR constant_498bc68c14 behavior /scratch/zaki/workspace/pocket_corr/fft_1024ch_core/synth_model/fft_1024ch_core.vhd sub01/vhpl161 1324413584
EN coeff_gen_entity_ac97b0964d NULL /scratch/zaki/workspace/pocket_corr/fft_1024ch_core/synth_model/fft_1024ch_core.vhd sub03/vhpl374 1324413797
AR cntr_11_0_ae406e50e98e0e45 cntr_11_0_ae406e50e98e0e45_a /scratch/zaki/workspace/pocket_corr/fft_1024ch_core/synth_model/fft_1024ch_core.vhd sub00/vhpl85 1324413508
EN butterfly_direct_entity_fd702b3dc4 NULL /scratch/zaki/workspace/pocket_corr/fft_1024ch_core/synth_model/fft_1024ch_core.vhd sub04/vhpl438 1324413861
EN cntr_11_0_78ff46b917fcba28 NULL /scratch/zaki/workspace/pocket_corr/fft_1024ch_core/synth_model/fft_1024ch_core.vhd sub00/vhpl38 1324413461
EN constant_582a3706dd NULL /scratch/zaki/workspace/pocket_corr/fft_1024ch_core/synth_model/fft_1024ch_core.vhd sub03/vhpl306 1324413729
AR coeff_gen_entity_36efec2b27 structural /scratch/zaki/workspace/pocket_corr/fft_1024ch_core/synth_model/fft_1024ch_core.vhd sub03/vhpl387 1324413810
AR addsub_c01f39127c behavior /scratch/zaki/workspace/pocket_corr/fft_1024ch_core/synth_model/fft_1024ch_core.vhd sub02/vhpl221 1324413644
AR twiddle_general_4mult_entity_bbcb5a43d0 structural /scratch/zaki/workspace/pocket_corr/fft_1024ch_core/synth_model/fft_1024ch_core.vhd sub04/vhpl449 1324413872
AR constant_b437b02512 behavior /scratch/zaki/workspace/pocket_corr/fft_1024ch_core/synth_model/fft_1024ch_core.vhd sub02/vhpl277 1324413700
EN cntr_11_0_50b12e24f99f1fa1 NULL /scratch/zaki/workspace/pocket_corr/fft_1024ch_core/synth_model/fft_1024ch_core.vhd sub00/vhpl30 1324413453
AR coeff_gen_entity_2727609715 structural /scratch/zaki/workspace/pocket_corr/fft_1024ch_core/synth_model/fft_1024ch_core.vhd sub04/vhpl459 1324413882
AR constant_961b61f8a1 behavior /scratch/zaki/workspace/pocket_corr/fft_1024ch_core/synth_model/fft_1024ch_core.vhd sub03/vhpl301 1324413724
